Component: ARM Compiler 5.06 update 5 (build 528) Tool: armlink [4d35e2]

==============================================================================

Section Cross References

    startup_stm32f407xx.o(RESET) refers to startup_stm32f407xx.o(STACK) for __initial_sp
    startup_stm32f407xx.o(RESET) refers to startup_stm32f407xx.o(.text) for Reset_Handler
    startup_stm32f407xx.o(RESET) refers to stm32f4xx_it.o(i.NMI_Handler) for NMI_Handler
    startup_stm32f407xx.o(RESET) refers to stm32f4xx_it.o(i.HardFault_Handler) for HardFault_Handler
    startup_stm32f407xx.o(RESET) refers to stm32f4xx_it.o(i.MemManage_Handler) for MemManage_Handler
    startup_stm32f407xx.o(RESET) refers to stm32f4xx_it.o(i.BusFault_Handler) for BusFault_Handler
    startup_stm32f407xx.o(RESET) refers to stm32f4xx_it.o(i.UsageFault_Handler) for UsageFault_Handler
    startup_stm32f407xx.o(RESET) refers to stm32f4xx_it.o(i.SVC_Handler) for SVC_Handler
    startup_stm32f407xx.o(RESET) refers to stm32f4xx_it.o(i.DebugMon_Handler) for DebugMon_Handler
    startup_stm32f407xx.o(RESET) refers to stm32f4xx_it.o(i.PendSV_Handler) for PendSV_Handler
    startup_stm32f407xx.o(RESET) refers to stm32f4xx_it.o(i.SysTick_Handler) for SysTick_Handler
    startup_stm32f407xx.o(RESET) refers to stm32f4xx_it.o(i.USART1_IRQHandler) for USART1_IRQHandler
    startup_stm32f407xx.o(RESET) refers to stm32f4xx_it.o(i.TIM8_TRG_COM_TIM14_IRQHandler) for TIM8_TRG_COM_TIM14_IRQHandler
    startup_stm32f407xx.o(RESET) refers to stm32f4xx_it.o(i.OTG_FS_IRQHandler) for OTG_FS_IRQHandler
    startup_stm32f407xx.o(.text) refers to system_stm32f4xx_1.o(i.SystemInit) for SystemInit
    startup_stm32f407xx.o(.text) refers to entry.o(.ARM.Collect$$$$00000000) for __main
    bootloader.o(i.BootloaderErrorInterFunc) refers to stm32f4xx_hal_iwdg.o(i.HAL_IWDG_Refresh) for HAL_IWDG_Refresh
    bootloader.o(i.BootloaderErrorInterFunc) refers to stm32f4xx_hal.o(i.HAL_Delay) for HAL_Delay
    bootloader.o(i.BootloaderErrorInterFunc) refers to iwdg.o(.bss) for hiwdg
    bootloader.o(i.Bootloader_Init) refers to bootloader.o(i.ResetAll) for ResetAll
    bootloader.o(i.CheckAndUpdateWatchdog) refers to stm32f4xx_hal_iwdg.o(i.HAL_IWDG_Refresh) for HAL_IWDG_Refresh
    bootloader.o(i.CheckAndUpdateWatchdog) refers to iwdg.o(.bss) for hiwdg
    bootloader.o(i.CopyBtoA) refers to bootloader.o(i.FlashErase) for FlashErase
    bootloader.o(i.CopyBtoA) refers to bootloader.o(i.Send_BootloaderPacket) for Send_BootloaderPacket
    bootloader.o(i.CopyBtoA) refers to stm32f4xx_hal_flash.o(i.HAL_FLASH_Unlock) for HAL_FLASH_Unlock
    bootloader.o(i.CopyBtoA) refers to stm32f4xx_hal_flash.o(i.HAL_FLASH_Program) for HAL_FLASH_Program
    bootloader.o(i.CopyBtoA) refers to stm32f4xx_hal_flash.o(i.HAL_FLASH_Lock) for HAL_FLASH_Lock
    bootloader.o(i.CopyBtoA) refers to bootloader.o(i.CalculateCRC32) for CalculateCRC32
    bootloader.o(i.CopyBtoA) refers to bootloader.o(i.print_uint32_with_label) for print_uint32_with_label
    bootloader.o(i.CopyBtoA) refers to bootloader.o(i.BootloaderErrorInterFunc) for BootloaderErrorInterFunc
    bootloader.o(i.CopyBtoA) refers to global_variables.o(.data) for AllBootloaderRunStates
    bootloader.o(i.CopyBtoA) refers to global_variables.o(.data) for AllCMDs
    bootloader.o(i.Download_Flash) refers to stm32f4xx_hal_flash.o(i.HAL_FLASH_Unlock) for HAL_FLASH_Unlock
    bootloader.o(i.Download_Flash) refers to stm32f4xx_hal_flash.o(i.HAL_FLASH_Program) for HAL_FLASH_Program
    bootloader.o(i.Download_Flash) refers to bootloader.o(i.Send_BootloaderPacket) for Send_BootloaderPacket
    bootloader.o(i.Download_Flash) refers to stm32f4xx_hal_flash.o(i.HAL_FLASH_Lock) for HAL_FLASH_Lock
    bootloader.o(i.Download_Flash) refers to global_variables.o(.data) for received_data_size
    bootloader.o(i.Download_Flash) refers to global_variables.o(.data) for total_received_data_size
    bootloader.o(i.Download_Flash) refers to global_variables.o(.data) for last_byte_flag
    bootloader.o(i.Download_Flash) refers to global_variables.o(.data) for AllBootloaderRunStates
    bootloader.o(i.Download_Flash) refers to global_variables.o(.data) for written_data_size
    bootloader.o(i.Download_Flash) refers to global_variables.o(.data) for total_written_data_size
    bootloader.o(i.Download_Flash) refers to global_variables.o(.bss) for data_buffer
    bootloader.o(i.Download_Flash) refers to global_variables.o(.data) for last_byte
    bootloader.o(i.Download_Flash) refers to bootloader.o(.data) for .data
    bootloader.o(i.Download_Flash) refers to global_variables.o(.data) for flash_offset
    bootloader.o(i.Download_Flash) refers to global_variables.o(.data) for AllCMDs
    bootloader.o(i.Download_Flash) refers to global_variables.o(.data) for is_data_buffer_full
    bootloader.o(i.Download_Flash) refers to global_variables.o(.data) for data_buffer_offset
    bootloader.o(i.FeedIwdg) refers to stm32f4xx_hal_iwdg.o(i.HAL_IWDG_Refresh) for HAL_IWDG_Refresh
[...]
    i.USBD_LL_Suspend                        0x08003e74   Section        0  usbd_core.o(i.USBD_LL_Suspend)
    i.USBD_LL_Transmit                       0x08003e8e   Section        0  usbd_conf.o(i.USBD_LL_Transmit)
    i.USBD_ParseSetupRequest                 0x08003ea0   Section        0  usbd_ctlreq.o(i.USBD_ParseSetupRequest)
    i.USBD_RegisterClass                     0x08003ecc   Section        0  usbd_core.o(i.USBD_RegisterClass)
    i.USBD_SetClassConfig                    0x08003f06   Section        0  usbd_core.o(i.USBD_SetClassConfig)
    i.USBD_SetConfig                         0x08003f1c   Section        0  usbd_ctlreq.o(i.USBD_SetConfig)
    USBD_SetConfig                           0x08003f1d   Thumb Code   180  usbd_ctlreq.o(i.USBD_SetConfig)
    i.USBD_Start                             0x08003fd4   Section        0  usbd_core.o(i.USBD_Start)
    i.USBD_StdDevReq                         0x08003fd8   Section        0  usbd_ctlreq.o(i.USBD_StdDevReq)
    i.USBD_StdEPReq                          0x08004104   Section        0  usbd_ctlreq.o(i.USBD_StdEPReq)
    i.USBD_StdItfReq                         0x0800426a   Section        0  usbd_ctlreq.o(i.USBD_StdItfReq)
    i.USBD_static_free                       0x080042dc   Section        0  usbd_conf.o(i.USBD_static_free)
    i.USBD_static_malloc                     0x080042e0   Section        0  usbd_conf.o(i.USBD_static_malloc)
    i.USB_ActivateEndpoint                   0x080042e8   Section        0  stm32f4xx_ll_usb.o(i.USB_ActivateEndpoint)
    i.USB_ActivateSetup                      0x08004368   Section        0  stm32f4xx_ll_usb.o(i.USB_ActivateSetup)
    i.USB_CoreInit                           0x08004384   Section        0  stm32f4xx_ll_usb.o(i.USB_CoreInit)
    i.USB_CoreReset                          0x08004408   Section        0  stm32f4xx_ll_usb.o(i.USB_CoreReset)
    USB_CoreReset                            0x08004409   Thumb Code    68  stm32f4xx_ll_usb.o(i.USB_CoreReset)
    i.USB_DeactivateEndpoint                 0x0800444c   Section        0  stm32f4xx_ll_usb.o(i.USB_DeactivateEndpoint)
    i.USB_DevConnect                         0x08004518   Section        0  stm32f4xx_ll_usb.o(i.USB_DevConnect)
    i.USB_DevDisconnect                      0x08004534   Section        0  stm32f4xx_ll_usb.o(i.USB_DevDisconnect)
    i.USB_DevInit                            0x08004550   Section        0  stm32f4xx_ll_usb.o(i.USB_DevInit)
    i.USB_DisableGlobalInt                   0x080046cc   Section        0  stm32f4xx_ll_usb.o(i.USB_DisableGlobalInt)
    i.USB_EP0_OutStart                       0x080046d8   Section        0  stm32f4xx_ll_usb.o(i.USB_EP0_OutStart)
    i.USB_EPClearStall                       0x08004730   Section        0  stm32f4xx_ll_usb.o(i.USB_EPClearStall)
    i.USB_EPSetStall                         0x08004788   Section        0  stm32f4xx_ll_usb.o(i.USB_EPSetStall)
    i.USB_EPStartXfer                        0x080047e0   Section        0  stm32f4xx_ll_usb.o(i.USB_EPStartXfer)
    i.USB_EPStopXfer                         0x08004a18   Section        0  stm32f4xx_ll_usb.o(i.USB_EPStopXfer)
    i.USB_EnableGlobalInt                    0x08004ab6   Section        0  stm32f4xx_ll_usb.o(i.USB_EnableGlobalInt)
    i.USB_FlushRxFifo                        0x08004ac2   Section        0  stm32f4xx_ll_usb.o(i.USB_FlushRxFifo)
    i.USB_FlushTxFifo                        0x08004afa   Section        0  stm32f4xx_ll_usb.o(i.USB_FlushTxFifo)
    i.USB_GetDevSpeed                        0x08004b36   Section        0  stm32f4xx_ll_usb.o(i.USB_GetDevSpeed)
    i.USB_GetMode                            0x08004b50   Section        0  stm32f4xx_ll_usb.o(i.USB_GetMode)
    i.USB_ReadDevAllInEpInterrupt            0x08004b58   Section        0  stm32f4xx_ll_usb.o(i.USB_ReadDevAllInEpInterrupt)
    i.USB_ReadDevAllOutEpInterrupt           0x08004b66   Section        0  stm32f4xx_ll_usb.o(i.USB_ReadDevAllOutEpInterrupt)
    i.USB_ReadDevInEPInterrupt               0x08004b74   Section        0  stm32f4xx_ll_usb.o(i.USB_ReadDevInEPInterrupt)
    i.USB_ReadDevOutEPInterrupt              0x08004b98   Section        0  stm32f4xx_ll_usb.o(i.USB_ReadDevOutEPInterrupt)
    i.USB_ReadInterrupts                     0x08004ba8   Section        0  stm32f4xx_ll_usb.o(i.USB_ReadInterrupts)
    i.USB_ReadPacket                         0x08004bb0   Section        0  stm32f4xx_ll_usb.o(i.USB_ReadPacket)
    i.USB_SetCurrentMode                     0x08004bee   Section        0  stm32f4xx_ll_usb.o(i.USB_SetCurrentMode)
    i.USB_SetDevAddress                      0x08004c4a   Section        0  stm32f4xx_ll_usb.o(i.USB_SetDevAddress)
    i.USB_SetTurnaroundTime                  0x08004c6c   Section        0  stm32f4xx_ll_usb.o(i.USB_SetTurnaroundTime)
    i.USB_WritePacket                        0x08004d54   Section        0  stm32f4xx_ll_usb.o(i.USB_WritePacket)
    i.UsageFault_Handler                     0x08004d7c   Section        0  stm32f4xx_it.o(i.UsageFault_Handler)
    i.__0sprintf$8                           0x08004d80   Section        0  printf8.o(i.__0sprintf$8)
    i.__NVIC_SetPriority                     0x08004da8   Section        0  stm32f4xx_hal_cortex.o(i.__NVIC_SetPriority)
    __NVIC_SetPriority                       0x08004da9   Thumb Code    32  stm32f4xx_hal_cortex.o(i.__NVIC_SetPriority)
    i.__scatterload_copy                     0x08004dc8   Section       14  handlers.o(i.__scatterload_copy)
    i.__scatterload_null                     0x08004dd6   Section        2  handlers.o(i.__scatterload_null)
    i.__scatterload_zeroinit                 0x08004dd8   Section       14  handlers.o(i.__scatterload_zeroinit)
    i._printf_core                           0x08004de8   Section        0  printf8.o(i._printf_core)
    _printf_core                             0x08004de9   Thumb Code   996  printf8.o(i._printf_core)
    i._printf_post_padding                   0x080051f8   Section        0  printf8.o(i._printf_post_padding)
    _printf_post_padding                     0x080051f9   Thumb Code    36  printf8.o(i._printf_post_padding)
    i._printf_pre_padding                    0x0800521c   Section        0  printf8.o(i._printf_pre_padding)
    _printf_pre_padding                      0x0800521d   Thumb Code    46  printf8.o(i._printf_pre_padding)
    i._sputc                                 0x0800524a   Section        0  printf8.o(i._sputc)
    _sputc                                   0x0800524b   Thumb Code    10  printf8.o(i._sputc)
    i.main                                   0x08005254   Section        0  main.o(i.main)
    i.print_uint32_with_label                0x0800547c   Section        0  bootloader.o(i.print_uint32_with_label)
    .constdata                               0x080054c4   Section       96  bootloader.o(.constdata)
    SectorStartAddresses                     0x080054c4   Data          32  bootloader.o(.constdata)
    SectorSizes                              0x080054e4   Data          32  bootloader.o(.constdata)
    HalSectorNumbers                         0x08005504   Data          32  bootloader.o(.constdata)
    .constdata                               0x08005524   Section       16  system_stm32f4xx_1.o(.constdata)
    .constdata                               0x08005534   Section        8  system_stm32f4xx_1.o(.constdata)
    .data                                    0x20000000   Section        8  bootloader.o(.data)
    .data                                    0x20000008   Section        2  global_variables.o(.data)
    .data                                    0x2000000a   Section        2  global_variables.o(.data)
    .data                                    0x2000000c   Section        4  global_variables.o(.data)
    .data                                    0x20000010   Section        2  global_variables.o(.data)
    .data                                    0x20000014   Section        4  global_variables.o(.data)
    .data                                    0x20000018   Section        2  global_variables.o(.data)
    .data                                    0x2000001c   Section        4  global_variables.o(.data)
    .data                                    0x20000020   Section        4  global_variables.o(.data)
    .data                                    0x20000024   Section        1  global_variables.o(.data)
    .data                                    0x20000025   Section        1  global_variables.o(.data)
    .data                                    0x20000026   Section        1  global_variables.o(.data)
    .data                                    0x20000028   Section        2  global_variables.o(.data)
    .data                                    0x2000002a   Section        1  global_variables.o(.data)
    .data                                    0x2000002b   Section        1  global_variables.o(.data)
    .data                                    0x2000002c   Section        1  global_variables.o(.data)
    .data                                    0x2000002e   Section        2  global_variables.o(.data)
    .data                                    0x20000030   Section        4  global_variables.o(.data)
    .data                                    0x20000034   Section        4  global_variables.o(.data)
    .data                                    0x20000038   Section        6  global_variables.o(.data)
    .data                                    0x20000040   Section       12  global_variables.o(.data)
    .data                                    0x2000004c   Section        4  global_variables.o(.data)
    .data                                    0x20000050   Section        8  global_variables.o(.data)
    .data                                    0x20000058   Section        2  global_variables.o(.data)
    .data                                    0x2000005c   Section       28  usbd_desc.o(.data)
    .data                                    0x20000078   Section       50  usbd_desc.o(.data)
    .data                                    0x200000ac   Section       20  usbd_cdc_if.o(.data)
    .data                                    0x200000c0   Section       32  stm32f4xx_hal_flash.o(.data)
    .data                                    0x200000e0   Section       12  stm32f4xx_hal.o(.data)
    .data                                    0x200000ec   Section        4  system_stm32f4xx_1.o(.data)
    .data                                    0x200000f0   Section        1  usbd_ctlreq.o(.data)
    cfgidx                                   0x200000f0   Data           1  usbd_ctlreq.o(.data)
    .data                                    0x200000f4   Section       83  usbd_cdc.o(.data)
    CDCInEpAdd                               0x200000f4   Data           1  usbd_cdc.o(.data)
    CDCOutEpAdd                              0x200000f5   Data           1  usbd_cdc.o(.data)
    CDCCmdEpAdd                              0x200000f6   Data           1  usbd_cdc.o(.data)
    USBD_CDC_DeviceQualifierDesc             0x200000f8   Data          10  usbd_cdc.o(.data)
    USBD_CDC_CfgDesc                         0x20000104   Data          67  usbd_cdc.o(.data)
    .data                                    0x20000148   Section       56  usbd_cdc.o(.data)
    .bss                                     0x20000180   Section      612  global_variables.o(.bss)
    .bss                                     0x200003e4   Section     2048  global_variables.o(.bss)
    .bss                                     0x20000be4   Section     2048  global_variables.o(.bss)
    .bss                                     0x200013e4   Section       12  iwdg.o(.bss)
    .bss                                     0x200013f0   Section       88  spi.o(.bss)
    .bss                                     0x20001448   Section       72  tim.o(.bss)
    .bss                                     0x20001490   Section       72  usart.o(.bss)
    .bss                                     0x200014d8   Section      732  usb_device.o(.bss)
    .bss                                     0x200017b4   Section      512  usbd_desc.o(.bss)
    .bss                                     0x200019b4   Section     1796  usbd_conf.o(.bss)
    mem                                      0x200019b4   Data         544  usbd_conf.o(.bss)
    STACK                                    0x200020b8   Section     1024  startup_stm32f407xx.o(STACK)

    Global Symbols

    Symbol Name                              Value     Ov Type        Size  Object(Section)

    BuildAttributes$$THM_ISAv4$E$P$D$K$B$S$7EM$VFPi3$EXTD16$VFPS$VFMA$PE$A:L22UL41UL21$X:L11$S22US41US21$IEEE1$IW$USESV6$~STKCKD$USESV7$~SHL$OSPACE$ROPI$EBA8$MICROLIB$REQ8$PRES8$EABIv2 0x00000000   Number         0  anon$$obj.o ABSOLUTE
    __ARM_use_no_argv                        0x00000000   Number         0  main.o ABSOLUTE
    _printf_a                                0x00000000   Number         0  stubs.o ABSOLUTE
    _printf_c                                0x00000000   Number         0  stubs.o ABSOLUTE
    _printf_charcount                        0x00000000   Number         0  stubs.o ABSOLUTE
    _printf_d                                0x00000000   Number         0  stubs.o ABSOLUTE
    _printf_e                                0x00000000   Number         0  stubs.o ABSOLUTE
    _printf_f                                0x00000000   Number         0  stubs.o ABSOLUTE
    _printf_flags                            0x00000000   Number         0  stubs.o ABSOLUTE
    _printf_fp_dec                           0x00000000   Number         0  stubs.o ABSOLUTE
    _printf_fp_hex                           0x00000000   Number         0  stubs.o ABSOLUTE
    _printf_g                                0x00000000   Number         0  stubs.o ABSOLUTE
    _printf_i                                0x00000000   Number         0  stubs.o ABSOLUTE
    _printf_int_dec                          0x00000000   Number         0  stubs.o ABSOLUTE
    _printf_l                                0x00000000   Number         0  stubs.o ABSOLUTE
    _printf_lc                               0x00000000   Number         0  stubs.o ABSOLUTE
    _printf_ll                               0x00000000   Number         0  stubs.o ABSOLUTE
    _printf_lld                              0x00000000   Number         0  stubs.o ABSOLUTE
    _printf_lli                              0x00000000   Number         0  stubs.o ABSOLUTE
    _printf_llo                              0x00000000   Number         0  stubs.o ABSOLUTE
    _printf_llu                              0x00000000   Number         0  stubs.o ABSOLUTE
    _printf_llx                              0x00000000   Number         0  stubs.o ABSOLUTE
    _printf_longlong_dec                     0x00000000   Number         0  stubs.o ABSOLUTE
    _printf_longlong_hex                     0x00000000   Number         0  stubs.o ABSOLUTE
    _printf_longlong_oct                     0x00000000   Number         0  stubs.o ABSOLUTE
    _printf_ls                               0x00000000   Number         0  stubs.o ABSOLUTE
    _printf_mbtowc                           0x00000000   Number         0  stubs.o ABSOLUTE
    _printf_n                                0x00000000   Number         0  stubs.o ABSOLUTE
    _printf_o                                0x00000000   Number         0  stubs.o ABSOLUTE
    _printf_p                                0x00000000   Number         0  stubs.o ABSOLUTE
    _printf_percent                          0x00000000   Number         0  stubs.o ABSOLUTE
    _printf_pre_padding                      0x00000000   Number         0  stubs.o ABSOLUTE
    _printf_return_value                     0x00000000   Number         0  stubs.o ABSOLUTE
    _printf_s                                0x00000000   Number         0  stubs.o ABSOLUTE
    _printf_sizespec                         0x00000000   Number         0  stubs.o ABSOLUTE
    _printf_str                              0x00000000   Number         0  stubs.o ABSOLUTE
    _printf_truncate_signed                  0x00000000   Number         0  stubs.o ABSOLUTE
    _printf_truncate_unsigned                0x00000000   Number         0  stubs.o ABSOLUTE
    _printf_u                                0x00000000   Number         0  stubs.o ABSOLUTE
    _printf_wc                               0x00000000   Number         0  stubs.o ABSOLUTE
    _printf_wctomb                           0x00000000   Number         0  stubs.o ABSOLUTE
    _printf_widthprec                        0x00000000   Number         0  stubs.o ABSOLUTE
    _printf_x                                0x00000000   Number         0  stubs.o ABSOLUTE
    __cpp_initialize__aeabi_                  - Undefined Weak Reference
    __cxa_finalize                            - Undefined Weak Reference
    _clock_init                               - Undefined Weak Reference
    _microlib_exit                            - Undefined Weak Reference
    __Vectors_Size                           0x00000188   Number         0  startup_stm32f407xx.o ABSOLUTE
    __Vectors                                0x08000000   Data           4  startup_stm32f407xx.o(RESET)
    __Vectors_End                            0x08000188   Data           0  startup_stm32f407xx.o(RESET)
    __main                                   0x08000189   Thumb Code     0  entry.o(.ARM.Collect$$$$00000000)
    _main_stk                                0x08000189   Thumb Code     0  entry2.o(.ARM.Collect$$$$00000001)
    _main_scatterload                        0x0800018d   Thumb Code     0  entry5.o(.ARM.Collect$$$$00000004)
    __main_after_scatterload                 0x08000191   Thumb Code     0  entry5.o(.ARM.Collect$$$$00000004)
    _main_clock                              0x08000191   Thumb Code     0  entry7b.o(.ARM.Collect$$$$00000008)
    _main_cpp_init                           0x08000191   Thumb Code     0  entry8b.o(.ARM.Collect$$$$0000000A)
    _main_init                               0x08000191   Thumb Code     0  entry9a.o(.ARM.Collect$$$$0000000B)
    __rt_final_cpp                           0x08000199   Thumb Code     0  entry10a.o(.ARM.Collect$$$$0000000D)
    __rt_final_exit                          0x08000199   Thumb Code     0  entry11a.o(.ARM.Collect$$$$0000000F)
    Reset_Handler                            0x0800019d   Thumb Code     8  startup_stm32f407xx.o(.text)
    ADC_IRQHandler                           0x080001b7   Thumb Code     0  startup_stm32f407xx.o(.text)
    CAN1_RX0_IRQHandler                      0x080001b7   Thumb Code     0  startup_stm32f407xx.o(.text)
    CAN1_RX1_IRQHandler                      0x080001b7   Thumb Code     0  startup_stm32f407xx.o(.text)
    CAN1_SCE_IRQHandler                      0x080001b7   Thumb Code     0  startup_stm32f407xx.o(.text)
    CAN1_TX_IRQHandler                       0x080001b7   Thumb Code     0  startup_stm32f407xx.o(.text)
    CAN2_RX0_IRQHandler                      0x080001b7   Thumb Code     0  startup_stm32f407xx.o(.text)
    CAN2_RX1_IRQHandler                      0x080001b7   Thumb Code     0  startup_stm32f407xx.o(.text)
    CAN2_SCE_IRQHandler                      0x080001b7   Thumb Code     0  startup_stm32f407xx.o(.text)
    CAN2_TX_IRQHandler                       0x080001b7   Thumb Code     0  startup_stm32f407xx.o(.text)
    DCMI_IRQHandler                          0x080001b7   Thumb Code     0  startup_stm32f407xx.o(.text)
    DMA1_Stream0_IRQHandler                  0x080001b7   Thumb Code     0  startup_stm32f407xx.o(.text)
    DMA1_Stream1_IRQHandler                  0x080001b7   Thumb Code     0  startup_stm32f407xx.o(.text)
    DMA1_Stream2_IRQHandler                  0x080001b7   Thumb Code     0  startup_stm32f407xx.o(.text)
    DMA1_Stream3_IRQHandler                  0x080001b7   Thumb Code     0  startup_stm32f407xx.o(.text)
    DMA1_Stream4_IRQHandler                  0x080001b7   Thumb Code     0  startup_stm32f407xx.o(.text)
    DMA1_Stream5_IRQHandler                  0x080001b7   Thumb Code     0  startup_stm32f407xx.o(.text)
    DMA1_Stream6_IRQHandler                  0x080001b7   Thumb Code     0  startup_stm32f407xx.o(.text)
    DMA1_Stream7_IRQHandler                  0x080001b7   Thumb Code     0  startup_stm32f407xx.o(.text)
    DMA2_Stream0_IRQHandler                  0x080001b7   Thumb Code     0  startup_stm32f407xx.o(.text)
    DMA2_Stream1_IRQHandler                  0x080001b7   Thumb Code     0  startup_stm32f407xx.o(.text)
    DMA2_Stream2_IRQHandler                  0x080001b7   Thumb Code     0  startup_stm32f407xx.o(.text)
    DMA2_Stream3_IRQHandler                  0x080001b7   Thumb Code     0  startup_stm32f407xx.o(.text)
    DMA2_Stream4_IRQHandler                  0x080001b7   Thumb Code     0  startup_stm32f407xx.o(.text)
    DMA2_Stream5_IRQHandler                  0x080001b7   Thumb Code     0  startup_stm32f407xx.o(.text)
    DMA2_Stream6_IRQHandler                  0x080001b7   Thumb Code     0  startup_stm32f407xx.o(.text)
    DMA2_Stream7_IRQHandler                  0x080001b7   Thumb Code     0  startup_stm32f407xx.o(.text)
    ETH_IRQHandler                           0x080001b7   Thumb Code     0  startup_stm32f407xx.o(.text)
    ETH_WKUP_IRQHandler                      0x080001b7   Thumb Code     0  startup_stm32f407xx.o(.text)
    EXTI0_IRQHandler                         0x080001b7   Thumb Code     0  startup_stm32f407xx.o(.text)
    EXTI15_10_IRQHandler                     0x080001b7   Thumb Code     0  startup_stm32f407xx.o(.text)
    EXTI1_IRQHandler                         0x080001b7   Thumb Code     0  startup_stm32f407xx.o(.text)
    EXTI2_IRQHandler                         0x080001b7   Thumb Code     0  startup_stm32f407xx.o(.text)
    EXTI3_IRQHandler                         0x080001b7   Thumb Code     0  startup_stm32f407xx.o(.text)
    EXTI4_IRQHandler                         0x080001b7   Thumb Code     0  startup_stm32f407xx.o(.text)
    EXTI9_5_IRQHandler                       0x080001b7   Thumb Code     0  startup_stm32f407xx.o(.text)
    FLASH_IRQHandler                         0x080001b7   Thumb Code     0  startup_stm32f407xx.o(.text)
    FMC_IRQHandler                           0x080001b7   Thumb Code     0  startup_stm32f407xx.o(.text)
    FPU_IRQHandler                           0x080001b7   Thumb Code     0  startup_stm32f407xx.o(.text)
    HASH_RNG_IRQHandler                      0x080001b7   Thumb Code     0  startup_stm32f407xx.o(.text)
    I2C1_ER_IRQHandler                       0x080001b7   Thumb Code     0  startup_stm32f407xx.o(.text)
    I2C1_EV_IRQHandler                       0x080001b7   Thumb Code     0  startup_stm32f407xx.o(.text)
    I2C2_ER_IRQHandler                       0x080001b7   Thumb Code     0  startup_stm32f407xx.o(.text)
    I2C2_EV_IRQHandler                       0x080001b7   Thumb Code     0  startup_stm32f407xx.o(.text)
    I2C3_ER_IRQHandler                       0x080001b7   Thumb Code     0  startup_stm32f407xx.o(.text)
    I2C3_EV_IRQHandler                       0x080001b7   Thumb Code     0  startup_stm32f407xx.o(.text)
    OTG_FS_WKUP_IRQHandler                   0x080001b7   Thumb Code     0  startup_stm32f407xx.o(.text)
    OTG_HS_EP1_IN_IRQHandler                 0x080001b7   Thumb Code     0  startup_stm32f407xx.o(.text)
    OTG_HS_EP1_OUT_IRQHandler                0x080001b7   Thumb Code     0  startup_stm32f407xx.o(.text)
    OTG_HS_IRQHandler                        0x080001b7   Thumb Code     0  startup_stm32f407xx.o(.text)
    OTG_HS_WKUP_IRQHandler                   0x080001b7   Thumb Code     0  startup_stm32f407xx.o(.text)
    PVD_IRQHandler                           0x080001b7   Thumb Code     0  startup_stm32f407xx.o(.text)
    RCC_IRQHandler                           0x080001b7   Thumb Code     0  startup_stm32f407xx.o(.text)
    RTC_Alarm_IRQHandler                     0x080001b7   Thumb Code     0  startup_stm32f407xx.o(.text)
    RTC_WKUP_IRQHandler                      0x080001b7   Thumb Code     0  startup_stm32f407xx.o(.text)
    SDIO_IRQHandler                          0x080001b7   Thumb Code     0  startup_stm32f407xx.o(.text)
    SPI1_IRQHandler                          0x080001b7   Thumb Code     0  startup_stm32f407xx.o(.text)
    SPI2_IRQHandler                          0x080001b7   Thumb Code     0  startup_stm32f407xx.o(.text)
    SPI3_IRQHandler                          0x080001b7   Thumb Code     0  startup_stm32f407xx.o(.text)
    TAMP_STAMP_IRQHandler                    0x080001b7   Thumb Code     0  startup_stm32f407xx.o(.text)
    TIM1_BRK_TIM9_IRQHandler                 0x080001b7   Thumb Code     0  startup_stm32f407xx.o(.text)
    TIM1_CC_IRQHandler                       0x080001b7   Thumb Code     0  startup_stm32f407xx.o(.text)
    TIM1_TRG_COM_TIM11_IRQHandler            0x080001b7   Thumb Code     0  startup_stm32f407xx.o(.text)
    TIM1_UP_TIM10_IRQHandler                 0x080001b7   Thumb Code     0  startup_stm32f407xx.o(.text)
    TIM2_IRQHandler                          0x080001b7   Thumb Code     0  startup_stm32f407xx.o(.text)
    TIM3_IRQHandler                          0x080001b7   Thumb Code     0  startup_stm32f407xx.o(.text)
    TIM4_IRQHandler                          0x080001b7   Thumb Code     0  startup_stm32f407xx.o(.text)
    TIM5_IRQHandler                          0x080001b7   Thumb Code     0  startup_stm32f407xx.o(.text)
    TIM6_DAC_IRQHandler                      0x080001b7   Thumb Code     0  startup_stm32f407xx.o(.text)
    TIM7_IRQHandler                          0x080001b7   Thumb Code     0  startup_stm32f407xx.o(.text)
    TIM8_BRK_TIM12_IRQHandler                0x080001b7   Thumb Code     0  startup_stm32f407xx.o(.text)
    TIM8_CC_IRQHandler                       0x080001b7   Thumb Code     0  startup_stm32f407xx.o(.text)
    TIM8_UP_TIM13_IRQHandler                 0x080001b7   Thumb Code     0  startup_stm32f407xx.o(.text)
    UART4_IRQHandler                         0x080001b7   Thumb Code     0  startup_stm32f407xx.o(.text)
    UART5_IRQHandler                         0x080001b7   Thumb Code     0  startup_stm32f407xx.o(.text)
    USART2_IRQHandler                        0x080001b7   Thumb Code     0  startup_stm32f407xx.o(.text)
    USART3_IRQHandler                        0x080001b7   Thumb Code     0  startup_stm32f407xx.o(.text)
    USART6_IRQHandler                        0x080001b7   Thumb Code     0  startup_stm32f407xx.o(.text)
    WWDG_IRQHandler                          0x080001b7   Thumb Code     0  startup_stm32f407xx.o(.text)
    __aeabi_uldivmod                         0x080001c1   Thumb Code    98  uldiv.o(.text)
    __aeabi_memset                           0x08000223   Thumb Code    14  memseta.o(.text)
    __aeabi_memset4                          0x08000223   Thumb Code     0  memseta.o(.text)
    __aeabi_memset8                          0x08000223   Thumb Code     0  memseta.o(.text)
    __aeabi_memclr                           0x08000231   Thumb Code     4  memseta.o(.text)
    __aeabi_memclr4                          0x08000231   Thumb Code     0  memseta.o(.text)
    __aeabi_memclr8                          0x08000231   Thumb Code     0  memseta.o(.text)
    _memset$wrapper                          0x08000235   Thumb Code    18  memseta.o(.text)
    __aeabi_llsl                             0x08000247   Thumb Code    30  llshl.o(.text)
    _ll_shift_l                              0x08000247   Thumb Code     0  llshl.o(.text)
    __aeabi_llsr                             0x08000265   Thumb Code    32  llushr.o(.text)
    _ll_ushift_r                             0x08000265   Thumb Code     0  llushr.o(.text)
    __scatterload                            0x08000285   Thumb Code    28  init.o(.text)
    __scatterload_rt2                        0x08000285   Thumb Code     0  init.o(.text)
    __decompress                             0x080002a9   Thumb Code     0  __dczerorl2.o(.text)
    __decompress1                            0x080002a9   Thumb Code    86  __dczerorl2.o(.text)
    BootloaderErrorInterFunc                 0x08000301   Thumb Code    18  bootloader.o(i.BootloaderErrorInterFunc)
    BusFault_Handler                         0x08000319   Thumb Code     2  stm32f4xx_it.o(i.BusFault_Handler)
    CDC_Transmit_FS                          0x08000459   Thumb Code    38  usbd_cdc_if.o(i.CDC_Transmit_FS)
    CalculateCRC32                           0x08000485   Thumb Code    46  bootloader.o(i.CalculateCRC32)
    CopyBtoA                                 0x080004b9   Thumb Code   180  bootloader.o(i.CopyBtoA)
    DebugMon_Handler                         0x08000591   Thumb Code     2  stm32f4xx_it.o(i.DebugMon_Handler)
    Download_Flash                           0x08000595   Thumb Code   360  bootloader.o(i.Download_Flash)
    Error_Handler                            0x08000731   Thumb Code     2  main.o(i.Error_Handler)
    FLASH_Erase_Sector                       0x08000735   Thumb Code    74  stm32f4xx_hal_flash_ex.o(i.FLASH_Erase_Sector)
    FLASH_FlushCaches                        0x08000785   Thumb Code    80  stm32f4xx_hal_flash_ex.o(i.FLASH_FlushCaches)
    FLASH_WaitForLastOperation               0x080008fd   Thumb Code    72  stm32f4xx_hal_flash.o(i.FLASH_WaitForLastOperation)
    FeedIwdg                                 0x0800094d   Thumb Code     6  bootloader.o(i.FeedIwdg)
    FlashErase                               0x08000959   Thumb Code   380  bootloader.o(i.FlashErase)
    Flash_EraseSectorByAddress               0x08000af5   Thumb Code    86  bootloader.o(i.Flash_EraseSectorByAddress)
    Flash_GetSectorStartAddressByAddress     0x08000b55   Thumb Code    52  bootloader.o(i.Flash_GetSectorStartAddressByAddress)
    HAL_DMA_Abort                            0x08000b8d   Thumb Code   146  stm32f4xx_hal_dma.o(i.HAL_DMA_Abort)
    HAL_DMA_Abort_IT                         0x08000c1f   Thumb Code    36  stm32f4xx_hal_dma.o(i.HAL_DMA_Abort_IT)
    HAL_DeInit                               0x08000c45   Thumb Code    54  stm32f4xx_hal.o(i.HAL_DeInit)
    HAL_Delay                                0x08000c8d   Thumb Code    32  stm32f4xx_hal.o(i.HAL_Delay)
    HAL_FLASHEx_Erase                        0x08000cb1   Thumb Code   144  stm32f4xx_hal_flash_ex.o(i.HAL_FLASHEx_Erase)
    HAL_FLASH_Lock                           0x08000d49   Thumb Code    14  stm32f4xx_hal_flash.o(i.HAL_FLASH_Lock)
    HAL_FLASH_Program                        0x08000d5d   Thumb Code   116  stm32f4xx_hal_flash.o(i.HAL_FLASH_Program)
    HAL_FLASH_Unlock                         0x08000dd9   Thumb Code    32  stm32f4xx_hal_flash.o(i.HAL_FLASH_Unlock)
    HAL_GPIO_Init                            0x08000e05   Thumb Code   450  stm32f4xx_hal_gpio.o(i.HAL_GPIO_Init)
    HAL_GetTick                              0x08000ff5   Thumb Code     6  stm32f4xx_hal.o(i.HAL_GetTick)
    HAL_IWDG_Init                            0x08001001   Thumb Code    94  stm32f4xx_hal_iwdg.o(i.HAL_IWDG_Init)
    HAL_IWDG_Refresh                         0x0800105f   Thumb Code    12  stm32f4xx_hal_iwdg.o(i.HAL_IWDG_Refresh)
    HAL_IncTick                              0x0800106d   Thumb Code    12  stm32f4xx_hal.o(i.HAL_IncTick)
    HAL_Init                                 0x0800107d   Thumb Code    48  stm32f4xx_hal.o(i.HAL_Init)
    HAL_InitTick                             0x080010b1   Thumb Code    54  stm32f4xx_hal.o(i.HAL_InitTick)
    HAL_MspDeInit                            0x080010f1   Thumb Code     2  stm32f4xx_hal.o(i.HAL_MspDeInit)
    HAL_MspInit                              0x080010f5   Thumb Code    42  stm32f4xx_hal_msp.o(i.HAL_MspInit)
    HAL_NVIC_EnableIRQ                       0x08001125   Thumb Code    26  stm32f4xx_hal_cortex.o(i.HAL_NVIC_EnableIRQ)
    HAL_NVIC_SetPriority                     0x08001141   Thumb Code    60  stm32f4xx_hal_cortex.o(i.HAL_NVIC_SetPriority)
    HAL_NVIC_SetPriorityGrouping             0x08001181   Thumb Code    26  stm32f4xx_hal_cortex.o(i.HAL_NVIC_SetPriorityGrouping)
    HAL_PCDEx_LPM_Callback                   0x080011a5   Thumb Code     2  stm32f4xx_hal_pcd_ex.o(i.HAL_PCDEx_LPM_Callback)
    HAL_PCDEx_SetRxFiFo                      0x080011a7   Thumb Code     8  stm32f4xx_hal_pcd_ex.o(i.HAL_PCDEx_SetRxFiFo)
    HAL_PCDEx_SetTxFiFo                      0x080011af   Thumb Code    68  stm32f4xx_hal_pcd_ex.o(i.HAL_PCDEx_SetTxFiFo)
    HAL_PCD_ConnectCallback                  0x080011f3   Thumb Code     8  usbd_conf.o(i.HAL_PCD_ConnectCallback)
    HAL_PCD_DataInStageCallback              0x080011fb   Thumb Code    18  usbd_conf.o(i.HAL_PCD_DataInStageCallback)
    HAL_PCD_DataOutStageCallback             0x0800120d   Thumb Code    20  usbd_conf.o(i.HAL_PCD_DataOutStageCallback)
    HAL_PCD_DisconnectCallback               0x08001221   Thumb Code     8  usbd_conf.o(i.HAL_PCD_DisconnectCallback)
    HAL_PCD_EP_Abort                         0x08001229   Thumb Code    30  stm32f4xx_hal_pcd.o(i.HAL_PCD_EP_Abort)
    HAL_PCD_EP_Close                         0x08001247   Thumb Code    74  stm32f4xx_hal_pcd.o(i.HAL_PCD_EP_Close)
    HAL_PCD_EP_ClrStall                      0x08001291   Thumb Code    90  stm32f4xx_hal_pcd.o(i.HAL_PCD_EP_ClrStall)
    HAL_PCD_EP_GetRxCount                    0x080012eb   Thumb Code    18  stm32f4xx_hal_pcd.o(i.HAL_PCD_EP_GetRxCount)
    HAL_PCD_EP_Open                          0x080012fd   Thumb Code    98  stm32f4xx_hal_pcd.o(i.HAL_PCD_EP_Open)
    HAL_PCD_EP_Receive                       0x0800135f   Thumb Code    56  stm32f4xx_hal_pcd.o(i.HAL_PCD_EP_Receive)
    HAL_PCD_EP_SetStall                      0x08001397   Thumb Code   114  stm32f4xx_hal_pcd.o(i.HAL_PCD_EP_SetStall)
    HAL_PCD_EP_Transmit                      0x08001409   Thumb Code    50  stm32f4xx_hal_pcd.o(i.HAL_PCD_EP_Transmit)
    HAL_PCD_IRQHandler                       0x0800143d   Thumb Code  1372  stm32f4xx_hal_pcd.o(i.HAL_PCD_IRQHandler)
    HAL_PCD_ISOINIncompleteCallback          0x08001999   Thumb Code     8  usbd_conf.o(i.HAL_PCD_ISOINIncompleteCallback)
    HAL_PCD_ISOOUTIncompleteCallback         0x080019a1   Thumb Code     8  usbd_conf.o(i.HAL_PCD_ISOOUTIncompleteCallback)
    HAL_PCD_Init                             0x080019a9   Thumb Code   204  stm32f4xx_hal_pcd.o(i.HAL_PCD_Init)
    HAL_PCD_MspInit                          0x08001a75   Thumb Code   122  usbd_conf.o(i.HAL_PCD_MspInit)
    HAL_PCD_ResetCallback                    0x08001af9   Thumb Code    44  usbd_conf.o(i.HAL_PCD_ResetCallback)
    HAL_PCD_ResumeCallback                   0x08001b25   Thumb Code     8  usbd_conf.o(i.HAL_PCD_ResumeCallback)
    HAL_PCD_SOFCallback                      0x08001b2d   Thumb Code     8  usbd_conf.o(i.HAL_PCD_SOFCallback)
    HAL_PCD_SetAddress                       0x08001b35   Thumb Code    38  stm32f4xx_hal_pcd.o(i.HAL_PCD_SetAddress)
    HAL_PCD_SetupStageCallback               0x08001b5b   Thumb Code    14  usbd_conf.o(i.HAL_PCD_SetupStageCallback)
    HAL_PCD_Start                            0x08001b69   Thumb Code    66  stm32f4xx_hal_pcd.o(i.HAL_PCD_Start)
    HAL_PCD_SuspendCallback                  0x08001bad   Thumb Code    44  usbd_conf.o(i.HAL_PCD_SuspendCallback)
    HAL_RCC_ClockConfig                      0x08001bdd   Thumb Code   288  stm32f4xx_hal_rcc.o(i.HAL_RCC_ClockConfig)
    HAL_RCC_GetHCLKFreq                      0x08001d11   Thumb Code     6  stm32f4xx_hal_rcc.o(i.HAL_RCC_GetHCLKFreq)
    HAL_RCC_GetPCLK1Freq                     0x08001d1d   Thumb Code    20  stm32f4xx_hal_rcc.o(i.HAL_RCC_GetPCLK1Freq)
    HAL_RCC_GetPCLK2Freq                     0x08001d3d   Thumb Code    20  stm32f4xx_hal_rcc.o(i.HAL_RCC_GetPCLK2Freq)
    HAL_RCC_GetSysClockFreq                  0x08001d5d   Thumb Code    88  stm32f4xx_hal_rcc.o(i.HAL_RCC_GetSysClockFreq)
    HAL_RCC_OscConfig                        0x08001dbd   Thumb Code   856  stm32f4xx_hal_rcc.o(i.HAL_RCC_OscConfig)
    HAL_SPI_Init                             0x08002129   Thumb Code   188  stm32f4xx_hal_spi.o(i.HAL_SPI_Init)
    HAL_SPI_MspInit                          0x080021e5   Thumb Code    92  spi.o(i.HAL_SPI_MspInit)
    HAL_SYSTICK_Config                       0x0800224d   Thumb Code    40  stm32f4xx_hal_cortex.o(i.HAL_SYSTICK_Config)
    HAL_TIMEx_BreakCallback                  0x08002275   Thumb Code     2  stm32f4xx_hal_tim_ex.o(i.HAL_TIMEx_BreakCallback)
    HAL_TIMEx_CommutCallback                 0x08002277   Thumb Code     2  stm32f4xx_hal_tim_ex.o(i.HAL_TIMEx_CommutCallback)
    HAL_TIM_Base_Init                        0x08002279   Thumb Code    90  stm32f4xx_hal_tim.o(i.HAL_TIM_Base_Init)
    HAL_TIM_Base_MspInit                     0x080022d5   Thumb Code    50  tim.o(i.HAL_TIM_Base_MspInit)
    HAL_TIM_Base_Start_IT                    0x08002311   Thumb Code   100  stm32f4xx_hal_tim.o(i.HAL_TIM_Base_Start_IT)
    HAL_TIM_Base_Stop                        0x08002391   Thumb Code    38  stm32f4xx_hal_tim.o(i.HAL_TIM_Base_Stop)
    HAL_TIM_Base_Stop_IT                     0x080023b7   Thumb Code    48  stm32f4xx_hal_tim.o(i.HAL_TIM_Base_Stop_IT)
    HAL_TIM_IC_CaptureCallback               0x080023e7   Thumb Code     2  stm32f4xx_hal_tim.o(i.HAL_TIM_IC_CaptureCallback)
    HAL_TIM_IRQHandler                       0x080023e9   Thumb Code   304  stm32f4xx_hal_tim.o(i.HAL_TIM_IRQHandler)
    HAL_TIM_OC_DelayElapsedCallback          0x08002519   Thumb Code     2  stm32f4xx_hal_tim.o(i.HAL_TIM_OC_DelayElapsedCallback)
    HAL_TIM_PWM_PulseFinishedCallback        0x0800251b   Thumb Code     2  stm32f4xx_hal_tim.o(i.HAL_TIM_PWM_PulseFinishedCallback)
    HAL_TIM_PeriodElapsedCallback            0x0800251d   Thumb Code    18  tim.o(i.HAL_TIM_PeriodElapsedCallback)
    HAL_TIM_TriggerCallback                  0x08002539   Thumb Code     2  stm32f4xx_hal_tim.o(i.HAL_TIM_TriggerCallback)
    HAL_UARTEx_RxEventCallback               0x0800253b   Thumb Code     2  stm32f4xx_hal_uart.o(i.HAL_UARTEx_RxEventCallback)
    HAL_UART_ErrorCallback                   0x0800253d   Thumb Code     2  stm32f4xx_hal_uart.o(i.HAL_UART_ErrorCallback)
    HAL_UART_IRQHandler                      0x08002541   Thumb Code   636  stm32f4xx_hal_uart.o(i.HAL_UART_IRQHandler)
    HAL_UART_Init                            0x080027c1   Thumb Code   100  stm32f4xx_hal_uart.o(i.HAL_UART_Init)
    HAL_UART_MspInit                         0x08002825   Thumb Code   110  usart.o(i.HAL_UART_MspInit)
    HAL_UART_RxCpltCallback                  0x080028a1   Thumb Code     2  stm32f4xx_hal_uart.o(i.HAL_UART_RxCpltCallback)
    HAL_UART_Transmit                        0x080028a3   Thumb Code   160  stm32f4xx_hal_uart.o(i.HAL_UART_Transmit)
    HAL_UART_TxCpltCallback                  0x08002943   Thumb Code     2  stm32f4xx_hal_uart.o(i.HAL_UART_TxCpltCallback)
    HardFault_Handler                        0x08002945   Thumb Code     2  stm32f4xx_it.o(i.HardFault_Handler)
    JumpToApplication                        0x08002981   Thumb Code     8  bootloader.o(i.JumpToApplication)
    JumpToSpecificApplication                0x0800298d   Thumb Code    78  bootloader.o(i.JumpToSpecificApplication)
    MX_GPIO_Init                             0x080029f1   Thumb Code    68  gpio.o(i.MX_GPIO_Init)
    MX_IWDG_Init                             0x08002a3d   Thumb Code    36  iwdg.o(i.MX_IWDG_Init)
    MX_SPI1_Init                             0x08002a69   Thumb Code    62  spi.o(i.MX_SPI1_Init)
    MX_TIM14_Init                            0x08002ab1   Thumb Code    44  tim.o(i.MX_TIM14_Init)
    MX_USART1_UART_Init                      0x08002ae5   Thumb Code    48  usart.o(i.MX_USART1_UART_Init)
    MX_USB_DEVICE_Init                       0x08002b1d   Thumb Code    66  usb_device.o(i.MX_USB_DEVICE_Init)
    MemManage_Handler                        0x08002b71   Thumb Code     2  stm32f4xx_it.o(i.MemManage_Handler)
    NMI_Handler                              0x08002b73   Thumb Code     2  stm32f4xx_it.o(i.NMI_Handler)
    OTG_FS_IRQHandler                        0x08002b75   Thumb Code     6  stm32f4xx_it.o(i.OTG_FS_IRQHandler)
    PendSV_Handler                           0x08002cef   Thumb Code     2  stm32f4xx_it.o(i.PendSV_Handler)
    ResetAll                                 0x08002cf1   Thumb Code   118  bootloader.o(i.ResetAll)
    SVC_Handler                              0x08002dbd   Thumb Code     2  stm32f4xx_it.o(i.SVC_Handler)
    Send_BootloaderPacket                    0x08002dc9   Thumb Code    70  bootloader.o(i.Send_BootloaderPacket)
    SysTick_Handler                          0x08002e0f   Thumb Code     4  stm32f4xx_it.o(i.SysTick_Handler)
    SystemClock_Config                       0x08002e15   Thumb Code   132  main.o(i.SystemClock_Config)
    SystemInit                               0x08002ea1   Thumb Code    12  system_stm32f4xx_1.o(i.SystemInit)
    TIM8_TRG_COM_TIM14_IRQHandler            0x08002eb1   Thumb Code     6  stm32f4xx_it.o(i.TIM8_TRG_COM_TIM14_IRQHandler)
    TIM_Base_SetConfig                       0x08002ebd   Thumb Code   164  stm32f4xx_hal_tim.o(i.TIM_Base_SetConfig)
    USART1_IRQHandler                        0x0800322d   Thumb Code     6  stm32f4xx_it.o(i.USART1_IRQHandler)
    USBD_CDC_GetDeviceQualifierDescriptor    0x080033b9   Thumb Code     8  usbd_cdc.o(i.USBD_CDC_GetDeviceQualifierDescriptor)
    USBD_CDC_ReceivePacket                   0x0800359d   Thumb Code    50  usbd_cdc.o(i.USBD_CDC_ReceivePacket)
    USBD_CDC_RegisterInterface               0x080035d5   Thumb Code    22  usbd_cdc.o(i.USBD_CDC_RegisterInterface)
    USBD_CDC_SetRxBuffer                     0x080035eb   Thumb Code    26  usbd_cdc.o(i.USBD_CDC_SetRxBuffer)
    USBD_CDC_SetTxBuffer                     0x08003605   Thumb Code    30  usbd_cdc.o(i.USBD_CDC_SetTxBuffer)
    USBD_CDC_TransmitPacket                  0x080036f9   Thumb Code    76  usbd_cdc.o(i.USBD_CDC_TransmitPacket)
    USBD_ClrClassConfig                      0x08003749   Thumb Code    20  usbd_core.o(i.USBD_ClrClassConfig)
    USBD_CoreFindEP                          0x0800375d   Thumb Code     4  usbd_core.o(i.USBD_CoreFindEP)
    USBD_CoreFindIF                          0x08003761   Thumb Code     4  usbd_core.o(i.USBD_CoreFindIF)
    USBD_CtlContinueRx                       0x08003765   Thumb Code    16  usbd_ioreq.o(i.USBD_CtlContinueRx)
    USBD_CtlContinueSendData                 0x08003775   Thumb Code    16  usbd_ioreq.o(i.USBD_CtlContinueSendData)
    USBD_CtlError                            0x08003785   Thumb Code    22  usbd_ctlreq.o(i.USBD_CtlError)
    USBD_CtlPrepareRx                        0x0800379b   Thumb Code    34  usbd_ioreq.o(i.USBD_CtlPrepareRx)
    USBD_CtlReceiveStatus                    0x080037bd   Thumb Code    22  usbd_ioreq.o(i.USBD_CtlReceiveStatus)
    USBD_CtlSendData                         0x080037d3   Thumb Code    28  usbd_ioreq.o(i.USBD_CtlSendData)
    USBD_CtlSendStatus                       0x080037ef   Thumb Code    22  usbd_ioreq.o(i.USBD_CtlSendStatus)
    USBD_FS_ConfigStrDescriptor              0x08003805   Thumb Code    16  usbd_desc.o(i.USBD_FS_ConfigStrDescriptor)
    USBD_FS_DeviceDescriptor                 0x08003825   Thumb Code     8  usbd_desc.o(i.USBD_FS_DeviceDescriptor)
    USBD_FS_InterfaceStrDescriptor           0x08003831   Thumb Code    16  usbd_desc.o(i.USBD_FS_InterfaceStrDescriptor)
    USBD_FS_LangIDStrDescriptor              0x08003855   Thumb Code     8  usbd_desc.o(i.USBD_FS_LangIDStrDescriptor)
    USBD_FS_ManufacturerStrDescriptor        0x08003861   Thumb Code    16  usbd_desc.o(i.USBD_FS_ManufacturerStrDescriptor)
    USBD_FS_ProductStrDescriptor             0x08003889   Thumb Code    16  usbd_desc.o(i.USBD_FS_ProductStrDescriptor)
    USBD_FS_SerialStrDescriptor              0x080038b5   Thumb Code    48  usbd_desc.o(i.USBD_FS_SerialStrDescriptor)
    USBD_GetEpDesc                           0x080039d3   Thumb Code    58  usbd_core.o(i.USBD_GetEpDesc)
    USBD_GetNextDesc                         0x08003a21   Thumb Code    14  usbd_core.o(i.USBD_GetNextDesc)
    USBD_GetString                           0x08003a2f   Thumb Code    78  usbd_ctlreq.o(i.USBD_GetString)
    USBD_Get_USB_Status                      0x08003a7d   Thumb Code    24  usbd_conf.o(i.USBD_Get_USB_Status)
    USBD_Init                                0x08003a95   Thumb Code    38  usbd_core.o(i.USBD_Init)
    USBD_LL_ClearStallEP                     0x08003abb   Thumb Code    18  usbd_conf.o(i.USBD_LL_ClearStallEP)
    USBD_LL_CloseEP                          0x08003acd   Thumb Code    18  usbd_conf.o(i.USBD_LL_CloseEP)
    USBD_LL_DataInStage                      0x08003adf   Thumb Code   184  usbd_core.o(i.USBD_LL_DataInStage)
    USBD_LL_DataOutStage                     0x08003b97   Thumb Code   148  usbd_core.o(i.USBD_LL_DataOutStage)
    USBD_LL_DevConnected                     0x08003c2b   Thumb Code     4  usbd_core.o(i.USBD_LL_DevConnected)
    USBD_LL_DevDisconnected                  0x08003c2f   Thumb Code    30  usbd_core.o(i.USBD_LL_DevDisconnected)
    USBD_LL_GetRxDataSize                    0x08003c4d   Thumb Code     8  usbd_conf.o(i.USBD_LL_GetRxDataSize)
    USBD_LL_Init                             0x08003c55   Thumb Code    90  usbd_conf.o(i.USBD_LL_Init)
    USBD_LL_IsStallEP                        0x08003cb5   Thumb Code    30  usbd_conf.o(i.USBD_LL_IsStallEP)
    USBD_LL_IsoINIncomplete                  0x08003cd3   Thumb Code    40  usbd_core.o(i.USBD_LL_IsoINIncomplete)
    USBD_LL_IsoOUTIncomplete                 0x08003cfb   Thumb Code    40  usbd_core.o(i.USBD_LL_IsoOUTIncomplete)
    USBD_LL_OpenEP                           0x08003d23   Thumb Code    24  usbd_conf.o(i.USBD_LL_OpenEP)
    USBD_LL_PrepareReceive                   0x08003d3b   Thumb Code    18  usbd_conf.o(i.USBD_LL_PrepareReceive)
    USBD_LL_Reset                            0x08003d4d   Thumb Code    94  usbd_core.o(i.USBD_LL_Reset)
    USBD_LL_Resume                           0x08003dab   Thumb Code    20  usbd_core.o(i.USBD_LL_Resume)
    USBD_LL_SOF                              0x08003dbf   Thumb Code    26  usbd_core.o(i.USBD_LL_SOF)
    USBD_LL_SetSpeed                         0x08003dd9   Thumb Code     6  usbd_core.o(i.USBD_LL_SetSpeed)
    USBD_LL_SetUSBAddress                    0x08003ddf   Thumb Code    18  usbd_conf.o(i.USBD_LL_SetUSBAddress)
    USBD_LL_SetupStage                       0x08003df1   Thumb Code    96  usbd_core.o(i.USBD_LL_SetupStage)
    USBD_LL_StallEP                          0x08003e51   Thumb Code    18  usbd_conf.o(i.USBD_LL_StallEP)
    USBD_LL_Start                            0x08003e63   Thumb Code    18  usbd_conf.o(i.USBD_LL_Start)
    USBD_LL_Suspend                          0x08003e75   Thumb Code    26  usbd_core.o(i.USBD_LL_Suspend)
    USBD_LL_Transmit                         0x08003e8f   Thumb Code    18  usbd_conf.o(i.USBD_LL_Transmit)
    USBD_ParseSetupRequest                   0x08003ea1   Thumb Code    44  usbd_ctlreq.o(i.USBD_ParseSetupRequest)
    USBD_RegisterClass                       0x08003ecd   Thumb Code    58  usbd_core.o(i.USBD_RegisterClass)
    USBD_SetClassConfig                      0x08003f07   Thumb Code    20  usbd_core.o(i.USBD_SetClassConfig)
    USBD_Start                               0x08003fd5   Thumb Code     4  usbd_core.o(i.USBD_Start)
    USBD_StdDevReq                           0x08003fd9   Thumb Code   300  usbd_ctlreq.o(i.USBD_StdDevReq)
    USBD_StdEPReq                            0x08004105   Thumb Code   358  usbd_ctlreq.o(i.USBD_StdEPReq)
    USBD_StdItfReq                           0x0800426b   Thumb Code   114  usbd_ctlreq.o(i.USBD_StdItfReq)
    USBD_static_free                         0x080042dd   Thumb Code     2  usbd_conf.o(i.USBD_static_free)
    USBD_static_malloc                       0x080042e1   Thumb Code     4  usbd_conf.o(i.USBD_static_malloc)
    USB_ActivateEndpoint                     0x080042e9   Thumb Code   122  stm32f4xx_ll_usb.o(i.USB_ActivateEndpoint)
    USB_ActivateSetup                        0x08004369   Thumb Code    28  stm32f4xx_ll_usb.o(i.USB_ActivateSetup)
    USB_CoreInit                             0x08004385   Thumb Code   126  stm32f4xx_ll_usb.o(i.USB_CoreInit)
    USB_DeactivateEndpoint                   0x0800444d   Thumb Code   194  stm32f4xx_ll_usb.o(i.USB_DeactivateEndpoint)
    USB_DevConnect                           0x08004519   Thumb Code    28  stm32f4xx_ll_usb.o(i.USB_DevConnect)
    USB_DevDisconnect                        0x08004535   Thumb Code    28  stm32f4xx_ll_usb.o(i.USB_DevDisconnect)
    USB_DevInit                              0x08004551   Thumb Code   370  stm32f4xx_ll_usb.o(i.USB_DevInit)
    USB_DisableGlobalInt                     0x080046cd   Thumb Code    12  stm32f4xx_ll_usb.o(i.USB_DisableGlobalInt)
    USB_EP0_OutStart                         0x080046d9   Thumb Code    84  stm32f4xx_ll_usb.o(i.USB_EP0_OutStart)
    USB_EPClearStall                         0x08004731   Thumb Code    88  stm32f4xx_ll_usb.o(i.USB_EPClearStall)
    USB_EPSetStall                           0x08004789   Thumb Code    88  stm32f4xx_ll_usb.o(i.USB_EPSetStall)
    USB_EPStartXfer                          0x080047e1   Thumb Code   562  stm32f4xx_ll_usb.o(i.USB_EPStartXfer)
    USB_EPStopXfer                           0x08004a19   Thumb Code   158  stm32f4xx_ll_usb.o(i.USB_EPStopXfer)
    USB_EnableGlobalInt                      0x08004ab7   Thumb Code    12  stm32f4xx_ll_usb.o(i.USB_EnableGlobalInt)
    USB_FlushRxFifo                          0x08004ac3   Thumb Code    56  stm32f4xx_ll_usb.o(i.USB_FlushRxFifo)
    USB_FlushTxFifo                          0x08004afb   Thumb Code    60  stm32f4xx_ll_usb.o(i.USB_FlushTxFifo)
    USB_GetDevSpeed                          0x08004b37   Thumb Code    26  stm32f4xx_ll_usb.o(i.USB_GetDevSpeed)
    USB_GetMode                              0x08004b51   Thumb Code     8  stm32f4xx_ll_usb.o(i.USB_GetMode)
    USB_ReadDevAllInEpInterrupt              0x08004b59   Thumb Code    14  stm32f4xx_ll_usb.o(i.USB_ReadDevAllInEpInterrupt)
    USB_ReadDevAllOutEpInterrupt             0x08004b67   Thumb Code    14  stm32f4xx_ll_usb.o(i.USB_ReadDevAllOutEpInterrupt)
    USB_ReadDevInEPInterrupt                 0x08004b75   Thumb Code    36  stm32f4xx_ll_usb.o(i.USB_ReadDevInEPInterrupt)
    USB_ReadDevOutEPInterrupt                0x08004b99   Thumb Code    16  stm32f4xx_ll_usb.o(i.USB_ReadDevOutEPInterrupt)
    USB_ReadInterrupts                       0x08004ba9   Thumb Code     8  stm32f4xx_ll_usb.o(i.USB_ReadInterrupts)
    USB_ReadPacket                           0x08004bb1   Thumb Code    62  stm32f4xx_ll_usb.o(i.USB_ReadPacket)
    USB_SetCurrentMode                       0x08004bef   Thumb Code    92  stm32f4xx_ll_usb.o(i.USB_SetCurrentMode)
    USB_SetDevAddress                        0x08004c4b   Thumb Code    34  stm32f4xx_ll_usb.o(i.USB_SetDevAddress)
    USB_SetTurnaroundTime                    0x08004c6d   Thumb Code   158  stm32f4xx_ll_usb.o(i.USB_SetTurnaroundTime)
    USB_WritePacket                          0x08004d55   Thumb Code    40  stm32f4xx_ll_usb.o(i.USB_WritePacket)
    UsageFault_Handler                       0x08004d7d   Thumb Code     2  stm32f4xx_it.o(i.UsageFault_Handler)
    __0sprintf$8                             0x08004d81   Thumb Code    34  printf8.o(i.__0sprintf$8)
    __1sprintf$8                             0x08004d81   Thumb Code     0  printf8.o(i.__0sprintf$8)
    __2sprintf                               0x08004d81   Thumb Code     0  printf8.o(i.__0sprintf$8)
    __scatterload_copy                       0x08004dc9   Thumb Code    14  handlers.o(i.__scatterload_copy)
    __scatterload_null                       0x08004dd7   Thumb Code     2  handlers.o(i.__scatterload_null)
    __scatterload_zeroinit                   0x08004dd9   Thumb Code    14  handlers.o(i.__scatterload_zeroinit)
    main                                     0x08005255   Thumb Code   438  main.o(i.main)
    print_uint32_with_label                  0x0800547d   Thumb Code    36  bootloader.o(i.print_uint32_with_label)
    AHBPrescTable                            0x08005524   Data          16  system_stm32f4xx_1.o(.constdata)
    APBPrescTable                            0x08005534   Data           8  system_stm32f4xx_1.o(.constdata)
    Region$$Table$$Base                      0x0800553c   Number         0  anon$$obj.o(Region$$Table)
    Region$$Table$$Limit                     0x0800555c   Number         0  anon$$obj.o(Region$$Table)
    active_app_start_addr                    0x20000000   Data           4  bootloader.o(.data)
    update_target_addr                       0x20000004   Data           4  bootloader.o(.data)
    rx_read_pos                              0x20000008   Data           2  global_variables.o(.data)
    tx_send_pos                              0x2000000a   Data           2  global_variables.o(.data)
    total_size_to_receive                    0x2000000c   Data           4  global_variables.o(.data)
    received_data_size                       0x20000010   Data           2  global_variables.o(.data)
    total_received_data_size                 0x20000014   Data           4  global_variables.o(.data)
    written_data_size                        0x20000018   Data           2  global_variables.o(.data)
    total_written_data_size                  0x2000001c   Data           4  global_variables.o(.data)
    flash_offset                             0x20000020   Data           4  global_variables.o(.data)
    last_byte_flag                           0x20000024   Data           1  global_variables.o(.data)
    last_byte                                0x20000025   Data           1  global_variables.o(.data)
    is_data_buffer_full                      0x20000026   Data           1  global_variables.o(.data)
    data_buffer_offset                       0x20000028   Data           2  global_variables.o(.data)
    is_start_transmission                    0x2000002a   Data           1  global_variables.o(.data)
    is_transmission_complete                 0x2000002b   Data           1  global_variables.o(.data)
    first_reception                          0x2000002c   Data           1  global_variables.o(.data)
    TimerCounter_ms                          0x2000002e   Data           2  global_variables.o(.data)
    expected_crc_value                       0x20000030   Data           4  global_variables.o(.data)
    calculated_crc_value                     0x20000034   Data           4  global_variables.o(.data)
    AllERRORs                                0x20000038   Data           6  global_variables.o(.data)
    AllCMDs                                  0x20000040   Data          12  global_variables.o(.data)
    AllBootloaderStartModes                  0x2000004c   Data           4  global_variables.o(.data)
    AllBootloaderRunStates                   0x20000050   Data           8  global_variables.o(.data)
    BootloaderState                          0x20000058   Data           2  global_variables.o(.data)
    FS_Desc                                  0x2000005c   Data          28  usbd_desc.o(.data)
    USBD_LangIDDesc                          0x20000078   Data           4  usbd_desc.o(.data)
    USBD_FS_DeviceDesc                       0x2000007c   Data          18  usbd_desc.o(.data)
    USBD_StringSerial                        0x20000090   Data          26  usbd_desc.o(.data)
    USBD_Interface_fops_FS                   0x200000ac   Data          20  usbd_cdc_if.o(.data)
    pFlash                                   0x200000c0   Data          32  stm32f4xx_hal_flash.o(.data)
    uwTickFreq                               0x200000e0   Data           1  stm32f4xx_hal.o(.data)
    uwTickPrio                               0x200000e4   Data           4  stm32f4xx_hal.o(.data)
    uwTick                                   0x200000e8   Data           4  stm32f4xx_hal.o(.data)
    SystemCoreClock                          0x200000ec   Data           4  system_stm32f4xx_1.o(.data)
    USBD_CDC                                 0x20000148   Data          56  usbd_cdc.o(.data)
    data_buffer                              0x20000180   Data         612  global_variables.o(.bss)
    UserRxBufferFS                           0x200003e4   Data        2048  global_variables.o(.bss)
    UserTxBufferFS                           0x20000be4   Data        2048  global_variables.o(.bss)
    hiwdg                                    0x200013e4   Data          12  iwdg.o(.bss)
    hspi1                                    0x200013f0   Data          88  spi.o(.bss)
    htim14                                   0x20001448   Data          72  tim.o(.bss)
    huart1                                   0x20001490   Data          72  usart.o(.bss)
    hUsbDeviceFS                             0x200014d8   Data         732  usb_device.o(.bss)
    USBD_StrDesc                             0x200017b4   Data         512  usbd_desc.o(.bss)
    hpcd_USB_OTG_FS                          0x20001bd4   Data        1252  usbd_conf.o(.bss)
    __initial_sp                             0x200024b8   Data           0  startup_stm32f407xx.o(STACK)



==============================================================================

Memory Map of the image

  Image Entry point : 0x08000189

  Load Region LR_IROM1 (Base: 0x08000000, Size: 0x000056dc, Max: 0x00008000, ABSOLUTE, COMPRESSED[0x00005628])

    Execution Region ER_IROM1 (Base: 0x08000000, Size: 0x0000555c, Max: 0x00008000, ABSOLUTE)

    Base Addr    Size         Type   Attr      Idx    E Section Name        Object

    0x08000000   0x00000188   Data   RO            3    RESET               startup_stm32f407xx.o
    0x08000188   0x00000000   Code   RO         4957  * .ARM.Collect$$$$00000000  mc_w.l(entry.o)
    0x08000188   0x00000004   Code   RO         5225    .ARM.Collect$$$$00000001  mc_w.l(entry2.o)
    0x0800018c   0x00000004   Code   RO         5228    .ARM.Collect$$$$00000004  mc_w.l(entry5.o)
    0x08000190   0x00000000   Code   RO         5230    .ARM.Collect$$$$00000008  mc_w.l(entry7b.o)
    0x08000190   0x00000000   Code   RO         5232    .ARM.Collect$$$$0000000A  mc_w.l(entry8b.o)
    0x08000190   0x00000008   Code   RO         5233    .ARM.Collect$$$$0000000B  mc_w.l(entry9a.o)
    0x08000198   0x00000000   Code   RO         5235    .ARM.Collect$$$$0000000D  mc_w.l(entry10a.o)
    0x08000198   0x00000000   Code   RO         5237    .ARM.Collect$$$$0000000F  mc_w.l(entry11a.o)
    0x08000198   0x00000004   Code   RO         5226    .ARM.Collect$$$$00002712  mc_w.l(entry2.o)
    0x0800019c   0x00000024   Code   RO            4    .text               startup_stm32f407xx.o
    0x080001c0   0x00000062   Code   RO         4960    .text               mc_w.l(uldiv.o)
    0x08000222   0x00000024   Code   RO         4962    .text               mc_w.l(memseta.o)
    0x08000246   0x0000001e   Code   RO         5244    .text               mc_w.l(llshl.o)
    0x08000264   0x00000020   Code   RO         5246    .text               mc_w.l(llushr.o)
    0x08000284   0x00000024   Code   RO         5259    .text               mc_w.l(init.o)
    0x080002a8   0x00000056   Code   RO         5275    .text               mc_w.l(__dczerorl2.o)
    0x080002fe   0x00000002   PAD
    0x08000300   0x00000018   Code   RO           13    i.BootloaderErrorInterFunc  bootloader.o
    0x08000318   0x00000002   Code   RO          598    i.BusFault_Handler  stm32f4xx_it.o
    0x0800031a   0x00000004   Code   RO          833    i.CDC_Control_FS    usbd_cdc_if.o
    0x0800031e   0x00000004   Code   RO          834    i.CDC_DeInit_FS     usbd_cdc_if.o
    0x08000322   0x00000002   PAD
    0x08000324   0x00000024   Code   RO          835    i.CDC_Init_FS       usbd_cdc_if.o
    0x08000348   0x0000010c   Code   RO          836    i.CDC_Receive_FS    usbd_cdc_if.o
    0x08000454   0x00000004   Code   RO          837    i.CDC_TransmitCplt_FS  usbd_cdc_if.o
    0x08000458   0x0000002c   Code   RO          838    i.CDC_Transmit_FS   usbd_cdc_if.o
    0x08000484   0x00000034   Code   RO           15    i.CalculateCRC32    bootloader.o
    0x080004b8   0x000000d8   Code   RO           18    i.CopyBtoA          bootloader.o
    0x08000590   0x00000002   Code   RO          599    i.DebugMon_Handler  stm32f4xx_it.o
    0x08000592   0x00000002   PAD
    0x08000594   0x0000019c   Code   RO           19    i.Download_Flash    bootloader.o
    0x08000730   0x00000002   Code   RO          367    i.Error_Handler     main.o
    0x08000732   0x00000002   PAD
    0x08000734   0x00000050   Code   RO         1955    i.FLASH_Erase_Sector  stm32f4xx_hal_flash_ex.o
    0x08000784   0x00000054   Code   RO         1956    i.FLASH_FlushCaches  stm32f4xx_hal_flash_ex.o
    0x080007d8   0x00000028   Code   RO         1957    i.FLASH_MassErase   stm32f4xx_hal_flash_ex.o
    0x08000800   0x00000020   Code   RO         1837    i.FLASH_Program_Byte  stm32f4xx_hal_flash.o
    0x08000820   0x0000002c   Code   RO         1838    i.FLASH_Program_DoubleWord  stm32f4xx_hal_flash.o
    0x0800084c   0x00000024   Code   RO         1839    i.FLASH_Program_HalfWord  stm32f4xx_hal_flash.o
    0x08000870   0x00000024   Code   RO         1840    i.FLASH_Program_Word  stm32f4xx_hal_flash.o
    0x08000894   0x00000068   Code   RO         1841    i.FLASH_SetErrorCode  stm32f4xx_hal_flash.o
    0x080008fc   0x00000050   Code   RO         1842    i.FLASH_WaitForLastOperation  stm32f4xx_hal_flash.o
    0x0800094c   0x0000000c   Code   RO           20    i.FeedIwdg          bootloader.o
    0x08000958   0x0000019c   Code   RO           21    i.FlashErase        bootloader.o
    0x08000af4   0x00000060   Code   RO           22    i.Flash_EraseSectorByAddress  bootloader.o
    0x08000b54   0x00000038   Code   RO           23    i.Flash_GetSectorStartAddressByAddress  bootloader.o
    0x08000b8c   0x00000092   Code   RO         2143    i.HAL_DMA_Abort     stm32f4xx_hal_dma.o
    0x08000c1e   0x00000024   Code   RO         2144    i.HAL_DMA_Abort_IT  stm32f4xx_hal_dma.o
    0x08000c42   0x00000002   PAD
    0x08000c44   0x00000048   Code   RO         2579    i.HAL_DeInit        stm32f4xx_hal.o
    0x08000c8c   0x00000024   Code   RO         2580    i.HAL_Delay         stm32f4xx_hal.o
    0x08000cb0   0x00000098   Code   RO         1958    i.HAL_FLASHEx_Erase  stm32f4xx_hal_flash_ex.o
    0x08000d48   0x00000014   Code   RO         1846    i.HAL_FLASH_Lock    stm32f4xx_hal_flash.o
    0x08000d5c   0x0000007c   Code   RO         1851    i.HAL_FLASH_Program  stm32f4xx_hal_flash.o
    0x08000dd8   0x0000002c   Code   RO         1853    i.HAL_FLASH_Unlock  stm32f4xx_hal_flash.o
    0x08000e04   0x000001f0   Code   RO         2036    i.HAL_GPIO_Init     stm32f4xx_hal_gpio.o
    0x08000ff4   0x0000000c   Code   RO         2586    i.HAL_GetTick       stm32f4xx_hal.o
    0x08001000   0x0000005e   Code   RO         2831    i.HAL_IWDG_Init     stm32f4xx_hal_iwdg.o
    0x0800105e   0x0000000c   Code   RO         2832    i.HAL_IWDG_Refresh  stm32f4xx_hal_iwdg.o
    0x0800106a   0x00000002   PAD
    0x0800106c   0x00000010   Code   RO         2592    i.HAL_IncTick       stm32f4xx_hal.o
    0x0800107c   0x00000034   Code   RO         2593    i.HAL_Init          stm32f4xx_hal.o
    0x080010b0   0x00000040   Code   RO         2594    i.HAL_InitTick      stm32f4xx_hal.o
    0x080010f0   0x00000002   Code   RO         2595    i.HAL_MspDeInit     stm32f4xx_hal.o
    0x080010f2   0x00000002   PAD
    0x080010f4   0x00000030   Code   RO          692    i.HAL_MspInit       stm32f4xx_hal_msp.o
    0x08001124   0x0000001a   Code   RO         2428    i.HAL_NVIC_EnableIRQ  stm32f4xx_hal_cortex.o
    0x0800113e   0x00000002   PAD
    0x08001140   0x00000040   Code   RO         2434    i.HAL_NVIC_SetPriority  stm32f4xx_hal_cortex.o
    0x08001180   0x00000024   Code   RO         2435    i.HAL_NVIC_SetPriorityGrouping  stm32f4xx_hal_cortex.o
    0x080011a4   0x00000002   Code   RO         1335    i.HAL_PCDEx_LPM_Callback  stm32f4xx_hal_pcd_ex.o
    0x080011a6   0x00000008   Code   RO         1336    i.HAL_PCDEx_SetRxFiFo  stm32f4xx_hal_pcd_ex.o
    0x080011ae   0x00000044   Code   RO         1337    i.HAL_PCDEx_SetTxFiFo  stm32f4xx_hal_pcd_ex.o
    0x080011f2   0x00000008   Code   RO          889    i.HAL_PCD_ConnectCallback  usbd_conf.o
    0x080011fa   0x00000012   Code   RO          890    i.HAL_PCD_DataInStageCallback  usbd_conf.o
    0x0800120c   0x00000014   Code   RO          891    i.HAL_PCD_DataOutStageCallback  usbd_conf.o
    0x08001220   0x00000008   Code   RO          892    i.HAL_PCD_DisconnectCallback  usbd_conf.o
    0x08001228   0x0000001e   Code   RO         1105    i.HAL_PCD_EP_Abort  stm32f4xx_hal_pcd.o
    0x08001246   0x0000004a   Code   RO         1106    i.HAL_PCD_EP_Close  stm32f4xx_hal_pcd.o
    0x08001290   0x0000005a   Code   RO         1107    i.HAL_PCD_EP_ClrStall  stm32f4xx_hal_pcd.o
    0x080012ea   0x00000012   Code   RO         1109    i.HAL_PCD_EP_GetRxCount  stm32f4xx_hal_pcd.o
    0x080012fc   0x00000062   Code   RO         1110    i.HAL_PCD_EP_Open   stm32f4xx_hal_pcd.o
    0x0800135e   0x00000038   Code   RO         1111    i.HAL_PCD_EP_Receive  stm32f4xx_hal_pcd.o
    0x08001396   0x00000072   Code   RO         1112    i.HAL_PCD_EP_SetStall  stm32f4xx_hal_pcd.o
    0x08001408   0x00000032   Code   RO         1113    i.HAL_PCD_EP_Transmit  stm32f4xx_hal_pcd.o
    0x0800143a   0x00000002   PAD
    0x0800143c   0x0000055c   Code   RO         1115    i.HAL_PCD_IRQHandler  stm32f4xx_hal_pcd.o
    0x08001998   0x00000008   Code   RO          893    i.HAL_PCD_ISOINIncompleteCallback  usbd_conf.o
    0x080019a0   0x00000008   Code   RO          894    i.HAL_PCD_ISOOUTIncompleteCallback  usbd_conf.o
    0x080019a8   0x000000cc   Code   RO         1118    i.HAL_PCD_Init      stm32f4xx_hal_pcd.o
    0x08001a74   0x00000084   Code   RO          896    i.HAL_PCD_MspInit   usbd_conf.o
    0x08001af8   0x0000002c   Code   RO          897    i.HAL_PCD_ResetCallback  usbd_conf.o
    0x08001b24   0x00000008   Code   RO          898    i.HAL_PCD_ResumeCallback  usbd_conf.o
    0x08001b2c   0x00000008   Code   RO          899    i.HAL_PCD_SOFCallback  usbd_conf.o
    0x08001b34   0x00000026   Code   RO         1124    i.HAL_PCD_SetAddress  stm32f4xx_hal_pcd.o
    0x08001b5a   0x0000000e   Code   RO          900    i.HAL_PCD_SetupStageCallback  usbd_conf.o
    0x08001b68   0x00000042   Code   RO         1127    i.HAL_PCD_Start     stm32f4xx_hal_pcd.o
    0x08001baa   0x00000002   PAD
    0x08001bac   0x00000030   Code   RO          901    i.HAL_PCD_SuspendCallback  usbd_conf.o
    0x08001bdc   0x00000134   Code   RO         1682    i.HAL_RCC_ClockConfig  stm32f4xx_hal_rcc.o
    0x08001d10   0x0000000c   Code   RO         1687    i.HAL_RCC_GetHCLKFreq  stm32f4xx_hal_rcc.o
    0x08001d1c   0x00000020   Code   RO         1689    i.HAL_RCC_GetPCLK1Freq  stm32f4xx_hal_rcc.o
    0x08001d3c   0x00000020   Code   RO         1690    i.HAL_RCC_GetPCLK2Freq  stm32f4xx_hal_rcc.o
    0x08001d5c   0x00000060   Code   RO         1691    i.HAL_RCC_GetSysClockFreq  stm32f4xx_hal_rcc.o
    0x08001dbc   0x0000036c   Code   RO         1694    i.HAL_RCC_OscConfig  stm32f4xx_hal_rcc.o
    0x08002128   0x000000bc   Code   RO         2872    i.HAL_SPI_Init      stm32f4xx_hal_spi.o
    0x080021e4   0x00000068   Code   RO          461    i.HAL_SPI_MspInit   spi.o
    0x0800224c   0x00000028   Code   RO         2439    i.HAL_SYSTICK_Config  stm32f4xx_hal_cortex.o
    0x08002274   0x00000002   Code   RO         3889    i.HAL_TIMEx_BreakCallback  stm32f4xx_hal_tim_ex.o
    0x08002276   0x00000002   Code   RO         3890    i.HAL_TIMEx_CommutCallback  stm32f4xx_hal_tim_ex.o
    0x08002278   0x0000005a   Code   RO         3185    i.HAL_TIM_Base_Init  stm32f4xx_hal_tim.o
    0x080022d2   0x00000002   PAD
    0x080022d4   0x0000003c   Code   RO          503    i.HAL_TIM_Base_MspInit  tim.o
    0x08002310   0x00000080   Code   RO         3190    i.HAL_TIM_Base_Start_IT  stm32f4xx_hal_tim.o
    0x08002390   0x00000026   Code   RO         3191    i.HAL_TIM_Base_Stop  stm32f4xx_hal_tim.o
    0x080023b6   0x00000030   Code   RO         3193    i.HAL_TIM_Base_Stop_IT  stm32f4xx_hal_tim.o
    0x080023e6   0x00000002   Code   RO         3219    i.HAL_TIM_IC_CaptureCallback  stm32f4xx_hal_tim.o
    0x080023e8   0x00000130   Code   RO         3233    i.HAL_TIM_IRQHandler  stm32f4xx_hal_tim.o
    0x08002518   0x00000002   Code   RO         3236    i.HAL_TIM_OC_DelayElapsedCallback  stm32f4xx_hal_tim.o
    0x0800251a   0x00000002   Code   RO         3263    i.HAL_TIM_PWM_PulseFinishedCallback  stm32f4xx_hal_tim.o
    0x0800251c   0x0000001c   Code   RO          504    i.HAL_TIM_PeriodElapsedCallback  tim.o
    0x08002538   0x00000002   Code   RO         3276    i.HAL_TIM_TriggerCallback  stm32f4xx_hal_tim.o
    0x0800253a   0x00000002   Code   RO         4168    i.HAL_UARTEx_RxEventCallback  stm32f4xx_hal_uart.o
    0x0800253c   0x00000002   Code   RO         4182    i.HAL_UART_ErrorCallback  stm32f4xx_hal_uart.o
    0x0800253e   0x00000002   PAD
    0x08002540   0x00000280   Code   RO         4185    i.HAL_UART_IRQHandler  stm32f4xx_hal_uart.o
    0x080027c0   0x00000064   Code   RO         4186    i.HAL_UART_Init     stm32f4xx_hal_uart.o
    0x08002824   0x0000007c   Code   RO          551    i.HAL_UART_MspInit  usart.o
    0x080028a0   0x00000002   Code   RO         4192    i.HAL_UART_RxCpltCallback  stm32f4xx_hal_uart.o
    0x080028a2   0x000000a0   Code   RO         4194    i.HAL_UART_Transmit  stm32f4xx_hal_uart.o
    0x08002942   0x00000002   Code   RO         4197    i.HAL_UART_TxCpltCallback  stm32f4xx_hal_uart.o
    0x08002944   0x00000002   Code   RO          600    i.HardFault_Handler  stm32f4xx_it.o
    0x08002946   0x00000002   PAD
    0x08002948   0x00000038   Code   RO          747    i.IntToUnicode      usbd_desc.o
    0x08002980   0x0000000c   Code   RO           24    i.JumpToApplication  bootloader.o
    0x0800298c   0x00000064   Code   RO           26    i.JumpToSpecificApplication  bootloader.o
    0x080029f0   0x0000004c   Code   RO          406    i.MX_GPIO_Init      gpio.o
    0x08002a3c   0x0000002c   Code   RO          430    i.MX_IWDG_Init      iwdg.o
    0x08002a68   0x00000048   Code   RO          462    i.MX_SPI1_Init      spi.o
    0x08002ab0   0x00000034   Code   RO          505    i.MX_TIM14_Init     tim.o
    0x08002ae4   0x00000038   Code   RO          552    i.MX_USART1_UART_Init  usart.o
    0x08002b1c   0x00000054   Code   RO          716    i.MX_USB_DEVICE_Init  usb_device.o
    0x08002b70   0x00000002   Code   RO          601    i.MemManage_Handler  stm32f4xx_it.o
    0x08002b72   0x00000002   Code   RO          602    i.NMI_Handler       stm32f4xx_it.o
    0x08002b74   0x0000000c   Code   RO          603    i.OTG_FS_IRQHandler  stm32f4xx_it.o
    0x08002b80   0x000000cc   Code   RO         1131    i.PCD_EP_OutXfrComplete_int  stm32f4xx_hal_pcd.o
    0x08002c4c   0x000000a2   Code   RO         1132    i.PCD_WriteEmptyTxFifo  stm32f4xx_hal_pcd.o
    0x08002cee   0x00000002   Code   RO          604    i.PendSV_Handler    stm32f4xx_it.o
    0x08002cf0   0x000000cc   Code   RO           28    i.ResetAll          bootloader.o
    0x08002dbc   0x00000002   Code   RO          605    i.SVC_Handler       stm32f4xx_it.o
    0x08002dbe   0x0000000a   Code   RO         4716    i.SWAPBYTE          usbd_ctlreq.o
    0x08002dc8   0x00000046   Code   RO           29    i.Send_BootloaderPacket  bootloader.o
    0x08002e0e   0x00000004   Code   RO          606    i.SysTick_Handler   stm32f4xx_it.o
    0x08002e12   0x00000002   PAD
    0x08002e14   0x0000008c   Code   RO          368    i.SystemClock_Config  main.o
    0x08002ea0   0x00000010   Code   RO         4520    i.SystemInit        system_stm32f4xx_1.o
    0x08002eb0   0x0000000c   Code   RO          607    i.TIM8_TRG_COM_TIM14_IRQHandler  stm32f4xx_it.o
    0x08002ebc   0x000000d0   Code   RO         3278    i.TIM_Base_SetConfig  stm32f4xx_hal_tim.o
    0x08002f8c   0x0000000e   Code   RO         4199    i.UART_DMAAbortOnError  stm32f4xx_hal_uart.o
    0x08002f9a   0x0000004e   Code   RO         4209    i.UART_EndRxTransfer  stm32f4xx_hal_uart.o
    0x08002fe8   0x000000c2   Code   RO         4211    i.UART_Receive_IT   stm32f4xx_hal_uart.o
    0x080030aa   0x00000002   PAD
    0x080030ac   0x0000010c   Code   RO         4212    i.UART_SetConfig    stm32f4xx_hal_uart.o
    0x080031b8   0x00000072   Code   RO         4215    i.UART_WaitOnFlagUntilTimeout  stm32f4xx_hal_uart.o
    0x0800322a   0x00000002   PAD
    0x0800322c   0x0000000c   Code   RO          608    i.USART1_IRQHandler  stm32f4xx_it.o
    0x08003238   0x00000076   Code   RO         4854    i.USBD_CDC_DataIn   usbd_cdc.o
    0x080032ae   0x0000003c   Code   RO         4855    i.USBD_CDC_DataOut  usbd_cdc.o
    0x080032ea   0x00000002   PAD
    0x080032ec   0x00000094   Code   RO         4856    i.USBD_CDC_DeInit   usbd_cdc.o
    0x08003380   0x00000036   Code   RO         4857    i.USBD_CDC_EP0_RxReady  usbd_cdc.o
    0x080033b6   0x00000002   PAD
    0x080033b8   0x0000000c   Code   RO         4858    i.USBD_CDC_GetDeviceQualifierDescriptor  usbd_cdc.o
    0x080033c4   0x0000003c   Code   RO         4859    i.USBD_CDC_GetFSCfgDesc  usbd_cdc.o
    0x08003400   0x00000040   Code   RO         4860    i.USBD_CDC_GetHSCfgDesc  usbd_cdc.o
    0x08003440   0x0000003c   Code   RO         4861    i.USBD_CDC_GetOtherSpeedCfgDesc  usbd_cdc.o
    0x0800347c   0x00000120   Code   RO         4862    i.USBD_CDC_Init     usbd_cdc.o
    0x0800359c   0x00000038   Code   RO         4863    i.USBD_CDC_ReceivePacket  usbd_cdc.o
    0x080035d4   0x00000016   Code   RO         4864    i.USBD_CDC_RegisterInterface  usbd_cdc.o
    0x080035ea   0x0000001a   Code   RO         4865    i.USBD_CDC_SetRxBuffer  usbd_cdc.o
    0x08003604   0x0000001e   Code   RO         4866    i.USBD_CDC_SetTxBuffer  usbd_cdc.o
    0x08003622   0x000000d4   Code   RO         4867    i.USBD_CDC_Setup    usbd_cdc.o
    0x080036f6   0x00000002   PAD
    0x080036f8   0x00000050   Code   RO         4868    i.USBD_CDC_TransmitPacket  usbd_cdc.o
    0x08003748   0x00000014   Code   RO         4557    i.USBD_ClrClassConfig  usbd_core.o
    0x0800375c   0x00000004   Code   RO         4558    i.USBD_CoreFindEP   usbd_core.o
    0x08003760   0x00000004   Code   RO         4559    i.USBD_CoreFindIF   usbd_core.o
    0x08003764   0x00000010   Code   RO         4794    i.USBD_CtlContinueRx  usbd_ioreq.o
    0x08003774   0x00000010   Code   RO         4795    i.USBD_CtlContinueSendData  usbd_ioreq.o
    0x08003784   0x00000016   Code   RO         4717    i.USBD_CtlError     usbd_ctlreq.o
    0x0800379a   0x00000022   Code   RO         4796    i.USBD_CtlPrepareRx  usbd_ioreq.o
    0x080037bc   0x00000016   Code   RO         4797    i.USBD_CtlReceiveStatus  usbd_ioreq.o
    0x080037d2   0x0000001c   Code   RO         4798    i.USBD_CtlSendData  usbd_ioreq.o
    0x080037ee   0x00000016   Code   RO         4799    i.USBD_CtlSendStatus  usbd_ioreq.o
    0x08003804   0x00000020   Code   RO          748    i.USBD_FS_ConfigStrDescriptor  usbd_desc.o
    0x08003824   0x0000000c   Code   RO          749    i.USBD_FS_DeviceDescriptor  usbd_desc.o
    0x08003830   0x00000024   Code   RO          750    i.USBD_FS_InterfaceStrDescriptor  usbd_desc.o
    0x08003854   0x0000000c   Code   RO          751    i.USBD_FS_LangIDStrDescriptor  usbd_desc.o
    0x08003860   0x00000028   Code   RO          752    i.USBD_FS_ManufacturerStrDescriptor  usbd_desc.o
    0x08003888   0x0000002c   Code   RO          753    i.USBD_FS_ProductStrDescriptor  usbd_desc.o
    0x080038b4   0x00000038   Code   RO          754    i.USBD_FS_SerialStrDescriptor  usbd_desc.o
    0x080038ec   0x000000e6   Code   RO         4718    i.USBD_GetDescriptor  usbd_ctlreq.o
    0x080039d2   0x0000003a   Code   RO         4561    i.USBD_GetEpDesc    usbd_core.o
    0x08003a0c   0x00000014   Code   RO         4719    i.USBD_GetLen       usbd_ctlreq.o
    0x08003a20   0x0000000e   Code   RO         4562    i.USBD_GetNextDesc  usbd_core.o
    0x08003a2e   0x0000004e   Code   RO         4720    i.USBD_GetString    usbd_ctlreq.o
    0x08003a7c   0x00000018   Code   RO          902    i.USBD_Get_USB_Status  usbd_conf.o
    0x08003a94   0x00000026   Code   RO         4563    i.USBD_Init         usbd_core.o
    0x08003aba   0x00000012   Code   RO          903    i.USBD_LL_ClearStallEP  usbd_conf.o
    0x08003acc   0x00000012   Code   RO          904    i.USBD_LL_CloseEP   usbd_conf.o
    0x08003ade   0x000000b8   Code   RO         4564    i.USBD_LL_DataInStage  usbd_core.o
    0x08003b96   0x00000094   Code   RO         4565    i.USBD_LL_DataOutStage  usbd_core.o
    0x08003c2a   0x00000004   Code   RO         4566    i.USBD_LL_DevConnected  usbd_core.o
    0x08003c2e   0x0000001e   Code   RO         4567    i.USBD_LL_DevDisconnected  usbd_core.o
    0x08003c4c   0x00000008   Code   RO          908    i.USBD_LL_GetRxDataSize  usbd_conf.o
    0x08003c54   0x00000060   Code   RO          909    i.USBD_LL_Init      usbd_conf.o
    0x08003cb4   0x0000001e   Code   RO          910    i.USBD_LL_IsStallEP  usbd_conf.o
    0x08003cd2   0x00000028   Code   RO         4568    i.USBD_LL_IsoINIncomplete  usbd_core.o
    0x08003cfa   0x00000028   Code   RO         4569    i.USBD_LL_IsoOUTIncomplete  usbd_core.o
    0x08003d22   0x00000018   Code   RO          911    i.USBD_LL_OpenEP    usbd_conf.o
    0x08003d3a   0x00000012   Code   RO          912    i.USBD_LL_PrepareReceive  usbd_conf.o
    0x08003d4c   0x0000005e   Code   RO         4570    i.USBD_LL_Reset     usbd_core.o
    0x08003daa   0x00000014   Code   RO         4571    i.USBD_LL_Resume    usbd_core.o
    0x08003dbe   0x0000001a   Code   RO         4572    i.USBD_LL_SOF       usbd_core.o
    0x08003dd8   0x00000006   Code   RO         4573    i.USBD_LL_SetSpeed  usbd_core.o
    0x08003dde   0x00000012   Code   RO          913    i.USBD_LL_SetUSBAddress  usbd_conf.o
    0x08003df0   0x00000060   Code   RO         4574    i.USBD_LL_SetupStage  usbd_core.o
    0x08003e50   0x00000012   Code   RO          914    i.USBD_LL_StallEP   usbd_conf.o
    0x08003e62   0x00000012   Code   RO          915    i.USBD_LL_Start     usbd_conf.o
    0x08003e74   0x0000001a   Code   RO         4575    i.USBD_LL_Suspend   usbd_core.o
    0x08003e8e   0x00000012   Code   RO          917    i.USBD_LL_Transmit  usbd_conf.o
    0x08003ea0   0x0000002c   Code   RO         4721    i.USBD_ParseSetupRequest  usbd_ctlreq.o
    0x08003ecc   0x0000003a   Code   RO         4576    i.USBD_RegisterClass  usbd_core.o
    0x08003f06   0x00000014   Code   RO         4578    i.USBD_SetClassConfig  usbd_core.o
    0x08003f1a   0x00000002   PAD
    0x08003f1c   0x000000b8   Code   RO         4722    i.USBD_SetConfig    usbd_ctlreq.o
    0x08003fd4   0x00000004   Code   RO         4579    i.USBD_Start        usbd_core.o
    0x08003fd8   0x0000012c   Code   RO         4723    i.USBD_StdDevReq    usbd_ctlreq.o
    0x08004104   0x00000166   Code   RO         4724    i.USBD_StdEPReq     usbd_ctlreq.o
    0x0800426a   0x00000072   Code   RO         4725    i.USBD_StdItfReq    usbd_ctlreq.o
    0x080042dc   0x00000002   Code   RO          918    i.USBD_static_free  usbd_conf.o
    0x080042de   0x00000002   PAD
    0x080042e0   0x00000008   Code   RO          919    i.USBD_static_malloc  usbd_conf.o
    0x080042e8   0x00000080   Code   RO         1377    i.USB_ActivateEndpoint  stm32f4xx_ll_usb.o
    0x08004368   0x0000001c   Code   RO         1379    i.USB_ActivateSetup  stm32f4xx_ll_usb.o
    0x08004384   0x00000084   Code   RO         1381    i.USB_CoreInit      stm32f4xx_ll_usb.o
    0x08004408   0x00000044   Code   RO         1382    i.USB_CoreReset     stm32f4xx_ll_usb.o
    0x0800444c   0x000000cc   Code   RO         1385    i.USB_DeactivateEndpoint  stm32f4xx_ll_usb.o
    0x08004518   0x0000001c   Code   RO         1386    i.USB_DevConnect    stm32f4xx_ll_usb.o
    0x08004534   0x0000001c   Code   RO         1387    i.USB_DevDisconnect  stm32f4xx_ll_usb.o
    0x08004550   0x0000017c   Code   RO         1388    i.USB_DevInit       stm32f4xx_ll_usb.o
    0x080046cc   0x0000000c   Code   RO         1389    i.USB_DisableGlobalInt  stm32f4xx_ll_usb.o
    0x080046d8   0x00000058   Code   RO         1392    i.USB_EP0_OutStart  stm32f4xx_ll_usb.o
    0x08004730   0x00000058   Code   RO         1393    i.USB_EPClearStall  stm32f4xx_ll_usb.o
    0x08004788   0x00000058   Code   RO         1394    i.USB_EPSetStall    stm32f4xx_ll_usb.o
    0x080047e0   0x00000238   Code   RO         1395    i.USB_EPStartXfer   stm32f4xx_ll_usb.o
    0x08004a18   0x0000009e   Code   RO         1396    i.USB_EPStopXfer    stm32f4xx_ll_usb.o
    0x08004ab6   0x0000000c   Code   RO         1397    i.USB_EnableGlobalInt  stm32f4xx_ll_usb.o
    0x08004ac2   0x00000038   Code   RO         1398    i.USB_FlushRxFifo   stm32f4xx_ll_usb.o
    0x08004afa   0x0000003c   Code   RO         1399    i.USB_FlushTxFifo   stm32f4xx_ll_usb.o
    0x08004b36   0x0000001a   Code   RO         1401    i.USB_GetDevSpeed   stm32f4xx_ll_usb.o
    0x08004b50   0x00000008   Code   RO         1403    i.USB_GetMode       stm32f4xx_ll_usb.o
    0x08004b58   0x0000000e   Code   RO         1411    i.USB_ReadDevAllInEpInterrupt  stm32f4xx_ll_usb.o
    0x08004b66   0x0000000e   Code   RO         1412    i.USB_ReadDevAllOutEpInterrupt  stm32f4xx_ll_usb.o
    0x08004b74   0x00000024   Code   RO         1413    i.USB_ReadDevInEPInterrupt  stm32f4xx_ll_usb.o
    0x08004b98   0x00000010   Code   RO         1414    i.USB_ReadDevOutEPInterrupt  stm32f4xx_ll_usb.o
    0x08004ba8   0x00000008   Code   RO         1415    i.USB_ReadInterrupts  stm32f4xx_ll_usb.o
    0x08004bb0   0x0000003e   Code   RO         1416    i.USB_ReadPacket    stm32f4xx_ll_usb.o
    0x08004bee   0x0000005c   Code   RO         1418    i.USB_SetCurrentMode  stm32f4xx_ll_usb.o
    0x08004c4a   0x00000022   Code   RO         1419    i.USB_SetDevAddress  stm32f4xx_ll_usb.o
    0x08004c6c   0x000000e8   Code   RO         1421    i.USB_SetTurnaroundTime  stm32f4xx_ll_usb.o
    0x08004d54   0x00000028   Code   RO         1424    i.USB_WritePacket   stm32f4xx_ll_usb.o
    0x08004d7c   0x00000002   Code   RO          609    i.UsageFault_Handler  stm32f4xx_it.o
    0x08004d7e   0x00000002   PAD
    0x08004d80   0x00000028   Code   RO         5173    i.__0sprintf$8      mc_w.l(printf8.o)
    0x08004da8   0x00000020   Code   RO         2441    i.__NVIC_SetPriority  stm32f4xx_hal_cortex.o
    0x08004dc8   0x0000000e   Code   RO         5269    i.__scatterload_copy  mc_w.l(handlers.o)
    0x08004dd6   0x00000002   Code   RO         5270    i.__scatterload_null  mc_w.l(handlers.o)
    0x08004dd8   0x0000000e   Code   RO         5271    i.__scatterload_zeroinit  mc_w.l(handlers.o)
    0x08004de6   0x00000002   PAD
    0x08004de8   0x00000410   Code   RO         5178    i._printf_core      mc_w.l(printf8.o)
    0x080051f8   0x00000024   Code   RO         5179    i._printf_post_padding  mc_w.l(printf8.o)
    0x0800521c   0x0000002e   Code   RO         5180    i._printf_pre_padding  mc_w.l(printf8.o)
    0x0800524a   0x0000000a   Code   RO         5182    i._sputc            mc_w.l(printf8.o)
    0x08005254   0x00000228   Code   RO          369    i.main              main.o
    0x0800547c   0x00000048   Code   RO           30    i.print_uint32_with_label  bootloader.o
    0x080054c4   0x00000060   Data   RO           31    .constdata          bootloader.o
    0x08005524   0x00000010   Data   RO         4521    .constdata          system_stm32f4xx_1.o
    0x08005534   0x00000008   Data   RO         4522    .constdata          system_stm32f4xx_1.o
    0x0800553c   0x00000020   Data   RO         5267    Region$$Table       anon$$obj.o


    Execution Region RW_IRAM1 (Base: 0x20000000, Size: 0x000024b8, Max: 0x0001c000, ABSOLUTE, COMPRESSED[0x000000cc])

    Base Addr    Size         Type   Attr      Idx    E Section Name        Object

    0x20000000   0x00000008   Data   RW           34    .data               bootloader.o
    0x20000008   0x00000002   Data   RW          306    .data               global_variables.o
    0x2000000a   0x00000002   Data   RW          307    .data               global_variables.o
    0x2000000c   0x00000004   Data   RW          308    .data               global_variables.o
    0x20000010   0x00000002   Data   RW          309    .data               global_variables.o
    0x20000012   0x00000002   PAD
    0x20000014   0x00000004   Data   RW          310    .data               global_variables.o
    0x20000018   0x00000002   Data   RW          311    .data               global_variables.o
    0x2000001a   0x00000002   PAD
    0x2000001c   0x00000004   Data   RW          312    .data               global_variables.o
    0x20000020   0x00000004   Data   RW          313    .data               global_variables.o
    0x20000024   0x00000001   Data   RW          314    .data               global_variables.o
    0x20000025   0x00000001   Data   RW          315    .data               global_variables.o
    0x20000026   0x00000001   Data   RW          316    .data               global_variables.o
    0x20000027   0x00000001   PAD
    0x20000028   0x00000002   Data   RW          317    .data               global_variables.o
    0x2000002a   0x00000001   Data   RW          318    .data               global_variables.o
    0x2000002b   0x00000001   Data   RW          319    .data               global_variables.o
    0x2000002c   0x00000001   Data   RW          321    .data               global_variables.o
    0x2000002d   0x00000001   PAD
    0x2000002e   0x00000002   Data   RW          322    .data               global_variables.o
    0x20000030   0x00000004   Data   RW          323    .data               global_variables.o
    0x20000034   0x00000004   Data   RW          324    .data               global_variables.o
    0x20000038   0x00000006   Data   RW          325    .data               global_variables.o
    0x2000003e   0x00000002   PAD
    0x20000040   0x0000000c   Data   RW          326    .data               global_variables.o
    0x2000004c   0x00000004   Data   RW          327    .data               global_variables.o
    0x20000050   0x00000008   Data   RW          328    .data               global_variables.o
    0x20000058   0x00000002   Data   RW          332    .data               global_variables.o
    0x2000005a   0x00000002   PAD
    0x2000005c   0x0000001c   Data   RW          756    .data               usbd_desc.o
    0x20000078   0x00000032   Data   RW          757    .data               usbd_desc.o
    0x200000aa   0x00000002   PAD
    0x200000ac   0x00000014   Data   RW          839    .data               usbd_cdc_if.o
    0x200000c0   0x00000020   Data   RW         1854    .data               stm32f4xx_hal_flash.o
    0x200000e0   0x0000000c   Data   RW         2600    .data               stm32f4xx_hal.o
    0x200000ec   0x00000004   Data   RW         4523    .data               system_stm32f4xx_1.o
    0x200000f0   0x00000001   Data   RW         4726    .data               usbd_ctlreq.o
    0x200000f1   0x00000003   PAD
    0x200000f4   0x00000053   Data   RW         4869    .data               usbd_cdc.o
    0x20000147   0x00000001   PAD
    0x20000148   0x00000038   Data   RW         4870    .data               usbd_cdc.o
    0x20000180   0x00000264   Zero   RW          303    .bss                global_variables.o
    0x200003e4   0x00000800   Zero   RW          304    .bss                global_variables.o
    0x20000be4   0x00000800   Zero   RW          305    .bss                global_variables.o
    0x200013e4   0x0000000c   Zero   RW          431    .bss                iwdg.o
    0x200013f0   0x00000058   Zero   RW          463    .bss                spi.o
    0x20001448   0x00000048   Zero   RW          506    .bss                tim.o
    0x20001490   0x00000048   Zero   RW          554    .bss                usart.o
    0x200014d8   0x000002dc   Zero   RW          717    .bss                usb_device.o
    0x200017b4   0x00000200   Zero   RW          755    .bss                usbd_desc.o
    0x200019b4   0x00000704   Zero   RW          920    .bss                usbd_conf.o
    0x200020b8   0x00000400   Zero   RW            1    STACK               startup_stm32f407xx.o


    Execution Region RW_IRAM2 (Base: 0x2001c000, Size: 0x00000000, Max: 0x00004000, ABSOLUTE)

    **** No section assigned to this execution region ****


==============================================================================

Image component sizes


      Code (inc. data)   RO Data    RW Data    ZI Data      Debug   Object Name

      1738        300         96          8          0     745795   bootloader.o
         0          0          0         74       4708       4371   global_variables.o
        76          8          0          0          0        903   gpio.o
        44          8          0          0         12        763   iwdg.o
       694        122          0          0          0       2536   main.o
       176         22          0          0         88       1765   spi.o
        36          8        392          0       1024        856   startup_stm32f407xx.o
       254         46          0         12          0      10702   stm32f4xx_hal.o
       198         14          0          0          0      33927   stm32f4xx_hal_cortex.o
       182          0          0          0          0       2159   stm32f4xx_hal_dma.o
       520         66          0         32          0       6802   stm32f4xx_hal_flash.o
       356         24          0          0          0       4090   stm32f4xx_hal_flash_ex.o
       496         46          0          0          0       1572   stm32f4xx_hal_gpio.o
       106          0          0          0          0       1963   stm32f4xx_hal_iwdg.o
        48          6          0          0          0        898   stm32f4xx_hal_msp.o
      2576         12          0          0          0      13840   stm32f4xx_hal_pcd.o
        78          0          0          0          0       2473   stm32f4xx_hal_pcd_ex.o
      1356         78          0          0          0       5872   stm32f4xx_hal_rcc.o
       188          0          0          0          0       1255   stm32f4xx_hal_spi.o
       824         72          0          0          0       8388   stm32f4xx_hal_tim.o
         4          0          0          0          0       1689   stm32f4xx_hal_tim_ex.o
      1576         14          0          0          0      10788   stm32f4xx_hal_uart.o
        56         18          0          0          0       5822   stm32f4xx_it.o
      2708        116          0          0          0      23840   stm32f4xx_ll_usb.o
        16          4         24          4          0       1187   system_stm32f4xx_1.o
       140         28          0          0         72       2240   tim.o
       180         22          0          0         72       1810   usart.o
        84         18          0          0        732        848   usb_device.o
      1290         38          0        139          0      14749   usbd_cdc.o
       360         76          0         20          0       4421   usbd_cdc_if.o
       642         24          0          0       1796      17348   usbd_conf.o
       934          0          0          0          0      15795   usbd_core.o
      1360         28          0          1          0      15568   usbd_ctlreq.o
       288        104          0         78        512       6369   usbd_desc.o
       138          0          0          0          0       4664   usbd_ioreq.o

    ----------------------------------------------------------------------
     19764       1322        544        384       9016     978068   Object Totals
         0          0         32          0          0          0   (incl. Generated)
        42          0          0         16          0          0   (incl. Padding)

    ----------------------------------------------------------------------

      Code (inc. data)   RO Data    RW Data    ZI Data      Debug   Library Member Name

        86          0          0          0          0          0   __dczerorl2.o
         0          0          0          0          0          0   entry.o
         0          0          0          0          0          0   entry10a.o
         0          0          0          0          0          0   entry11a.o
         8          4          0          0          0          0   entry2.o
         4          0          0          0          0          0   entry5.o
         0          0          0          0          0          0   entry7b.o
         0          0          0          0          0          0   entry8b.o
         8          4          0          0          0          0   entry9a.o
        30          0          0          0          0          0   handlers.o
        36          8          0          0          0         68   init.o
        30          0          0          0          0         68   llshl.o
        32          0          0          0          0         68   llushr.o
        36          0          0          0          0        108   memseta.o
      1172         50          0          0          0        420   printf8.o
        98          0          0          0          0         92   uldiv.o

    ----------------------------------------------------------------------
      1544         66          0          0          0        824   Library Totals
         4          0          0          0          0          0   (incl. Padding)

    ----------------------------------------------------------------------

      Code (inc. data)   RO Data    RW Data    ZI Data      Debug   Library Name

      1540         66          0          0          0        824   mc_w.l

    ----------------------------------------------------------------------
      1544         66          0          0          0        824   Library Totals

    ----------------------------------------------------------------------

==============================================================================


      Code (inc. data)   RO Data    RW Data    ZI Data      Debug   

     21308       1388        544        384       9016     955712   Grand Totals
     21308       1388        544        204       9016     955712   ELF Image Totals (compressed)
     21308       1388        544        204          0          0   ROM Totals

==============================================================================

    Total RO  Size (Code + RO Data)                21852 (  21.34kB)
    Total RW  Size (RW Data + ZI Data)              9400 (   9.18kB)
    Total ROM Size (Code + RO Data + RW Data)      22056 (  21.54kB)

==============================================================================

