Component: ARM Compiler 5.06 update 5 (build 528) Tool: armlink [4d35e2]

==============================================================================

Section Cross References

    startup_stm32f407xx.o(STACK) refers (Special) to heapauxi.o(.text) for __use_two_region_memory
    startup_stm32f407xx.o(HEAP) refers (Special) to heapauxi.o(.text) for __use_two_region_memory
    startup_stm32f407xx.o(RESET) refers (Special) to heapauxi.o(.text) for __use_two_region_memory
    startup_stm32f407xx.o(RESET) refers to startup_stm32f407xx.o(STACK) for __initial_sp
    startup_stm32f407xx.o(RESET) refers to startup_stm32f407xx.o(.text) for Reset_Handler
    startup_stm32f407xx.o(RESET) refers to stm32f4xx_it.o(i.NMI_Handler) for NMI_Handler
    startup_stm32f407xx.o(RESET) refers to stm32f4xx_it.o(i.HardFault_Handler) for HardFault_Handler
    startup_stm32f407xx.o(RESET) refers to stm32f4xx_it.o(i.MemManage_Handler) for MemManage_Handler
    startup_stm32f407xx.o(RESET) refers to stm32f4xx_it.o(i.BusFault_Handler) for BusFault_Handler
    startup_stm32f407xx.o(RESET) refers to stm32f4xx_it.o(i.UsageFault_Handler) for UsageFault_Handler
    startup_stm32f407xx.o(RESET) refers to port.o(.emb_text) for SVC_Handler
    startup_stm32f407xx.o(RESET) refers to stm32f4xx_it.o(i.DebugMon_Handler) for DebugMon_Handler
    startup_stm32f407xx.o(RESET) refers to cmsis_os2.o(i.SysTick_Handler) for SysTick_Handler
    startup_stm32f407xx.o(RESET) refers to stm32f4xx_it.o(i.TIM4_IRQHandler) for TIM4_IRQHandler
    startup_stm32f407xx.o(RESET) refers to stm32f4xx_it.o(i.OTG_FS_IRQHandler) for OTG_FS_IRQHandler
    startup_stm32f407xx.o(.text) refers (Special) to heapauxi.o(.text) for __use_two_region_memory
    startup_stm32f407xx.o(.text) refers to system_stm32f4xx.o(i.SystemInit) for SystemInit
    startup_stm32f407xx.o(.text) refers to __main.o(!!!main) for __main
    startup_stm32f407xx.o(.text) refers to startup_stm32f407xx.o(HEAP) for Heap_Mem
    startup_stm32f407xx.o(.text) refers to startup_stm32f407xx.o(STACK) for Stack_Mem
    app_base.o(i.BootloaderErrorInterFunc) refers to stm32f4xx_hal_uart.o(i.HAL_UART_Transmit) for HAL_UART_Transmit
    app_base.o(i.BootloaderErrorInterFunc) refers to stm32f4xx_hal_gpio.o(i.HAL_GPIO_WritePin) for HAL_GPIO_WritePin
    app_base.o(i.BootloaderErrorInterFunc) refers to stm32f4xx_hal.o(i.HAL_Delay) for HAL_Delay
    app_base.o(i.BootloaderErrorInterFunc) refers to usart.o(.bss) for huart1
    app_base.o(i.CopyAtoB) refers to _printf_pad.o(.text) for _printf_pre_padding
    app_base.o(i.CopyAtoB) refers to _printf_percent.o(.ARM.Collect$$_printf_percent$$00000000) for _printf_percent
    app_base.o(i.CopyAtoB) refers to _printf_x.o(.ARM.Collect$$_printf_percent$$0000000C) for _printf_x
    app_base.o(i.CopyAtoB) refers to _printf_hex_int.o(.text) for _printf_longlong_hex
    app_base.o(i.CopyAtoB) refers to app_base.o(i.FlashEraseAllSectors) for FlashEraseAllSectors
    app_base.o(i.CopyAtoB) refers to app_base.o(i.Send_BootloaderPacket) for Send_BootloaderPacket
    app_base.o(i.CopyAtoB) refers to stm32f4xx_hal_flash.o(i.HAL_FLASH_Unlock) for HAL_FLASH_Unlock
    app_base.o(i.CopyAtoB) refers to app_base.o(i.DetectActualProgramSize) for DetectActualProgramSize
    app_base.o(i.CopyAtoB) refers to app_base.o(i.Flash_GetSectorStartAddressByAddress) for Flash_GetSectorStartAddressByAddress
    app_base.o(i.CopyAtoB) refers to stm32f4xx_hal_flash.o(i.HAL_FLASH_Program) for HAL_FLASH_Program
    app_base.o(i.CopyAtoB) refers to stm32f4xx_hal_flash.o(i.HAL_FLASH_GetError) for HAL_FLASH_GetError
    app_base.o(i.CopyAtoB) refers to __2sprintf.o(.text) for __2sprintf
    app_base.o(i.CopyAtoB) refers to stm32f4xx_hal_flash.o(i.HAL_FLASH_Lock) for HAL_FLASH_Lock
    app_base.o(i.CopyAtoB) refers to app_base.o(i.CalculateCRC32) for CalculateCRC32
    app_base.o(i.CopyAtoB) refers to app_base.o(i.print_uint32_with_label) for print_uint32_with_label
    app_base.o(i.CopyAtoB) refers to app_base.o(i.BootloaderErrorInterFunc) for BootloaderErrorInterFunc
    app_base.o(i.CopyAtoB) refers to app_base.o(.data) for .data
    app_base.o(i.DetectActualProgramSize) refers to app_base.o(i.Flash_GetSectorStartAddressByAddress) for Flash_GetSectorStartAddressByAddress
    app_base.o(i.FlashErase) refers to stm32f4xx_hal_flash.o(i.HAL_FLASH_Unlock) for HAL_FLASH_Unlock
    app_base.o(i.FlashErase) refers to app_base.o(i.Flash_GetSectorStartAddressByAddress) for Flash_GetSectorStartAddressByAddress
    app_base.o(i.FlashErase) refers to app_base.o(i.Flash_EraseSectorByAddress) for Flash_EraseSectorByAddress
    app_base.o(i.FlashErase) refers to stm32f4xx_hal_flash.o(i.HAL_FLASH_Lock) for HAL_FLASH_Lock
    app_base.o(i.FlashEraseAllSectors) refers to stm32f4xx_hal_flash.o(i.HAL_FLASH_Unlock) for HAL_FLASH_Unlock
    app_base.o(i.FlashEraseAllSectors) refers to app_base.o(i.Flash_GetSectorStartAddressByAddress) for Flash_GetSectorStartAddressByAddress
[...]
    __asm___6_port_c_39a90d8d__prvStartFirstTask 0x0804029d   Thumb Code    36  port.o(.emb_text)
    __asm___6_port_c_39a90d8d__prvEnableVFP  0x080402c5   Thumb Code    16  port.o(.emb_text)
    PendSV_Handler                           0x080402d9   Thumb Code    88  port.o(.emb_text)
    vPortGetIPSR                             0x08040335   Thumb Code     6  port.o(.emb_text)
    Reset_Handler                            0x0804033d   Thumb Code     8  startup_stm32f407xx.o(.text)
    ADC_IRQHandler                           0x08040357   Thumb Code     0  startup_stm32f407xx.o(.text)
    CAN1_RX0_IRQHandler                      0x08040357   Thumb Code     0  startup_stm32f407xx.o(.text)
    CAN1_RX1_IRQHandler                      0x08040357   Thumb Code     0  startup_stm32f407xx.o(.text)
    CAN1_SCE_IRQHandler                      0x08040357   Thumb Code     0  startup_stm32f407xx.o(.text)
    CAN1_TX_IRQHandler                       0x08040357   Thumb Code     0  startup_stm32f407xx.o(.text)
    CAN2_RX0_IRQHandler                      0x08040357   Thumb Code     0  startup_stm32f407xx.o(.text)
    CAN2_RX1_IRQHandler                      0x08040357   Thumb Code     0  startup_stm32f407xx.o(.text)
    CAN2_SCE_IRQHandler                      0x08040357   Thumb Code     0  startup_stm32f407xx.o(.text)
    CAN2_TX_IRQHandler                       0x08040357   Thumb Code     0  startup_stm32f407xx.o(.text)
    DCMI_IRQHandler                          0x08040357   Thumb Code     0  startup_stm32f407xx.o(.text)
    DMA1_Stream0_IRQHandler                  0x08040357   Thumb Code     0  startup_stm32f407xx.o(.text)
    DMA1_Stream1_IRQHandler                  0x08040357   Thumb Code     0  startup_stm32f407xx.o(.text)
    DMA1_Stream2_IRQHandler                  0x08040357   Thumb Code     0  startup_stm32f407xx.o(.text)
    DMA1_Stream3_IRQHandler                  0x08040357   Thumb Code     0  startup_stm32f407xx.o(.text)
    DMA1_Stream4_IRQHandler                  0x08040357   Thumb Code     0  startup_stm32f407xx.o(.text)
    DMA1_Stream5_IRQHandler                  0x08040357   Thumb Code     0  startup_stm32f407xx.o(.text)
    DMA1_Stream6_IRQHandler                  0x08040357   Thumb Code     0  startup_stm32f407xx.o(.text)
    DMA1_Stream7_IRQHandler                  0x08040357   Thumb Code     0  startup_stm32f407xx.o(.text)
    DMA2_Stream0_IRQHandler                  0x08040357   Thumb Code     0  startup_stm32f407xx.o(.text)
    DMA2_Stream1_IRQHandler                  0x08040357   Thumb Code     0  startup_stm32f407xx.o(.text)
    DMA2_Stream2_IRQHandler                  0x08040357   Thumb Code     0  startup_stm32f407xx.o(.text)
    DMA2_Stream3_IRQHandler                  0x08040357   Thumb Code     0  startup_stm32f407xx.o(.text)
    DMA2_Stream4_IRQHandler                  0x08040357   Thumb Code     0  startup_stm32f407xx.o(.text)
    DMA2_Stream5_IRQHandler                  0x08040357   Thumb Code     0  startup_stm32f407xx.o(.text)
    DMA2_Stream6_IRQHandler                  0x08040357   Thumb Code     0  startup_stm32f407xx.o(.text)
    DMA2_Stream7_IRQHandler                  0x08040357   Thumb Code     0  startup_stm32f407xx.o(.text)
    ETH_IRQHandler                           0x08040357   Thumb Code     0  startup_stm32f407xx.o(.text)
    ETH_WKUP_IRQHandler                      0x08040357   Thumb Code     0  startup_stm32f407xx.o(.text)
    EXTI0_IRQHandler                         0x08040357   Thumb Code     0  startup_stm32f407xx.o(.text)
    EXTI15_10_IRQHandler                     0x08040357   Thumb Code     0  startup_stm32f407xx.o(.text)
    EXTI1_IRQHandler                         0x08040357   Thumb Code     0  startup_stm32f407xx.o(.text)
    EXTI2_IRQHandler                         0x08040357   Thumb Code     0  startup_stm32f407xx.o(.text)
    EXTI3_IRQHandler                         0x08040357   Thumb Code     0  startup_stm32f407xx.o(.text)
    EXTI4_IRQHandler                         0x08040357   Thumb Code     0  startup_stm32f407xx.o(.text)
    EXTI9_5_IRQHandler                       0x08040357   Thumb Code     0  startup_stm32f407xx.o(.text)
    FLASH_IRQHandler                         0x08040357   Thumb Code     0  startup_stm32f407xx.o(.text)
    FMC_IRQHandler                           0x08040357   Thumb Code     0  startup_stm32f407xx.o(.text)
    FPU_IRQHandler                           0x08040357   Thumb Code     0  startup_stm32f407xx.o(.text)
    HASH_RNG_IRQHandler                      0x08040357   Thumb Code     0  startup_stm32f407xx.o(.text)
    I2C1_ER_IRQHandler                       0x08040357   Thumb Code     0  startup_stm32f407xx.o(.text)
    I2C1_EV_IRQHandler                       0x08040357   Thumb Code     0  startup_stm32f407xx.o(.text)
    I2C2_ER_IRQHandler                       0x08040357   Thumb Code     0  startup_stm32f407xx.o(.text)
    I2C2_EV_IRQHandler                       0x08040357   Thumb Code     0  startup_stm32f407xx.o(.text)
    I2C3_ER_IRQHandler                       0x08040357   Thumb Code     0  startup_stm32f407xx.o(.text)
    I2C3_EV_IRQHandler                       0x08040357   Thumb Code     0  startup_stm32f407xx.o(.text)
    OTG_FS_WKUP_IRQHandler                   0x08040357   Thumb Code     0  startup_stm32f407xx.o(.text)
    OTG_HS_EP1_IN_IRQHandler                 0x08040357   Thumb Code     0  startup_stm32f407xx.o(.text)
    OTG_HS_EP1_OUT_IRQHandler                0x08040357   Thumb Code     0  startup_stm32f407xx.o(.text)
    OTG_HS_IRQHandler                        0x08040357   Thumb Code     0  startup_stm32f407xx.o(.text)
    OTG_HS_WKUP_IRQHandler                   0x08040357   Thumb Code     0  startup_stm32f407xx.o(.text)
    PVD_IRQHandler                           0x08040357   Thumb Code     0  startup_stm32f407xx.o(.text)
    RCC_IRQHandler                           0x08040357   Thumb Code     0  startup_stm32f407xx.o(.text)
    RTC_Alarm_IRQHandler                     0x08040357   Thumb Code     0  startup_stm32f407xx.o(.text)
    RTC_WKUP_IRQHandler                      0x08040357   Thumb Code     0  startup_stm32f407xx.o(.text)
    SDIO_IRQHandler                          0x08040357   Thumb Code     0  startup_stm32f407xx.o(.text)
    SPI1_IRQHandler                          0x08040357   Thumb Code     0  startup_stm32f407xx.o(.text)
    SPI2_IRQHandler                          0x08040357   Thumb Code     0  startup_stm32f407xx.o(.text)
    SPI3_IRQHandler                          0x08040357   Thumb Code     0  startup_stm32f407xx.o(.text)
    TAMP_STAMP_IRQHandler                    0x08040357   Thumb Code     0  startup_stm32f407xx.o(.text)
    TIM1_BRK_TIM9_IRQHandler                 0x08040357   Thumb Code     0  startup_stm32f407xx.o(.text)
    TIM1_CC_IRQHandler                       0x08040357   Thumb Code     0  startup_stm32f407xx.o(.text)
    TIM1_TRG_COM_TIM11_IRQHandler            0x08040357   Thumb Code     0  startup_stm32f407xx.o(.text)
    TIM1_UP_TIM10_IRQHandler                 0x08040357   Thumb Code     0  startup_stm32f407xx.o(.text)
    TIM2_IRQHandler                          0x08040357   Thumb Code     0  startup_stm32f407xx.o(.text)
    TIM3_IRQHandler                          0x08040357   Thumb Code     0  startup_stm32f407xx.o(.text)
    TIM5_IRQHandler                          0x08040357   Thumb Code     0  startup_stm32f407xx.o(.text)
    TIM6_DAC_IRQHandler                      0x08040357   Thumb Code     0  startup_stm32f407xx.o(.text)
    TIM7_IRQHandler                          0x08040357   Thumb Code     0  startup_stm32f407xx.o(.text)
    TIM8_BRK_TIM12_IRQHandler                0x08040357   Thumb Code     0  startup_stm32f407xx.o(.text)
    TIM8_CC_IRQHandler                       0x08040357   Thumb Code     0  startup_stm32f407xx.o(.text)
    TIM8_TRG_COM_TIM14_IRQHandler            0x08040357   Thumb Code     0  startup_stm32f407xx.o(.text)
    TIM8_UP_TIM13_IRQHandler                 0x08040357   Thumb Code     0  startup_stm32f407xx.o(.text)
    UART4_IRQHandler                         0x08040357   Thumb Code     0  startup_stm32f407xx.o(.text)
    UART5_IRQHandler                         0x08040357   Thumb Code     0  startup_stm32f407xx.o(.text)
    USART1_IRQHandler                        0x08040357   Thumb Code     0  startup_stm32f407xx.o(.text)
    USART2_IRQHandler                        0x08040357   Thumb Code     0  startup_stm32f407xx.o(.text)
    USART3_IRQHandler                        0x08040357   Thumb Code     0  startup_stm32f407xx.o(.text)
    USART6_IRQHandler                        0x08040357   Thumb Code     0  startup_stm32f407xx.o(.text)
    WWDG_IRQHandler                          0x08040357   Thumb Code     0  startup_stm32f407xx.o(.text)
    __user_initial_stackheap                 0x08040359   Thumb Code     0  startup_stm32f407xx.o(.text)
    __aeabi_uldivmod                         0x0804037d   Thumb Code     0  lludivv7m.o(.text)
    _ll_udiv                                 0x0804037d   Thumb Code   238  lludivv7m.o(.text)
    __2sprintf                               0x0804046d   Thumb Code    38  __2sprintf.o(.text)
    _printf_pre_padding                      0x08040499   Thumb Code    44  _printf_pad.o(.text)
    _printf_post_padding                     0x080404c5   Thumb Code    34  _printf_pad.o(.text)
    _printf_str                              0x080404e7   Thumb Code    82  _printf_str.o(.text)
    _printf_int_dec                          0x08040539   Thumb Code   104  _printf_dec.o(.text)
    _printf_int_hex                          0x080405b1   Thumb Code    84  _printf_hex_int.o(.text)
    _printf_longlong_hex                     0x080405b1   Thumb Code     0  _printf_hex_int.o(.text)
    __printf                                 0x08040609   Thumb Code   388  __printf_flags_ss_wp.o(.text)
    __aeabi_memcpy                           0x08040791   Thumb Code     0  rt_memcpy_v6.o(.text)
    __rt_memcpy                              0x08040791   Thumb Code   138  rt_memcpy_v6.o(.text)
    _memcpy_lastbytes                        0x080407f7   Thumb Code     0  rt_memcpy_v6.o(.text)
    __aeabi_memset                           0x0804081b   Thumb Code    16  aeabi_memset.o(.text)
    __aeabi_memclr4                          0x0804082b   Thumb Code     0  rt_memclr_w.o(.text)
    __aeabi_memclr8                          0x0804082b   Thumb Code     0  rt_memclr_w.o(.text)
    __rt_memclr_w                            0x0804082b   Thumb Code    78  rt_memclr_w.o(.text)
    _memset_w                                0x0804082f   Thumb Code     0  rt_memclr_w.o(.text)
    __use_two_region_memory                  0x08040879   Thumb Code     2  heapauxi.o(.text)
    __rt_heap_escrow$2region                 0x0804087b   Thumb Code     2  heapauxi.o(.text)
    __rt_heap_expand$2region                 0x0804087d   Thumb Code     2  heapauxi.o(.text)
    _printf_int_common                       0x0804087f   Thumb Code   178  _printf_intcommon.o(.text)
    _printf_char_common                      0x0804093b   Thumb Code    32  _printf_char_common.o(.text)
    _sputc                                   0x08040961   Thumb Code    10  _sputc.o(.text)
    _printf_cs_common                        0x0804096b   Thumb Code    20  _printf_char.o(.text)
    _printf_char                             0x0804097f   Thumb Code    16  _printf_char.o(.text)
    _printf_string                           0x0804098f   Thumb Code     8  _printf_char.o(.text)
    __aeabi_memcpy4                          0x08040997   Thumb Code     0  rt_memcpy_w.o(.text)
    __aeabi_memcpy8                          0x08040997   Thumb Code     0  rt_memcpy_w.o(.text)
    __rt_memcpy_w                            0x08040997   Thumb Code   100  rt_memcpy_w.o(.text)
    _memcpy_lastbytes_aligned                0x080409df   Thumb Code     0  rt_memcpy_w.o(.text)
    __aeabi_memclr                           0x080409fb   Thumb Code     0  rt_memclr.o(.text)
    __rt_memclr                              0x080409fb   Thumb Code    68  rt_memclr.o(.text)
    _memset                                  0x080409ff   Thumb Code     0  rt_memclr.o(.text)
    __user_setup_stackheap                   0x08040a3f   Thumb Code    74  sys_stackheap_outer.o(.text)
    exit                                     0x08040a89   Thumb Code    18  exit.o(.text)
    __user_libspace                          0x08040a9d   Thumb Code     8  libspace.o(.text)
    __user_perproc_libspace                  0x08040a9d   Thumb Code     0  libspace.o(.text)
    __user_perthread_libspace                0x08040a9d   Thumb Code     0  libspace.o(.text)
    _sys_exit                                0x08040aa5   Thumb Code     8  sys_exit.o(.text)
    __I$use$semihosting                      0x08040ab1   Thumb Code     0  use_no_semi.o(.text)
    __use_no_semihosting_swi                 0x08040ab1   Thumb Code     2  use_no_semi.o(.text)
    __semihosting_library_function           0x08040ab3   Thumb Code     0  indicate_semi.o(.text)
    BootloaderErrorInterFunc                 0x08040ab5   Thumb Code    86  app_base.o(i.BootloaderErrorInterFunc)
    BusFault_Handler                         0x08040b31   Thumb Code     2  stm32f4xx_it.o(i.BusFault_Handler)
    CDC_Transmit_FS                          0x08040b9d   Thumb Code    38  usbd_cdc_if.o(i.CDC_Transmit_FS)
    CalculateCRC32                           0x08040bc9   Thumb Code    46  app_base.o(i.CalculateCRC32)
    CopyAtoB                                 0x08040bfd   Thumb Code   490  app_base.o(i.CopyAtoB)
    DebugMon_Handler                         0x08040e69   Thumb Code     2  stm32f4xx_it.o(i.DebugMon_Handler)
    DetectActualProgramSize                  0x08040e6d   Thumb Code   308  app_base.o(i.DetectActualProgramSize)
    Error_Handler                            0x08040fbd   Thumb Code     4  main.o(i.Error_Handler)
    FLASH_Erase_Sector                       0x08040fc1   Thumb Code    74  stm32f4xx_hal_flash_ex.o(i.FLASH_Erase_Sector)
    FLASH_FlushCaches                        0x08041011   Thumb Code    80  stm32f4xx_hal_flash_ex.o(i.FLASH_FlushCaches)
    FLASH_WaitForLastOperation               0x08041189   Thumb Code    72  stm32f4xx_hal_flash.o(i.FLASH_WaitForLastOperation)
    FlashEraseAllSectors                     0x080411d9   Thumb Code   178  app_base.o(i.FlashEraseAllSectors)
    Flash_EraseSectorByAddress               0x080412a9   Thumb Code    86  app_base.o(i.Flash_EraseSectorByAddress)
    Flash_GetSectorStartAddressByAddress     0x08041309   Thumb Code    52  app_base.o(i.Flash_GetSectorStartAddressByAddress)
    HAL_Delay                                0x08041341   Thumb Code    32  stm32f4xx_hal.o(i.HAL_Delay)
    HAL_FLASHEx_Erase                        0x08041365   Thumb Code   144  stm32f4xx_hal_flash_ex.o(i.HAL_FLASHEx_Erase)
    HAL_FLASH_GetError                       0x080413fd   Thumb Code     6  stm32f4xx_hal_flash.o(i.HAL_FLASH_GetError)
    HAL_FLASH_Lock                           0x08041409   Thumb Code    14  stm32f4xx_hal_flash.o(i.HAL_FLASH_Lock)
    HAL_FLASH_Program                        0x0804141d   Thumb Code   116  stm32f4xx_hal_flash.o(i.HAL_FLASH_Program)
    HAL_FLASH_Unlock                         0x08041499   Thumb Code    32  stm32f4xx_hal_flash.o(i.HAL_FLASH_Unlock)
    HAL_GPIO_Init                            0x080414c5   Thumb Code   450  stm32f4xx_hal_gpio.o(i.HAL_GPIO_Init)
    HAL_GPIO_WritePin                        0x080416b5   Thumb Code    10  stm32f4xx_hal_gpio.o(i.HAL_GPIO_WritePin)
    HAL_GetTick                              0x080416c1   Thumb Code     6  stm32f4xx_hal.o(i.HAL_GetTick)
    HAL_IWDG_Init                            0x080416cd   Thumb Code    94  stm32f4xx_hal_iwdg.o(i.HAL_IWDG_Init)
    HAL_IncTick                              0x0804172d   Thumb Code    12  stm32f4xx_hal.o(i.HAL_IncTick)
    HAL_Init                                 0x0804173d   Thumb Code    48  stm32f4xx_hal.o(i.HAL_Init)
    HAL_InitTick                             0x08041771   Thumb Code   132  stm32f4xx_hal_timebase_tim.o(i.HAL_InitTick)
    HAL_MspInit                              0x08041809   Thumb Code    52  stm32f4xx_hal_msp.o(i.HAL_MspInit)
    HAL_NVIC_EnableIRQ                       0x08041841   Thumb Code    26  stm32f4xx_hal_cortex.o(i.HAL_NVIC_EnableIRQ)
    HAL_NVIC_SetPriority                     0x0804185d   Thumb Code    60  stm32f4xx_hal_cortex.o(i.HAL_NVIC_SetPriority)
    HAL_NVIC_SetPriorityGrouping             0x0804189d   Thumb Code    26  stm32f4xx_hal_cortex.o(i.HAL_NVIC_SetPriorityGrouping)
    HAL_PCDEx_LPM_Callback                   0x080418c1   Thumb Code     2  stm32f4xx_hal_pcd_ex.o(i.HAL_PCDEx_LPM_Callback)
    HAL_PCDEx_SetRxFiFo                      0x080418c3   Thumb Code     8  stm32f4xx_hal_pcd_ex.o(i.HAL_PCDEx_SetRxFiFo)
    HAL_PCDEx_SetTxFiFo                      0x080418cb   Thumb Code    68  stm32f4xx_hal_pcd_ex.o(i.HAL_PCDEx_SetTxFiFo)
    HAL_PCD_ConnectCallback                  0x0804190f   Thumb Code     8  usbd_conf.o(i.HAL_PCD_ConnectCallback)
    HAL_PCD_DataInStageCallback              0x08041917   Thumb Code    18  usbd_conf.o(i.HAL_PCD_DataInStageCallback)
    HAL_PCD_DataOutStageCallback             0x08041929   Thumb Code    20  usbd_conf.o(i.HAL_PCD_DataOutStageCallback)
    HAL_PCD_DisconnectCallback               0x0804193d   Thumb Code     8  usbd_conf.o(i.HAL_PCD_DisconnectCallback)
    HAL_PCD_EP_Abort                         0x08041945   Thumb Code    30  stm32f4xx_hal_pcd.o(i.HAL_PCD_EP_Abort)
    HAL_PCD_EP_Close                         0x08041963   Thumb Code    74  stm32f4xx_hal_pcd.o(i.HAL_PCD_EP_Close)
    HAL_PCD_EP_ClrStall                      0x080419ad   Thumb Code    90  stm32f4xx_hal_pcd.o(i.HAL_PCD_EP_ClrStall)
    HAL_PCD_EP_GetRxCount                    0x08041a07   Thumb Code    18  stm32f4xx_hal_pcd.o(i.HAL_PCD_EP_GetRxCount)
    HAL_PCD_EP_Open                          0x08041a19   Thumb Code    98  stm32f4xx_hal_pcd.o(i.HAL_PCD_EP_Open)
    HAL_PCD_EP_Receive                       0x08041a7b   Thumb Code    56  stm32f4xx_hal_pcd.o(i.HAL_PCD_EP_Receive)
    HAL_PCD_EP_SetStall                      0x08041ab3   Thumb Code   114  stm32f4xx_hal_pcd.o(i.HAL_PCD_EP_SetStall)
    HAL_PCD_EP_Transmit                      0x08041b25   Thumb Code    50  stm32f4xx_hal_pcd.o(i.HAL_PCD_EP_Transmit)
    HAL_PCD_IRQHandler                       0x08041b59   Thumb Code  1372  stm32f4xx_hal_pcd.o(i.HAL_PCD_IRQHandler)
    HAL_PCD_ISOINIncompleteCallback          0x080420b5   Thumb Code     8  usbd_conf.o(i.HAL_PCD_ISOINIncompleteCallback)
    HAL_PCD_ISOOUTIncompleteCallback         0x080420bd   Thumb Code     8  usbd_conf.o(i.HAL_PCD_ISOOUTIncompleteCallback)
    HAL_PCD_Init                             0x080420c5   Thumb Code   204  stm32f4xx_hal_pcd.o(i.HAL_PCD_Init)
    HAL_PCD_MspInit                          0x08042191   Thumb Code   122  usbd_conf.o(i.HAL_PCD_MspInit)
    HAL_PCD_ResetCallback                    0x08042215   Thumb Code    44  usbd_conf.o(i.HAL_PCD_ResetCallback)
    HAL_PCD_ResumeCallback                   0x08042241   Thumb Code     8  usbd_conf.o(i.HAL_PCD_ResumeCallback)
    HAL_PCD_SOFCallback                      0x08042249   Thumb Code     8  usbd_conf.o(i.HAL_PCD_SOFCallback)
    HAL_PCD_SetAddress                       0x08042251   Thumb Code    38  stm32f4xx_hal_pcd.o(i.HAL_PCD_SetAddress)
    HAL_PCD_SetupStageCallback               0x08042277   Thumb Code    14  usbd_conf.o(i.HAL_PCD_SetupStageCallback)
    HAL_PCD_Start                            0x08042285   Thumb Code    66  stm32f4xx_hal_pcd.o(i.HAL_PCD_Start)
    HAL_PCD_SuspendCallback                  0x080422c9   Thumb Code    44  usbd_conf.o(i.HAL_PCD_SuspendCallback)
    HAL_RCC_ClockConfig                      0x080422f9   Thumb Code   288  stm32f4xx_hal_rcc.o(i.HAL_RCC_ClockConfig)
    HAL_RCC_GetClockConfig                   0x0804242d   Thumb Code    54  stm32f4xx_hal_rcc.o(i.HAL_RCC_GetClockConfig)
    HAL_RCC_GetHCLKFreq                      0x0804246d   Thumb Code     6  stm32f4xx_hal_rcc.o(i.HAL_RCC_GetHCLKFreq)
    HAL_RCC_GetPCLK1Freq                     0x08042479   Thumb Code    20  stm32f4xx_hal_rcc.o(i.HAL_RCC_GetPCLK1Freq)
    HAL_RCC_GetPCLK2Freq                     0x08042499   Thumb Code    20  stm32f4xx_hal_rcc.o(i.HAL_RCC_GetPCLK2Freq)
    HAL_RCC_GetSysClockFreq                  0x080424b9   Thumb Code    88  stm32f4xx_hal_rcc.o(i.HAL_RCC_GetSysClockFreq)
    HAL_RCC_OscConfig                        0x08042519   Thumb Code   856  stm32f4xx_hal_rcc.o(i.HAL_RCC_OscConfig)
    HAL_SPI_Init                             0x08042885   Thumb Code   188  stm32f4xx_hal_spi.o(i.HAL_SPI_Init)
    HAL_SPI_MspInit                          0x08042941   Thumb Code    92  spi.o(i.HAL_SPI_MspInit)
    HAL_TIMEx_BreakCallback                  0x080429a9   Thumb Code     2  stm32f4xx_hal_tim_ex.o(i.HAL_TIMEx_BreakCallback)
    HAL_TIMEx_CommutCallback                 0x080429ab   Thumb Code     2  stm32f4xx_hal_tim_ex.o(i.HAL_TIMEx_CommutCallback)
    HAL_TIM_Base_Init                        0x080429ad   Thumb Code    90  stm32f4xx_hal_tim.o(i.HAL_TIM_Base_Init)
    HAL_TIM_Base_MspInit                     0x08042a09   Thumb Code    30  tim.o(i.HAL_TIM_Base_MspInit)
    HAL_TIM_Base_Start_IT                    0x08042a31   Thumb Code   100  stm32f4xx_hal_tim.o(i.HAL_TIM_Base_Start_IT)
    HAL_TIM_IC_CaptureCallback               0x08042ab1   Thumb Code     2  stm32f4xx_hal_tim.o(i.HAL_TIM_IC_CaptureCallback)
    HAL_TIM_IRQHandler                       0x08042ab3   Thumb Code   304  stm32f4xx_hal_tim.o(i.HAL_TIM_IRQHandler)
    HAL_TIM_OC_DelayElapsedCallback          0x08042be3   Thumb Code     2  stm32f4xx_hal_tim.o(i.HAL_TIM_OC_DelayElapsedCallback)
    HAL_TIM_PWM_PulseFinishedCallback        0x08042be5   Thumb Code     2  stm32f4xx_hal_tim.o(i.HAL_TIM_PWM_PulseFinishedCallback)
    HAL_TIM_PeriodElapsedCallback            0x08042be9   Thumb Code    14  main.o(i.HAL_TIM_PeriodElapsedCallback)
    HAL_TIM_TriggerCallback                  0x08042bfd   Thumb Code     2  stm32f4xx_hal_tim.o(i.HAL_TIM_TriggerCallback)
    HAL_UART_Init                            0x08042bff   Thumb Code   100  stm32f4xx_hal_uart.o(i.HAL_UART_Init)
    HAL_UART_MspInit                         0x08042c65   Thumb Code    94  usart.o(i.HAL_UART_MspInit)
    HAL_UART_Transmit                        0x08042cd1   Thumb Code   160  stm32f4xx_hal_uart.o(i.HAL_UART_Transmit)
    HardFault_Handler                        0x08042d71   Thumb Code     2  stm32f4xx_it.o(i.HardFault_Handler)
    JumpToBootloader                         0x08042dad   Thumb Code    46  app_base.o(i.JumpToBootloader)
    MX_FREERTOS_Init                         0x08042de1   Thumb Code    46  freertos.o(i.MX_FREERTOS_Init)
    MX_GPIO_Init                             0x08042e25   Thumb Code   118  gpio.o(i.MX_GPIO_Init)
    MX_IWDG_Init                             0x08042ea9   Thumb Code    36  iwdg.o(i.MX_IWDG_Init)
    MX_SPI1_Init                             0x08042ed5   Thumb Code    62  spi.o(i.MX_SPI1_Init)
    MX_TIM14_Init                            0x08042f1d   Thumb Code    44  tim.o(i.MX_TIM14_Init)
    MX_USART1_UART_Init                      0x08042f51   Thumb Code    48  usart.o(i.MX_USART1_UART_Init)
    MX_USB_DEVICE_Init                       0x08042f89   Thumb Code    66  usb_device.o(i.MX_USB_DEVICE_Init)
    MemManage_Handler                        0x08042fdd   Thumb Code     2  stm32f4xx_it.o(i.MemManage_Handler)
    MonitorBootloaderCMD                     0x08042fe1   Thumb Code    54  app_base.o(i.MonitorBootloaderCMD)
    NMI_Handler                              0x0804301d   Thumb Code     2  stm32f4xx_it.o(i.NMI_Handler)
    OTG_FS_IRQHandler                        0x08043021   Thumb Code     6  stm32f4xx_it.o(i.OTG_FS_IRQHandler)
    Send_BootloaderPacket                    0x080431a5   Thumb Code    70  app_base.o(i.Send_BootloaderPacket)
    StartDefaultTask                         0x080431eb   Thumb Code    12  freertos.o(i.StartDefaultTask)
    StartFeedIWDG                            0x080431f9   Thumb Code    20  app_base.o(i.StartFeedIWDG)
    Start_PIN_B12_Task                       0x08043211   Thumb Code    40  freertos.o(i.Start_PIN_B12_Task)
    SysTick_Handler                          0x0804323d   Thumb Code    26  cmsis_os2.o(i.SysTick_Handler)
    SystemClock_Config                       0x08043259   Thumb Code   148  main.o(i.SystemClock_Config)
    SystemInit                               0x080432f5   Thumb Code    12  system_stm32f4xx.o(i.SystemInit)
    TIM4_IRQHandler                          0x08043305   Thumb Code     6  stm32f4xx_it.o(i.TIM4_IRQHandler)
    TIM_Base_SetConfig                       0x08043311   Thumb Code   164  stm32f4xx_hal_tim.o(i.TIM_Base_SetConfig)
    USBD_CDC_GetDeviceQualifierDescriptor    0x0804372d   Thumb Code     8  usbd_cdc.o(i.USBD_CDC_GetDeviceQualifierDescriptor)
    USBD_CDC_ReceivePacket                   0x08043911   Thumb Code    50  usbd_cdc.o(i.USBD_CDC_ReceivePacket)
    USBD_CDC_RegisterInterface               0x08043949   Thumb Code    22  usbd_cdc.o(i.USBD_CDC_RegisterInterface)
    USBD_CDC_SetRxBuffer                     0x0804395f   Thumb Code    26  usbd_cdc.o(i.USBD_CDC_SetRxBuffer)
    USBD_CDC_SetTxBuffer                     0x08043979   Thumb Code    30  usbd_cdc.o(i.USBD_CDC_SetTxBuffer)
    USBD_CDC_TransmitPacket                  0x08043a6d   Thumb Code    76  usbd_cdc.o(i.USBD_CDC_TransmitPacket)
    USBD_ClrClassConfig                      0x08043abd   Thumb Code    20  usbd_core.o(i.USBD_ClrClassConfig)
    USBD_CoreFindEP                          0x08043ad1   Thumb Code     4  usbd_core.o(i.USBD_CoreFindEP)
    USBD_CoreFindIF                          0x08043ad5   Thumb Code     4  usbd_core.o(i.USBD_CoreFindIF)
    USBD_CtlContinueRx                       0x08043ad9   Thumb Code    16  usbd_ioreq.o(i.USBD_CtlContinueRx)
    USBD_CtlContinueSendData                 0x08043ae9   Thumb Code    16  usbd_ioreq.o(i.USBD_CtlContinueSendData)
    USBD_CtlError                            0x08043af9   Thumb Code    22  usbd_ctlreq.o(i.USBD_CtlError)
    USBD_CtlPrepareRx                        0x08043b0f   Thumb Code    34  usbd_ioreq.o(i.USBD_CtlPrepareRx)
    USBD_CtlReceiveStatus                    0x08043b31   Thumb Code    22  usbd_ioreq.o(i.USBD_CtlReceiveStatus)
    USBD_CtlSendData                         0x08043b47   Thumb Code    28  usbd_ioreq.o(i.USBD_CtlSendData)
    USBD_CtlSendStatus                       0x08043b63   Thumb Code    22  usbd_ioreq.o(i.USBD_CtlSendStatus)
    USBD_FS_ConfigStrDescriptor              0x08043b79   Thumb Code    16  usbd_desc.o(i.USBD_FS_ConfigStrDescriptor)
    USBD_FS_DeviceDescriptor                 0x08043b99   Thumb Code     8  usbd_desc.o(i.USBD_FS_DeviceDescriptor)
    USBD_FS_InterfaceStrDescriptor           0x08043ba5   Thumb Code    16  usbd_desc.o(i.USBD_FS_InterfaceStrDescriptor)
    USBD_FS_LangIDStrDescriptor              0x08043bc9   Thumb Code     8  usbd_desc.o(i.USBD_FS_LangIDStrDescriptor)
    USBD_FS_ManufacturerStrDescriptor        0x08043bd5   Thumb Code    16  usbd_desc.o(i.USBD_FS_ManufacturerStrDescriptor)
    USBD_FS_ProductStrDescriptor             0x08043bfd   Thumb Code    16  usbd_desc.o(i.USBD_FS_ProductStrDescriptor)
    USBD_FS_SerialStrDescriptor              0x08043c29   Thumb Code    48  usbd_desc.o(i.USBD_FS_SerialStrDescriptor)
    USBD_GetEpDesc                           0x08043d47   Thumb Code    58  usbd_core.o(i.USBD_GetEpDesc)
    USBD_GetNextDesc                         0x08043d95   Thumb Code    14  usbd_core.o(i.USBD_GetNextDesc)
    USBD_GetString                           0x08043da3   Thumb Code    78  usbd_ctlreq.o(i.USBD_GetString)
    USBD_Get_USB_Status                      0x08043df1   Thumb Code    24  usbd_conf.o(i.USBD_Get_USB_Status)
    USBD_Init                                0x08043e09   Thumb Code    38  usbd_core.o(i.USBD_Init)
    USBD_LL_ClearStallEP                     0x08043e2f   Thumb Code    18  usbd_conf.o(i.USBD_LL_ClearStallEP)
    USBD_LL_CloseEP                          0x08043e41   Thumb Code    18  usbd_conf.o(i.USBD_LL_CloseEP)
    USBD_LL_DataInStage                      0x08043e53   Thumb Code   184  usbd_core.o(i.USBD_LL_DataInStage)
    USBD_LL_DataOutStage                     0x08043f0b   Thumb Code   148  usbd_core.o(i.USBD_LL_DataOutStage)
    USBD_LL_DevConnected                     0x08043f9f   Thumb Code     4  usbd_core.o(i.USBD_LL_DevConnected)
    USBD_LL_DevDisconnected                  0x08043fa3   Thumb Code    30  usbd_core.o(i.USBD_LL_DevDisconnected)
    USBD_LL_GetRxDataSize                    0x08043fc1   Thumb Code     8  usbd_conf.o(i.USBD_LL_GetRxDataSize)
    USBD_LL_Init                             0x08043fc9   Thumb Code    90  usbd_conf.o(i.USBD_LL_Init)
    USBD_LL_IsStallEP                        0x08044029   Thumb Code    30  usbd_conf.o(i.USBD_LL_IsStallEP)
    USBD_LL_IsoINIncomplete                  0x08044047   Thumb Code    40  usbd_core.o(i.USBD_LL_IsoINIncomplete)
    USBD_LL_IsoOUTIncomplete                 0x0804406f   Thumb Code    40  usbd_core.o(i.USBD_LL_IsoOUTIncomplete)
    USBD_LL_OpenEP                           0x08044097   Thumb Code    24  usbd_conf.o(i.USBD_LL_OpenEP)
    USBD_LL_PrepareReceive                   0x080440af   Thumb Code    18  usbd_conf.o(i.USBD_LL_PrepareReceive)
    USBD_LL_Reset                            0x080440c1   Thumb Code    94  usbd_core.o(i.USBD_LL_Reset)
    USBD_LL_Resume                           0x0804411f   Thumb Code    20  usbd_core.o(i.USBD_LL_Resume)
    USBD_LL_SOF                              0x08044133   Thumb Code    26  usbd_core.o(i.USBD_LL_SOF)
    USBD_LL_SetSpeed                         0x0804414d   Thumb Code     6  usbd_core.o(i.USBD_LL_SetSpeed)
    USBD_LL_SetUSBAddress                    0x08044153   Thumb Code    18  usbd_conf.o(i.USBD_LL_SetUSBAddress)
    USBD_LL_SetupStage                       0x08044165   Thumb Code    96  usbd_core.o(i.USBD_LL_SetupStage)
    USBD_LL_StallEP                          0x080441c5   Thumb Code    18  usbd_conf.o(i.USBD_LL_StallEP)
    USBD_LL_Start                            0x080441d7   Thumb Code    18  usbd_conf.o(i.USBD_LL_Start)
    USBD_LL_Suspend                          0x080441e9   Thumb Code    26  usbd_core.o(i.USBD_LL_Suspend)
    USBD_LL_Transmit                         0x08044203   Thumb Code    18  usbd_conf.o(i.USBD_LL_Transmit)
    USBD_ParseSetupRequest                   0x08044215   Thumb Code    44  usbd_ctlreq.o(i.USBD_ParseSetupRequest)
    USBD_RegisterClass                       0x08044241   Thumb Code    58  usbd_core.o(i.USBD_RegisterClass)
    USBD_SetClassConfig                      0x0804427b   Thumb Code    20  usbd_core.o(i.USBD_SetClassConfig)
    USBD_Start                               0x08044349   Thumb Code     4  usbd_core.o(i.USBD_Start)
    USBD_StdDevReq                           0x0804434d   Thumb Code   300  usbd_ctlreq.o(i.USBD_StdDevReq)
    USBD_StdEPReq                            0x08044479   Thumb Code   358  usbd_ctlreq.o(i.USBD_StdEPReq)
    USBD_StdItfReq                           0x080445df   Thumb Code   114  usbd_ctlreq.o(i.USBD_StdItfReq)
    USBD_static_free                         0x08044651   Thumb Code     2  usbd_conf.o(i.USBD_static_free)
    USBD_static_malloc                       0x08044655   Thumb Code     4  usbd_conf.o(i.USBD_static_malloc)
    USB_ActivateEndpoint                     0x0804465d   Thumb Code   122  stm32f4xx_ll_usb.o(i.USB_ActivateEndpoint)
    USB_ActivateSetup                        0x080446dd   Thumb Code    28  stm32f4xx_ll_usb.o(i.USB_ActivateSetup)
    USB_CoreInit                             0x080446f9   Thumb Code   126  stm32f4xx_ll_usb.o(i.USB_CoreInit)
    USB_DeactivateEndpoint                   0x080447c1   Thumb Code   194  stm32f4xx_ll_usb.o(i.USB_DeactivateEndpoint)
    USB_DevConnect                           0x0804488d   Thumb Code    28  stm32f4xx_ll_usb.o(i.USB_DevConnect)
    USB_DevDisconnect                        0x080448a9   Thumb Code    28  stm32f4xx_ll_usb.o(i.USB_DevDisconnect)
    USB_DevInit                              0x080448c5   Thumb Code   370  stm32f4xx_ll_usb.o(i.USB_DevInit)
    USB_DisableGlobalInt                     0x08044a41   Thumb Code    12  stm32f4xx_ll_usb.o(i.USB_DisableGlobalInt)
    USB_EP0_OutStart                         0x08044a4d   Thumb Code    84  stm32f4xx_ll_usb.o(i.USB_EP0_OutStart)
    USB_EPClearStall                         0x08044aa5   Thumb Code    88  stm32f4xx_ll_usb.o(i.USB_EPClearStall)
    USB_EPSetStall                           0x08044afd   Thumb Code    88  stm32f4xx_ll_usb.o(i.USB_EPSetStall)
    USB_EPStartXfer                          0x08044b55   Thumb Code   562  stm32f4xx_ll_usb.o(i.USB_EPStartXfer)
    USB_EPStopXfer                           0x08044d8d   Thumb Code   158  stm32f4xx_ll_usb.o(i.USB_EPStopXfer)
    USB_EnableGlobalInt                      0x08044e2b   Thumb Code    12  stm32f4xx_ll_usb.o(i.USB_EnableGlobalInt)
    USB_FlushRxFifo                          0x08044e37   Thumb Code    56  stm32f4xx_ll_usb.o(i.USB_FlushRxFifo)
    USB_FlushTxFifo                          0x08044e6f   Thumb Code    60  stm32f4xx_ll_usb.o(i.USB_FlushTxFifo)
    USB_GetDevSpeed                          0x08044eab   Thumb Code    26  stm32f4xx_ll_usb.o(i.USB_GetDevSpeed)
    USB_GetMode                              0x08044ec5   Thumb Code     8  stm32f4xx_ll_usb.o(i.USB_GetMode)
    USB_ReadDevAllInEpInterrupt              0x08044ecd   Thumb Code    14  stm32f4xx_ll_usb.o(i.USB_ReadDevAllInEpInterrupt)
    USB_ReadDevAllOutEpInterrupt             0x08044edb   Thumb Code    14  stm32f4xx_ll_usb.o(i.USB_ReadDevAllOutEpInterrupt)
    USB_ReadDevInEPInterrupt                 0x08044ee9   Thumb Code    36  stm32f4xx_ll_usb.o(i.USB_ReadDevInEPInterrupt)
    USB_ReadDevOutEPInterrupt                0x08044f0d   Thumb Code    16  stm32f4xx_ll_usb.o(i.USB_ReadDevOutEPInterrupt)
    USB_ReadInterrupts                       0x08044f1d   Thumb Code     8  stm32f4xx_ll_usb.o(i.USB_ReadInterrupts)
    USB_ReadPacket                           0x08044f25   Thumb Code    62  stm32f4xx_ll_usb.o(i.USB_ReadPacket)
    USB_SetCurrentMode                       0x08044f63   Thumb Code    92  stm32f4xx_ll_usb.o(i.USB_SetCurrentMode)
    USB_SetDevAddress                        0x08044fbf   Thumb Code    34  stm32f4xx_ll_usb.o(i.USB_SetDevAddress)
    USB_SetTurnaroundTime                    0x08044fe1   Thumb Code   158  stm32f4xx_ll_usb.o(i.USB_SetTurnaroundTime)
    USB_WritePacket                          0x080450c9   Thumb Code    40  stm32f4xx_ll_usb.o(i.USB_WritePacket)
    UsageFault_Handler                       0x080450f1   Thumb Code     2  stm32f4xx_it.o(i.UsageFault_Handler)
    _is_digit                                0x08045113   Thumb Code    14  __printf_wp.o(i._is_digit)
    main                                     0x08045121   Thumb Code    74  main.o(i.main)
    osDelay                                  0x08045179   Thumb Code    26  cmsis_os2.o(i.osDelay)
    osKernelInitialize                       0x08045195   Thumb Code    32  cmsis_os2.o(i.osKernelInitialize)
    osKernelStart                            0x080451b9   Thumb Code    48  cmsis_os2.o(i.osKernelStart)
    osThreadNew                              0x080451f1   Thumb Code   138  cmsis_os2.o(i.osThreadNew)
    print_uint32_with_label                  0x0804527d   Thumb Code    36  app_base.o(i.print_uint32_with_label)
    pvPortMalloc                             0x08045a59   Thumb Code   216  heap_4.o(i.pvPortMalloc)
    pxPortInitialiseStack                    0x08045b35   Thumb Code    40  port.o(i.pxPortInitialiseStack)
    uxListRemove                             0x08045b61   Thumb Code    38  list.o(i.uxListRemove)
    vApplicationGetIdleTaskMemory            0x08045b89   Thumb Code    16  cmsis_os2.o(i.vApplicationGetIdleTaskMemory)
    vApplicationGetTimerTaskMemory           0x08045b9d   Thumb Code    18  cmsis_os2.o(i.vApplicationGetTimerTaskMemory)
    vListInitialise                          0x08045bb5   Thumb Code    22  list.o(i.vListInitialise)
    vListInitialiseItem                      0x08045bcb   Thumb Code     6  list.o(i.vListInitialiseItem)
    vListInsert                              0x08045bd1   Thumb Code    48  list.o(i.vListInsert)
    vListInsertEnd                           0x08045c01   Thumb Code    24  list.o(i.vListInsertEnd)
    vPortEnterCritical                       0x08045c19   Thumb Code    54  port.o(i.vPortEnterCritical)
    vPortExitCritical                        0x08045c59   Thumb Code    34  port.o(i.vPortExitCritical)
    vPortFree                                0x08045c81   Thumb Code    94  heap_4.o(i.vPortFree)
    vPortSetupTimerInterrupt                 0x08045ce5   Thumb Code    32  port.o(i.vPortSetupTimerInterrupt)
    vPortValidateInterruptPriority           0x08045d09   Thumb Code    74  port.o(i.vPortValidateInterruptPriority)
    vQueueAddToRegistry                      0x08045d5d   Thumb Code    34  queue.o(i.vQueueAddToRegistry)
    vQueueWaitForMessageRestricted           0x08045d85   Thumb Code    68  queue.o(i.vQueueWaitForMessageRestricted)
    vTaskDelay                               0x08045dc9   Thumb Code    66  tasks.o(i.vTaskDelay)
    vTaskInternalSetTimeOutState             0x08045e15   Thumb Code    12  tasks.o(i.vTaskInternalSetTimeOutState)
    vTaskMissedYield                         0x08045e25   Thumb Code     8  tasks.o(i.vTaskMissedYield)
    vTaskPlaceOnEventList                    0x08045e31   Thumb Code    44  tasks.o(i.vTaskPlaceOnEventList)
    vTaskPlaceOnEventListRestricted          0x08045e61   Thumb Code    52  tasks.o(i.vTaskPlaceOnEventListRestricted)
    vTaskStartScheduler                      0x08045e99   Thumb Code   118  tasks.o(i.vTaskStartScheduler)
    vTaskSuspendAll                          0x08045f21   Thumb Code    10  tasks.o(i.vTaskSuspendAll)
    vTaskSwitchContext                       0x08045f31   Thumb Code    90  tasks.o(i.vTaskSwitchContext)
    xPortStartScheduler                      0x08045f95   Thumb Code   222  port.o(i.xPortStartScheduler)
    xPortSysTickHandler                      0x08046089   Thumb Code    38  port.o(i.xPortSysTickHandler)
    xQueueGenericCreateStatic                0x080460b5   Thumb Code   102  queue.o(i.xQueueGenericCreateStatic)
    xQueueGenericReset                       0x0804611d   Thumb Code   132  queue.o(i.xQueueGenericReset)
    xQueueGenericSend                        0x080461a5   Thumb Code   346  queue.o(i.xQueueGenericSend)
    xQueueGenericSendFromISR                 0x08046305   Thumb Code   190  queue.o(i.xQueueGenericSendFromISR)
    xQueueReceive                            0x080463c5   Thumb Code   308  queue.o(i.xQueueReceive)
    xTaskCheckForTimeOut                     0x080464fd   Thumb Code   112  tasks.o(i.xTaskCheckForTimeOut)
    xTaskCreate                              0x08046571   Thumb Code    90  tasks.o(i.xTaskCreate)
    xTaskCreateStatic                        0x080465cb   Thumb Code    86  tasks.o(i.xTaskCreateStatic)
    xTaskGetSchedulerState                   0x08046621   Thumb Code    22  tasks.o(i.xTaskGetSchedulerState)
    xTaskGetTickCount                        0x0804663d   Thumb Code     6  tasks.o(i.xTaskGetTickCount)
    xTaskIncrementTick                       0x08046649   Thumb Code   192  tasks.o(i.xTaskIncrementTick)
    xTaskPriorityDisinherit                  0x08046711   Thumb Code   118  tasks.o(i.xTaskPriorityDisinherit)
    xTaskRemoveFromEventList                 0x08046791   Thumb Code    98  tasks.o(i.xTaskRemoveFromEventList)
    xTaskResumeAll                           0x08046801   Thumb Code   182  tasks.o(i.xTaskResumeAll)
    xTimerCreateTimerTask                    0x080468c5   Thumb Code    78  timers.o(i.xTimerCreateTimerTask)
    xTimerGenericCommand                     0x08046925   Thumb Code    98  timers.o(i.xTimerGenericCommand)
    _fp_init                                 0x0804698d   Thumb Code    10  fpinit.o(x$fpl$fpinit)
    __fplib_config_fpu_vfp                   0x08046995   Thumb Code     0  fpinit.o(x$fpl$fpinit)
    __fplib_config_pureend_doubles           0x08046995   Thumb Code     0  fpinit.o(x$fpl$fpinit)
    defaultTask_attributes                   0x080469f8   Data          36  freertos.o(.constdata)
    PIN_B12_Task_attributes                  0x08046a1c   Data          36  freertos.o(.constdata)
    FeedIWDGTask_attributes                  0x08046a40   Data          36  freertos.o(.constdata)
    AHBPrescTable                            0x08046a64   Data          16  system_stm32f4xx.o(.constdata)
    APBPrescTable                            0x08046a74   Data           8  system_stm32f4xx.o(.constdata)
    Region$$Table$$Base                      0x08046ae4   Number         0  anon$$obj.o(Region$$Table)
    Region$$Table$$Limit                     0x08046b04   Number         0  anon$$obj.o(Region$$Table)
    AllERRORs                                0x20000000   Data           6  app_base.o(.data)
    AllBootloaderRunStates                   0x20000008   Data           8  app_base.o(.data)
    AllCMDs                                  0x20000010   Data          12  app_base.o(.data)
    defaultTaskHandle                        0x2000001c   Data           4  freertos.o(.data)
    PIN_B12_TaskHandle                       0x20000020   Data           4  freertos.o(.data)
    FeedIWDGTaskHandle                       0x20000024   Data           4  freertos.o(.data)
    FS_Desc                                  0x20000028   Data          28  usbd_desc.o(.data)
    USBD_LangIDDesc                          0x20000044   Data           4  usbd_desc.o(.data)
    USBD_FS_DeviceDesc                       0x20000048   Data          18  usbd_desc.o(.data)
    USBD_StringSerial                        0x2000005c   Data          26  usbd_desc.o(.data)
    USBD_Interface_fops_FS                   0x20000078   Data          20  usbd_cdc_if.o(.data)
    pFlash                                   0x2000008c   Data          32  stm32f4xx_hal_flash.o(.data)
    uwTickFreq                               0x200000ac   Data           1  stm32f4xx_hal.o(.data)
    uwTickPrio                               0x200000b0   Data           4  stm32f4xx_hal.o(.data)
    uwTick                                   0x200000b4   Data           4  stm32f4xx_hal.o(.data)
    SystemCoreClock                          0x200000b8   Data           4  system_stm32f4xx.o(.data)
    pxCurrentTCB                             0x200000bc   Data           4  tasks.o(.data)
    USBD_CDC                                 0x20000194   Data          56  usbd_cdc.o(.data)
    hiwdg                                    0x200001cc   Data          12  iwdg.o(.bss)
    hspi1                                    0x200001d8   Data          88  spi.o(.bss)
    htim14                                   0x20000230   Data          72  tim.o(.bss)
    huart1                                   0x20000278   Data          72  usart.o(.bss)
    htim4                                    0x200002c0   Data          72  stm32f4xx_hal_timebase_tim.o(.bss)
    hUsbDeviceFS                             0x20000308   Data         732  usb_device.o(.bss)
    USBD_StrDesc                             0x200005e4   Data         512  usbd_desc.o(.bss)
    UserRxBufferFS                           0x200007e4   Data        2048  usbd_cdc_if.o(.bss)
    UserTxBufferFS                           0x20000fe4   Data        2048  usbd_cdc_if.o(.bss)
    hpcd_USB_OTG_FS                          0x20001a04   Data        1252  usbd_conf.o(.bss)
    xQueueRegistry                           0x20001ee8   Data          64  queue.o(.bss)
    __libspace_start                         0x200067bc   Data          96  libspace.o(.bss)
    __temporary_stack_top$libspace           0x2000681c   Data           0  libspace.o(.bss)



==============================================================================

Memory Map of the image

  Image Entry point : 0x08040189

  Load Region LR_IROM1 (Base: 0x08040000, Size: 0x00006cd0, Max: 0x00040000, ABSOLUTE, COMPRESSED[0x00006bd4])

    Execution Region ER_IROM1 (Base: 0x08040000, Size: 0x00006b04, Max: 0x00040000, ABSOLUTE)

    Base Addr    Size         Type   Attr      Idx    E Section Name        Object

    0x08040000   0x00000188   Data   RO            3    RESET               startup_stm32f407xx.o
    0x08040188   0x00000008   Code   RO         6818  * !!!main             c_w.l(__main.o)
    0x08040190   0x00000034   Code   RO         7002    !!!scatter          c_w.l(__scatter.o)
    0x080401c4   0x0000005a   Code   RO         7000    !!dczerorl2         c_w.l(__dczerorl2.o)
    0x0804021e   0x00000002   PAD
    0x08040220   0x0000001c   Code   RO         7004    !!handler_zi        c_w.l(__scatter_zi.o)
    0x0804023c   0x00000000   Code   RO         6807    .ARM.Collect$$_printf_percent$$00000000  c_w.l(_printf_percent.o)
    0x0804023c   0x00000006   Code   RO         6806    .ARM.Collect$$_printf_percent$$0000000A  c_w.l(_printf_u.o)
    0x08040242   0x00000006   Code   RO         6805    .ARM.Collect$$_printf_percent$$0000000C  c_w.l(_printf_x.o)
    0x08040248   0x00000006   Code   RO         6804    .ARM.Collect$$_printf_percent$$00000014  c_w.l(_printf_s.o)
    0x0804024e   0x00000004   Code   RO         6833    .ARM.Collect$$_printf_percent$$00000017  c_w.l(_printf_percent_end.o)
    0x08040252   0x00000002   Code   RO         6870    .ARM.Collect$$libinit$$00000000  c_w.l(libinit.o)
    0x08040254   0x00000004   Code   RO         6882    .ARM.Collect$$libinit$$00000001  c_w.l(libinit2.o)
    0x08040258   0x00000000   Code   RO         6885    .ARM.Collect$$libinit$$00000004  c_w.l(libinit2.o)
    0x08040258   0x00000000   Code   RO         6888    .ARM.Collect$$libinit$$0000000A  c_w.l(libinit2.o)
    0x08040258   0x00000000   Code   RO         6890    .ARM.Collect$$libinit$$0000000C  c_w.l(libinit2.o)
    0x08040258   0x00000000   Code   RO         6892    .ARM.Collect$$libinit$$0000000E  c_w.l(libinit2.o)
    0x08040258   0x00000000   Code   RO         6895    .ARM.Collect$$libinit$$00000011  c_w.l(libinit2.o)
    0x08040258   0x00000000   Code   RO         6897    .ARM.Collect$$libinit$$00000013  c_w.l(libinit2.o)
    0x08040258   0x00000000   Code   RO         6899    .ARM.Collect$$libinit$$00000015  c_w.l(libinit2.o)
    0x08040258   0x00000000   Code   RO         6901    .ARM.Collect$$libinit$$00000017  c_w.l(libinit2.o)
    0x08040258   0x00000000   Code   RO         6903    .ARM.Collect$$libinit$$00000019  c_w.l(libinit2.o)
    0x08040258   0x00000000   Code   RO         6905    .ARM.Collect$$libinit$$0000001B  c_w.l(libinit2.o)
    0x08040258   0x00000000   Code   RO         6907    .ARM.Collect$$libinit$$0000001D  c_w.l(libinit2.o)
    0x08040258   0x00000000   Code   RO         6909    .ARM.Collect$$libinit$$0000001F  c_w.l(libinit2.o)
    0x08040258   0x00000000   Code   RO         6911    .ARM.Collect$$libinit$$00000021  c_w.l(libinit2.o)
    0x08040258   0x00000000   Code   RO         6913    .ARM.Collect$$libinit$$00000023  c_w.l(libinit2.o)
    0x08040258   0x00000000   Code   RO         6915    .ARM.Collect$$libinit$$00000025  c_w.l(libinit2.o)
    0x08040258   0x00000000   Code   RO         6919    .ARM.Collect$$libinit$$0000002C  c_w.l(libinit2.o)
    0x08040258   0x00000000   Code   RO         6921    .ARM.Collect$$libinit$$0000002E  c_w.l(libinit2.o)
    0x08040258   0x00000000   Code   RO         6923    .ARM.Collect$$libinit$$00000030  c_w.l(libinit2.o)
    0x08040258   0x00000000   Code   RO         6925    .ARM.Collect$$libinit$$00000032  c_w.l(libinit2.o)
    0x08040258   0x00000002   Code   RO         6926    .ARM.Collect$$libinit$$00000033  c_w.l(libinit2.o)
    0x0804025a   0x00000002   Code   RO         6957    .ARM.Collect$$libshutdown$$00000000  c_w.l(libshutdown.o)
    0x0804025c   0x00000000   Code   RO         6983    .ARM.Collect$$libshutdown$$00000002  c_w.l(libshutdown2.o)
    0x0804025c   0x00000000   Code   RO         6985    .ARM.Collect$$libshutdown$$00000004  c_w.l(libshutdown2.o)
    0x0804025c   0x00000000   Code   RO         6988    .ARM.Collect$$libshutdown$$00000007  c_w.l(libshutdown2.o)
    0x0804025c   0x00000000   Code   RO         6991    .ARM.Collect$$libshutdown$$0000000A  c_w.l(libshutdown2.o)
    0x0804025c   0x00000000   Code   RO         6993    .ARM.Collect$$libshutdown$$0000000C  c_w.l(libshutdown2.o)
    0x0804025c   0x00000000   Code   RO         6996    .ARM.Collect$$libshutdown$$0000000F  c_w.l(libshutdown2.o)
    0x0804025c   0x00000002   Code   RO         6997    .ARM.Collect$$libshutdown$$00000010  c_w.l(libshutdown2.o)
    0x0804025e   0x00000000   Code   RO         6820    .ARM.Collect$$rtentry$$00000000  c_w.l(__rtentry.o)
    0x0804025e   0x00000000   Code   RO         6839    .ARM.Collect$$rtentry$$00000002  c_w.l(__rtentry2.o)
    0x0804025e   0x00000006   Code   RO         6851    .ARM.Collect$$rtentry$$00000004  c_w.l(__rtentry4.o)
    0x08040264   0x00000000   Code   RO         6841    .ARM.Collect$$rtentry$$00000009  c_w.l(__rtentry2.o)
    0x08040264   0x00000004   Code   RO         6842    .ARM.Collect$$rtentry$$0000000A  c_w.l(__rtentry2.o)
    0x08040268   0x00000000   Code   RO         6844    .ARM.Collect$$rtentry$$0000000C  c_w.l(__rtentry2.o)
    0x08040268   0x00000008   Code   RO         6845    .ARM.Collect$$rtentry$$0000000D  c_w.l(__rtentry2.o)
    0x08040270   0x00000002   Code   RO         6874    .ARM.Collect$$rtexit$$00000000  c_w.l(rtexit.o)
    0x08040272   0x00000000   Code   RO         6930    .ARM.Collect$$rtexit$$00000002  c_w.l(rtexit2.o)
    0x08040272   0x00000004   Code   RO         6931    .ARM.Collect$$rtexit$$00000003  c_w.l(rtexit2.o)
    0x08040276   0x00000006   Code   RO         6932    .ARM.Collect$$rtexit$$00000004  c_w.l(rtexit2.o)
    0x0804027c   0x000000be   Code   RO         6267    .emb_text           port.o
    0x0804033a   0x00000002   PAD
    0x0804033c   0x00000040   Code   RO            4    .text               startup_stm32f407xx.o
    0x0804037c   0x000000ee   Code   RO         6749    .text               c_w.l(lludivv7m.o)
    0x0804046a   0x00000002   PAD
    0x0804046c   0x0000002c   Code   RO         6751    .text               c_w.l(__2sprintf.o)
    0x08040498   0x0000004e   Code   RO         6757    .text               c_w.l(_printf_pad.o)
    0x080404e6   0x00000052   Code   RO         6759    .text               c_w.l(_printf_str.o)
    0x08040538   0x00000078   Code   RO         6761    .text               c_w.l(_printf_dec.o)
    0x080405b0   0x00000058   Code   RO         6766    .text               c_w.l(_printf_hex_int.o)
    0x08040608   0x00000188   Code   RO         6801    .text               c_w.l(__printf_flags_ss_wp.o)
    0x08040790   0x0000008a   Code   RO         6808    .text               c_w.l(rt_memcpy_v6.o)
    0x0804081a   0x00000010   Code   RO         6812    .text               c_w.l(aeabi_memset.o)
    0x0804082a   0x0000004e   Code   RO         6814    .text               c_w.l(rt_memclr_w.o)
    0x08040878   0x00000006   Code   RO         6816    .text               c_w.l(heapauxi.o)
    0x0804087e   0x000000b2   Code   RO         6825    .text               c_w.l(_printf_intcommon.o)
    0x08040930   0x00000030   Code   RO         6827    .text               c_w.l(_printf_char_common.o)
    0x08040960   0x0000000a   Code   RO         6829    .text               c_w.l(_sputc.o)
    0x0804096a   0x0000002c   Code   RO         6831    .text               c_w.l(_printf_char.o)
    0x08040996   0x00000064   Code   RO         6834    .text               c_w.l(rt_memcpy_w.o)
    0x080409fa   0x00000044   Code   RO         6836    .text               c_w.l(rt_memclr.o)
    0x08040a3e   0x0000004a   Code   RO         6857    .text               c_w.l(sys_stackheap_outer.o)
    0x08040a88   0x00000012   Code   RO         6859    .text               c_w.l(exit.o)
    0x08040a9a   0x00000002   PAD
    0x08040a9c   0x00000008   Code   RO         6871    .text               c_w.l(libspace.o)
    0x08040aa4   0x0000000c   Code   RO         6927    .text               c_w.l(sys_exit.o)
    0x08040ab0   0x00000002   Code   RO         6946    .text               c_w.l(use_no_semi.o)
    0x08040ab2   0x00000000   Code   RO         6948    .text               c_w.l(indicate_semi.o)
    0x08040ab2   0x00000002   PAD
    0x08040ab4   0x0000007c   Code   RO           13    i.BootloaderErrorInterFunc  app_base.o
    0x08040b30   0x00000002   Code   RO          604    i.BusFault_Handler  stm32f4xx_it.o
    0x08040b32   0x00000004   Code   RO          854    i.CDC_Control_FS    usbd_cdc_if.o
    0x08040b36   0x00000004   Code   RO          855    i.CDC_DeInit_FS     usbd_cdc_if.o
    0x08040b3a   0x00000002   PAD
    0x08040b3c   0x00000024   Code   RO          856    i.CDC_Init_FS       usbd_cdc_if.o
    0x08040b60   0x00000038   Code   RO          857    i.CDC_Receive_FS    usbd_cdc_if.o
    0x08040b98   0x00000004   Code   RO          858    i.CDC_TransmitCplt_FS  usbd_cdc_if.o
    0x08040b9c   0x0000002c   Code   RO          859    i.CDC_Transmit_FS   usbd_cdc_if.o
    0x08040bc8   0x00000034   Code   RO           14    i.CalculateCRC32    app_base.o
    0x08040bfc   0x0000026c   Code   RO           15    i.CopyAtoB          app_base.o
    0x08040e68   0x00000002   Code   RO          605    i.DebugMon_Handler  stm32f4xx_it.o
    0x08040e6a   0x00000002   PAD
    0x08040e6c   0x00000150   Code   RO           16    i.DetectActualProgramSize  app_base.o
    0x08040fbc   0x00000004   Code   RO          310    i.Error_Handler     main.o
    0x08040fc0   0x00000050   Code   RO         2960    i.FLASH_Erase_Sector  stm32f4xx_hal_flash_ex.o
    0x08041010   0x00000054   Code   RO         2961    i.FLASH_FlushCaches  stm32f4xx_hal_flash_ex.o
    0x08041064   0x00000028   Code   RO         2962    i.FLASH_MassErase   stm32f4xx_hal_flash_ex.o
    0x0804108c   0x00000020   Code   RO         2842    i.FLASH_Program_Byte  stm32f4xx_hal_flash.o
    0x080410ac   0x0000002c   Code   RO         2843    i.FLASH_Program_DoubleWord  stm32f4xx_hal_flash.o
    0x080410d8   0x00000024   Code   RO         2844    i.FLASH_Program_HalfWord  stm32f4xx_hal_flash.o
    0x080410fc   0x00000024   Code   RO         2845    i.FLASH_Program_Word  stm32f4xx_hal_flash.o
    0x08041120   0x00000068   Code   RO         2846    i.FLASH_SetErrorCode  stm32f4xx_hal_flash.o
    0x08041188   0x00000050   Code   RO         2847    i.FLASH_WaitForLastOperation  stm32f4xx_hal_flash.o
    0x080411d8   0x000000d0   Code   RO           19    i.FlashEraseAllSectors  app_base.o
    0x080412a8   0x00000060   Code   RO           20    i.Flash_EraseSectorByAddress  app_base.o
    0x08041308   0x00000038   Code   RO           21    i.Flash_GetSectorStartAddressByAddress  app_base.o
    0x08041340   0x00000024   Code   RO         3585    i.HAL_Delay         stm32f4xx_hal.o
    0x08041364   0x00000098   Code   RO         2963    i.HAL_FLASHEx_Erase  stm32f4xx_hal_flash_ex.o
    0x080413fc   0x0000000c   Code   RO         2849    i.HAL_FLASH_GetError  stm32f4xx_hal_flash.o
    0x08041408   0x00000014   Code   RO         2851    i.HAL_FLASH_Lock    stm32f4xx_hal_flash.o
    0x0804141c   0x0000007c   Code   RO         2856    i.HAL_FLASH_Program  stm32f4xx_hal_flash.o
    0x08041498   0x0000002c   Code   RO         2858    i.HAL_FLASH_Unlock  stm32f4xx_hal_flash.o
    0x080414c4   0x000001f0   Code   RO         3041    i.HAL_GPIO_Init     stm32f4xx_hal_gpio.o
    0x080416b4   0x0000000a   Code   RO         3045    i.HAL_GPIO_WritePin  stm32f4xx_hal_gpio.o
    0x080416be   0x00000002   PAD
    0x080416c0   0x0000000c   Code   RO         3591    i.HAL_GetTick       stm32f4xx_hal.o
    0x080416cc   0x0000005e   Code   RO         3836    i.HAL_IWDG_Init     stm32f4xx_hal_iwdg.o
    0x0804172a   0x00000002   PAD
    0x0804172c   0x00000010   Code   RO         3597    i.HAL_IncTick       stm32f4xx_hal.o
    0x0804173c   0x00000034   Code   RO         3598    i.HAL_Init          stm32f4xx_hal.o
    0x08041770   0x00000098   Code   RO          698    i.HAL_InitTick      stm32f4xx_hal_timebase_tim.o
    0x08041808   0x00000038   Code   RO          674    i.HAL_MspInit       stm32f4xx_hal_msp.o
    0x08041840   0x0000001a   Code   RO         3433    i.HAL_NVIC_EnableIRQ  stm32f4xx_hal_cortex.o
    0x0804185a   0x00000002   PAD
    0x0804185c   0x00000040   Code   RO         3439    i.HAL_NVIC_SetPriority  stm32f4xx_hal_cortex.o
    0x0804189c   0x00000024   Code   RO         3440    i.HAL_NVIC_SetPriorityGrouping  stm32f4xx_hal_cortex.o
    0x080418c0   0x00000002   Code   RO         2340    i.HAL_PCDEx_LPM_Callback  stm32f4xx_hal_pcd_ex.o
    0x080418c2   0x00000008   Code   RO         2341    i.HAL_PCDEx_SetRxFiFo  stm32f4xx_hal_pcd_ex.o
    0x080418ca   0x00000044   Code   RO         2342    i.HAL_PCDEx_SetTxFiFo  stm32f4xx_hal_pcd_ex.o
    0x0804190e   0x00000008   Code   RO          921    i.HAL_PCD_ConnectCallback  usbd_conf.o
    0x08041916   0x00000012   Code   RO          922    i.HAL_PCD_DataInStageCallback  usbd_conf.o
    0x08041928   0x00000014   Code   RO          923    i.HAL_PCD_DataOutStageCallback  usbd_conf.o
    0x0804193c   0x00000008   Code   RO          924    i.HAL_PCD_DisconnectCallback  usbd_conf.o
    0x08041944   0x0000001e   Code   RO         2110    i.HAL_PCD_EP_Abort  stm32f4xx_hal_pcd.o
    0x08041962   0x0000004a   Code   RO         2111    i.HAL_PCD_EP_Close  stm32f4xx_hal_pcd.o
    0x080419ac   0x0000005a   Code   RO         2112    i.HAL_PCD_EP_ClrStall  stm32f4xx_hal_pcd.o
    0x08041a06   0x00000012   Code   RO         2114    i.HAL_PCD_EP_GetRxCount  stm32f4xx_hal_pcd.o
    0x08041a18   0x00000062   Code   RO         2115    i.HAL_PCD_EP_Open   stm32f4xx_hal_pcd.o
    0x08041a7a   0x00000038   Code   RO         2116    i.HAL_PCD_EP_Receive  stm32f4xx_hal_pcd.o
    0x08041ab2   0x00000072   Code   RO         2117    i.HAL_PCD_EP_SetStall  stm32f4xx_hal_pcd.o
    0x08041b24   0x00000032   Code   RO         2118    i.HAL_PCD_EP_Transmit  stm32f4xx_hal_pcd.o
    0x08041b56   0x00000002   PAD
    0x08041b58   0x0000055c   Code   RO         2120    i.HAL_PCD_IRQHandler  stm32f4xx_hal_pcd.o
    0x080420b4   0x00000008   Code   RO          925    i.HAL_PCD_ISOINIncompleteCallback  usbd_conf.o
    0x080420bc   0x00000008   Code   RO          926    i.HAL_PCD_ISOOUTIncompleteCallback  usbd_conf.o
    0x080420c4   0x000000cc   Code   RO         2123    i.HAL_PCD_Init      stm32f4xx_hal_pcd.o
    0x08042190   0x00000084   Code   RO          928    i.HAL_PCD_MspInit   usbd_conf.o
    0x08042214   0x0000002c   Code   RO          929    i.HAL_PCD_ResetCallback  usbd_conf.o
    0x08042240   0x00000008   Code   RO          930    i.HAL_PCD_ResumeCallback  usbd_conf.o
    0x08042248   0x00000008   Code   RO          931    i.HAL_PCD_SOFCallback  usbd_conf.o
    0x08042250   0x00000026   Code   RO         2129    i.HAL_PCD_SetAddress  stm32f4xx_hal_pcd.o
    0x08042276   0x0000000e   Code   RO          932    i.HAL_PCD_SetupStageCallback  usbd_conf.o
    0x08042284   0x00000042   Code   RO         2132    i.HAL_PCD_Start     stm32f4xx_hal_pcd.o
    0x080422c6   0x00000002   PAD
    0x080422c8   0x00000030   Code   RO          933    i.HAL_PCD_SuspendCallback  usbd_conf.o
    0x080422f8   0x00000134   Code   RO         2687    i.HAL_RCC_ClockConfig  stm32f4xx_hal_rcc.o
    0x0804242c   0x00000040   Code   RO         2691    i.HAL_RCC_GetClockConfig  stm32f4xx_hal_rcc.o
    0x0804246c   0x0000000c   Code   RO         2692    i.HAL_RCC_GetHCLKFreq  stm32f4xx_hal_rcc.o
    0x08042478   0x00000020   Code   RO         2694    i.HAL_RCC_GetPCLK1Freq  stm32f4xx_hal_rcc.o
    0x08042498   0x00000020   Code   RO         2695    i.HAL_RCC_GetPCLK2Freq  stm32f4xx_hal_rcc.o
    0x080424b8   0x00000060   Code   RO         2696    i.HAL_RCC_GetSysClockFreq  stm32f4xx_hal_rcc.o
    0x08042518   0x0000036c   Code   RO         2699    i.HAL_RCC_OscConfig  stm32f4xx_hal_rcc.o
    0x08042884   0x000000bc   Code   RO         3877    i.HAL_SPI_Init      stm32f4xx_hal_spi.o
    0x08042940   0x00000068   Code   RO          479    i.HAL_SPI_MspInit   spi.o
    0x080429a8   0x00000002   Code   RO         1834    i.HAL_TIMEx_BreakCallback  stm32f4xx_hal_tim_ex.o
    0x080429aa   0x00000002   Code   RO         1835    i.HAL_TIMEx_CommutCallback  stm32f4xx_hal_tim_ex.o
    0x080429ac   0x0000005a   Code   RO         1130    i.HAL_TIM_Base_Init  stm32f4xx_hal_tim.o
    0x08042a06   0x00000002   PAD
    0x08042a08   0x00000028   Code   RO          521    i.HAL_TIM_Base_MspInit  tim.o
    0x08042a30   0x00000080   Code   RO         1135    i.HAL_TIM_Base_Start_IT  stm32f4xx_hal_tim.o
    0x08042ab0   0x00000002   Code   RO         1164    i.HAL_TIM_IC_CaptureCallback  stm32f4xx_hal_tim.o
    0x08042ab2   0x00000130   Code   RO         1178    i.HAL_TIM_IRQHandler  stm32f4xx_hal_tim.o
    0x08042be2   0x00000002   Code   RO         1181    i.HAL_TIM_OC_DelayElapsedCallback  stm32f4xx_hal_tim.o
    0x08042be4   0x00000002   Code   RO         1208    i.HAL_TIM_PWM_PulseFinishedCallback  stm32f4xx_hal_tim.o
    0x08042be6   0x00000002   PAD
    0x08042be8   0x00000014   Code   RO          311    i.HAL_TIM_PeriodElapsedCallback  main.o
    0x08042bfc   0x00000002   Code   RO         1221    i.HAL_TIM_TriggerCallback  stm32f4xx_hal_tim.o
    0x08042bfe   0x00000064   Code   RO         4218    i.HAL_UART_Init     stm32f4xx_hal_uart.o
    0x08042c62   0x00000002   PAD
    0x08042c64   0x0000006c   Code   RO          563    i.HAL_UART_MspInit  usart.o
    0x08042cd0   0x000000a0   Code   RO         4226    i.HAL_UART_Transmit  stm32f4xx_hal_uart.o
    0x08042d70   0x00000002   Code   RO          606    i.HardFault_Handler  stm32f4xx_it.o
    0x08042d72   0x00000002   PAD
    0x08042d74   0x00000038   Code   RO          768    i.IntToUnicode      usbd_desc.o
    0x08042dac   0x00000034   Code   RO           22    i.JumpToBootloader  app_base.o
    0x08042de0   0x00000044   Code   RO          399    i.MX_FREERTOS_Init  freertos.o
    0x08042e24   0x00000084   Code   RO          375    i.MX_GPIO_Init      gpio.o
    0x08042ea8   0x0000002c   Code   RO          448    i.MX_IWDG_Init      iwdg.o
    0x08042ed4   0x00000048   Code   RO          480    i.MX_SPI1_Init      spi.o
    0x08042f1c   0x00000034   Code   RO          522    i.MX_TIM14_Init     tim.o
    0x08042f50   0x00000038   Code   RO          564    i.MX_USART1_UART_Init  usart.o
    0x08042f88   0x00000054   Code   RO          737    i.MX_USB_DEVICE_Init  usb_device.o
    0x08042fdc   0x00000002   Code   RO          607    i.MemManage_Handler  stm32f4xx_it.o
    0x08042fde   0x00000002   PAD
    0x08042fe0   0x0000003c   Code   RO           23    i.MonitorBootloaderCMD  app_base.o
    0x0804301c   0x00000002   Code   RO          608    i.NMI_Handler       stm32f4xx_it.o
    0x0804301e   0x00000002   PAD
    0x08043020   0x0000000c   Code   RO          609    i.OTG_FS_IRQHandler  stm32f4xx_it.o
    0x0804302c   0x000000cc   Code   RO         2136    i.PCD_EP_OutXfrComplete_int  stm32f4xx_hal_pcd.o
    0x080430f8   0x000000a2   Code   RO         2137    i.PCD_WriteEmptyTxFifo  stm32f4xx_hal_pcd.o
    0x0804319a   0x0000000a   Code   RO         6506    i.SWAPBYTE          usbd_ctlreq.o
    0x080431a4   0x00000046   Code   RO           25    i.Send_BootloaderPacket  app_base.o
    0x080431ea   0x0000000c   Code   RO          400    i.StartDefaultTask  freertos.o
    0x080431f6   0x00000002   PAD
    0x080431f8   0x00000018   Code   RO           26    i.StartFeedIWDG     app_base.o
    0x08043210   0x0000002c   Code   RO          401    i.Start_PIN_B12_Task  freertos.o
    0x0804323c   0x0000001a   Code   RO         5699    i.SysTick_Handler   cmsis_os2.o
    0x08043256   0x00000002   PAD
    0x08043258   0x0000009c   Code   RO          312    i.SystemClock_Config  main.o
    0x080432f4   0x00000010   Code   RO         4552    i.SystemInit        system_stm32f4xx.o
    0x08043304   0x0000000c   Code   RO          610    i.TIM4_IRQHandler   stm32f4xx_it.o
    0x08043310   0x000000d0   Code   RO         1223    i.TIM_Base_SetConfig  stm32f4xx_hal_tim.o
    0x080433e0   0x0000004e   Code   RO         4241    i.UART_EndRxTransfer  stm32f4xx_hal_uart.o
    0x0804342e   0x00000002   PAD
    0x08043430   0x0000010c   Code   RO         4244    i.UART_SetConfig    stm32f4xx_hal_uart.o
    0x0804353c   0x00000072   Code   RO         4247    i.UART_WaitOnFlagUntilTimeout  stm32f4xx_hal_uart.o
    0x080435ae   0x00000076   Code   RO         6644    i.USBD_CDC_DataIn   usbd_cdc.o
    0x08043624   0x0000003c   Code   RO         6645    i.USBD_CDC_DataOut  usbd_cdc.o
    0x08043660   0x00000094   Code   RO         6646    i.USBD_CDC_DeInit   usbd_cdc.o
    0x080436f4   0x00000036   Code   RO         6647    i.USBD_CDC_EP0_RxReady  usbd_cdc.o
    0x0804372a   0x00000002   PAD
    0x0804372c   0x0000000c   Code   RO         6648    i.USBD_CDC_GetDeviceQualifierDescriptor  usbd_cdc.o
    0x08043738   0x0000003c   Code   RO         6649    i.USBD_CDC_GetFSCfgDesc  usbd_cdc.o
    0x08043774   0x00000040   Code   RO         6650    i.USBD_CDC_GetHSCfgDesc  usbd_cdc.o
    0x080437b4   0x0000003c   Code   RO         6651    i.USBD_CDC_GetOtherSpeedCfgDesc  usbd_cdc.o
    0x080437f0   0x00000120   Code   RO         6652    i.USBD_CDC_Init     usbd_cdc.o
    0x08043910   0x00000038   Code   RO         6653    i.USBD_CDC_ReceivePacket  usbd_cdc.o
    0x08043948   0x00000016   Code   RO         6654    i.USBD_CDC_RegisterInterface  usbd_cdc.o
    0x0804395e   0x0000001a   Code   RO         6655    i.USBD_CDC_SetRxBuffer  usbd_cdc.o
    0x08043978   0x0000001e   Code   RO         6656    i.USBD_CDC_SetTxBuffer  usbd_cdc.o
    0x08043996   0x000000d4   Code   RO         6657    i.USBD_CDC_Setup    usbd_cdc.o
    0x08043a6a   0x00000002   PAD
    0x08043a6c   0x00000050   Code   RO         6658    i.USBD_CDC_TransmitPacket  usbd_cdc.o
    0x08043abc   0x00000014   Code   RO         6347    i.USBD_ClrClassConfig  usbd_core.o
    0x08043ad0   0x00000004   Code   RO         6348    i.USBD_CoreFindEP   usbd_core.o
    0x08043ad4   0x00000004   Code   RO         6349    i.USBD_CoreFindIF   usbd_core.o
    0x08043ad8   0x00000010   Code   RO         6584    i.USBD_CtlContinueRx  usbd_ioreq.o
    0x08043ae8   0x00000010   Code   RO         6585    i.USBD_CtlContinueSendData  usbd_ioreq.o
    0x08043af8   0x00000016   Code   RO         6507    i.USBD_CtlError     usbd_ctlreq.o
    0x08043b0e   0x00000022   Code   RO         6586    i.USBD_CtlPrepareRx  usbd_ioreq.o
    0x08043b30   0x00000016   Code   RO         6587    i.USBD_CtlReceiveStatus  usbd_ioreq.o
    0x08043b46   0x0000001c   Code   RO         6588    i.USBD_CtlSendData  usbd_ioreq.o
    0x08043b62   0x00000016   Code   RO         6589    i.USBD_CtlSendStatus  usbd_ioreq.o
    0x08043b78   0x00000020   Code   RO          769    i.USBD_FS_ConfigStrDescriptor  usbd_desc.o
    0x08043b98   0x0000000c   Code   RO          770    i.USBD_FS_DeviceDescriptor  usbd_desc.o
    0x08043ba4   0x00000024   Code   RO          771    i.USBD_FS_InterfaceStrDescriptor  usbd_desc.o
    0x08043bc8   0x0000000c   Code   RO          772    i.USBD_FS_LangIDStrDescriptor  usbd_desc.o
    0x08043bd4   0x00000028   Code   RO          773    i.USBD_FS_ManufacturerStrDescriptor  usbd_desc.o
    0x08043bfc   0x0000002c   Code   RO          774    i.USBD_FS_ProductStrDescriptor  usbd_desc.o
    0x08043c28   0x00000038   Code   RO          775    i.USBD_FS_SerialStrDescriptor  usbd_desc.o
    0x08043c60   0x000000e6   Code   RO         6508    i.USBD_GetDescriptor  usbd_ctlreq.o
    0x08043d46   0x0000003a   Code   RO         6351    i.USBD_GetEpDesc    usbd_core.o
    0x08043d80   0x00000014   Code   RO         6509    i.USBD_GetLen       usbd_ctlreq.o
    0x08043d94   0x0000000e   Code   RO         6352    i.USBD_GetNextDesc  usbd_core.o
    0x08043da2   0x0000004e   Code   RO         6510    i.USBD_GetString    usbd_ctlreq.o
    0x08043df0   0x00000018   Code   RO          934    i.USBD_Get_USB_Status  usbd_conf.o
    0x08043e08   0x00000026   Code   RO         6353    i.USBD_Init         usbd_core.o
    0x08043e2e   0x00000012   Code   RO          935    i.USBD_LL_ClearStallEP  usbd_conf.o
    0x08043e40   0x00000012   Code   RO          936    i.USBD_LL_CloseEP   usbd_conf.o
    0x08043e52   0x000000b8   Code   RO         6354    i.USBD_LL_DataInStage  usbd_core.o
    0x08043f0a   0x00000094   Code   RO         6355    i.USBD_LL_DataOutStage  usbd_core.o
    0x08043f9e   0x00000004   Code   RO         6356    i.USBD_LL_DevConnected  usbd_core.o
    0x08043fa2   0x0000001e   Code   RO         6357    i.USBD_LL_DevDisconnected  usbd_core.o
    0x08043fc0   0x00000008   Code   RO          940    i.USBD_LL_GetRxDataSize  usbd_conf.o
    0x08043fc8   0x00000060   Code   RO          941    i.USBD_LL_Init      usbd_conf.o
    0x08044028   0x0000001e   Code   RO          942    i.USBD_LL_IsStallEP  usbd_conf.o
    0x08044046   0x00000028   Code   RO         6358    i.USBD_LL_IsoINIncomplete  usbd_core.o
    0x0804406e   0x00000028   Code   RO         6359    i.USBD_LL_IsoOUTIncomplete  usbd_core.o
    0x08044096   0x00000018   Code   RO          943    i.USBD_LL_OpenEP    usbd_conf.o
    0x080440ae   0x00000012   Code   RO          944    i.USBD_LL_PrepareReceive  usbd_conf.o
    0x080440c0   0x0000005e   Code   RO         6360    i.USBD_LL_Reset     usbd_core.o
    0x0804411e   0x00000014   Code   RO         6361    i.USBD_LL_Resume    usbd_core.o
    0x08044132   0x0000001a   Code   RO         6362    i.USBD_LL_SOF       usbd_core.o
    0x0804414c   0x00000006   Code   RO         6363    i.USBD_LL_SetSpeed  usbd_core.o
    0x08044152   0x00000012   Code   RO          945    i.USBD_LL_SetUSBAddress  usbd_conf.o
    0x08044164   0x00000060   Code   RO         6364    i.USBD_LL_SetupStage  usbd_core.o
    0x080441c4   0x00000012   Code   RO          946    i.USBD_LL_StallEP   usbd_conf.o
    0x080441d6   0x00000012   Code   RO          947    i.USBD_LL_Start     usbd_conf.o
    0x080441e8   0x0000001a   Code   RO         6365    i.USBD_LL_Suspend   usbd_core.o
    0x08044202   0x00000012   Code   RO          949    i.USBD_LL_Transmit  usbd_conf.o
    0x08044214   0x0000002c   Code   RO         6511    i.USBD_ParseSetupRequest  usbd_ctlreq.o
    0x08044240   0x0000003a   Code   RO         6366    i.USBD_RegisterClass  usbd_core.o
    0x0804427a   0x00000014   Code   RO         6368    i.USBD_SetClassConfig  usbd_core.o
    0x0804428e   0x00000002   PAD
    0x08044290   0x000000b8   Code   RO         6512    i.USBD_SetConfig    usbd_ctlreq.o
    0x08044348   0x00000004   Code   RO         6369    i.USBD_Start        usbd_core.o
    0x0804434c   0x0000012c   Code   RO         6513    i.USBD_StdDevReq    usbd_ctlreq.o
    0x08044478   0x00000166   Code   RO         6514    i.USBD_StdEPReq     usbd_ctlreq.o
    0x080445de   0x00000072   Code   RO         6515    i.USBD_StdItfReq    usbd_ctlreq.o
    0x08044650   0x00000002   Code   RO          950    i.USBD_static_free  usbd_conf.o
    0x08044652   0x00000002   PAD
    0x08044654   0x00000008   Code   RO          951    i.USBD_static_malloc  usbd_conf.o
    0x0804465c   0x00000080   Code   RO         2382    i.USB_ActivateEndpoint  stm32f4xx_ll_usb.o
    0x080446dc   0x0000001c   Code   RO         2384    i.USB_ActivateSetup  stm32f4xx_ll_usb.o
    0x080446f8   0x00000084   Code   RO         2386    i.USB_CoreInit      stm32f4xx_ll_usb.o
    0x0804477c   0x00000044   Code   RO         2387    i.USB_CoreReset     stm32f4xx_ll_usb.o
    0x080447c0   0x000000cc   Code   RO         2390    i.USB_DeactivateEndpoint  stm32f4xx_ll_usb.o
    0x0804488c   0x0000001c   Code   RO         2391    i.USB_DevConnect    stm32f4xx_ll_usb.o
    0x080448a8   0x0000001c   Code   RO         2392    i.USB_DevDisconnect  stm32f4xx_ll_usb.o
    0x080448c4   0x0000017c   Code   RO         2393    i.USB_DevInit       stm32f4xx_ll_usb.o
    0x08044a40   0x0000000c   Code   RO         2394    i.USB_DisableGlobalInt  stm32f4xx_ll_usb.o
    0x08044a4c   0x00000058   Code   RO         2397    i.USB_EP0_OutStart  stm32f4xx_ll_usb.o
    0x08044aa4   0x00000058   Code   RO         2398    i.USB_EPClearStall  stm32f4xx_ll_usb.o
    0x08044afc   0x00000058   Code   RO         2399    i.USB_EPSetStall    stm32f4xx_ll_usb.o
    0x08044b54   0x00000238   Code   RO         2400    i.USB_EPStartXfer   stm32f4xx_ll_usb.o
    0x08044d8c   0x0000009e   Code   RO         2401    i.USB_EPStopXfer    stm32f4xx_ll_usb.o
    0x08044e2a   0x0000000c   Code   RO         2402    i.USB_EnableGlobalInt  stm32f4xx_ll_usb.o
    0x08044e36   0x00000038   Code   RO         2403    i.USB_FlushRxFifo   stm32f4xx_ll_usb.o
    0x08044e6e   0x0000003c   Code   RO         2404    i.USB_FlushTxFifo   stm32f4xx_ll_usb.o
    0x08044eaa   0x0000001a   Code   RO         2406    i.USB_GetDevSpeed   stm32f4xx_ll_usb.o
    0x08044ec4   0x00000008   Code   RO         2408    i.USB_GetMode       stm32f4xx_ll_usb.o
    0x08044ecc   0x0000000e   Code   RO         2416    i.USB_ReadDevAllInEpInterrupt  stm32f4xx_ll_usb.o
    0x08044eda   0x0000000e   Code   RO         2417    i.USB_ReadDevAllOutEpInterrupt  stm32f4xx_ll_usb.o
    0x08044ee8   0x00000024   Code   RO         2418    i.USB_ReadDevInEPInterrupt  stm32f4xx_ll_usb.o
    0x08044f0c   0x00000010   Code   RO         2419    i.USB_ReadDevOutEPInterrupt  stm32f4xx_ll_usb.o
    0x08044f1c   0x00000008   Code   RO         2420    i.USB_ReadInterrupts  stm32f4xx_ll_usb.o
    0x08044f24   0x0000003e   Code   RO         2421    i.USB_ReadPacket    stm32f4xx_ll_usb.o
    0x08044f62   0x0000005c   Code   RO         2423    i.USB_SetCurrentMode  stm32f4xx_ll_usb.o
    0x08044fbe   0x00000022   Code   RO         2424    i.USB_SetDevAddress  stm32f4xx_ll_usb.o
    0x08044fe0   0x000000e8   Code   RO         2426    i.USB_SetTurnaroundTime  stm32f4xx_ll_usb.o
    0x080450c8   0x00000028   Code   RO         2429    i.USB_WritePacket   stm32f4xx_ll_usb.o
    0x080450f0   0x00000002   Code   RO          611    i.UsageFault_Handler  stm32f4xx_it.o
    0x080450f2   0x00000020   Code   RO         3446    i.__NVIC_SetPriority  stm32f4xx_hal_cortex.o
    0x08045112   0x0000000e   Code   RO         6794    i._is_digit         c_w.l(__printf_wp.o)
    0x08045120   0x00000058   Code   RO          313    i.main              main.o
    0x08045178   0x0000001a   Code   RO         5701    i.osDelay           cmsis_os2.o
    0x08045192   0x00000002   PAD
    0x08045194   0x00000024   Code   RO         5715    i.osKernelInitialize  cmsis_os2.o
    0x080451b8   0x00000038   Code   RO         5718    i.osKernelStart     cmsis_os2.o
    0x080451f0   0x0000008a   Code   RO         5760    i.osThreadNew       cmsis_os2.o
    0x0804527a   0x00000002   PAD
    0x0804527c   0x00000048   Code   RO           27    i.print_uint32_with_label  app_base.o
    0x080452c4   0x0000005c   Code   RO         5160    i.prvAddCurrentTaskToDelayedList  tasks.o
    0x08045320   0x000000d0   Code   RO         5161    i.prvAddNewTaskToReadyList  tasks.o
    0x080453f0   0x00000058   Code   RO         5525    i.prvCheckForValidListAndQueue  timers.o
    0x08045448   0x00000026   Code   RO         4757    i.prvCopyDataFromQueue  queue.o
    0x0804546e   0x0000006c   Code   RO         4758    i.prvCopyDataToQueue  queue.o
    0x080454da   0x00000034   Code   RO         5162    i.prvDeleteTCB      tasks.o
    0x0804550e   0x00000002   PAD
    0x08045510   0x0000004c   Code   RO         6212    i.prvHeapInit       heap_4.o
    0x0804555c   0x00000060   Code   RO         5163    i.prvIdleTask       tasks.o
    0x080455bc   0x00000022   Code   RO         4760    i.prvInitialiseNewQueue  queue.o
    0x080455de   0x00000002   PAD
    0x080455e0   0x000000b0   Code   RO         5164    i.prvInitialiseNewTask  tasks.o
    0x08045690   0x0000004c   Code   RO         6213    i.prvInsertBlockIntoFreeList  heap_4.o
    0x080456dc   0x00000038   Code   RO         5527    i.prvInsertTimerInActiveList  timers.o
    0x08045714   0x0000001c   Code   RO         4761    i.prvIsQueueEmpty   queue.o
    0x08045730   0x000000fc   Code   RO         5528    i.prvProcessReceivedCommands  timers.o
    0x0804582c   0x000000c0   Code   RO         5529    i.prvProcessTimerOrBlockTask  timers.o
    0x080458ec   0x00000020   Code   RO         5166    i.prvResetNextTaskUnblockTime  tasks.o
    0x0804590c   0x00000028   Code   RO         5530    i.prvSampleTimeNow  timers.o
    0x08045934   0x0000006c   Code   RO         5531    i.prvSwitchTimerLists  timers.o
    0x080459a0   0x00000028   Code   RO         6268    i.prvTaskExitError  port.o
    0x080459c8   0x00000024   Code   RO         5532    i.prvTimerTask      timers.o
    0x080459ec   0x0000006a   Code   RO         4762    i.prvUnlockQueue    queue.o
    0x08045a56   0x00000002   PAD
    0x08045a58   0x000000dc   Code   RO         6214    i.pvPortMalloc      heap_4.o
    0x08045b34   0x0000002c   Code   RO         6269    i.pxPortInitialiseStack  port.o
    0x08045b60   0x00000026   Code   RO         4717    i.uxListRemove      list.o
    0x08045b86   0x00000002   PAD
    0x08045b88   0x00000014   Code   RO         5772    i.vApplicationGetIdleTaskMemory  cmsis_os2.o
    0x08045b9c   0x00000018   Code   RO         5773    i.vApplicationGetTimerTaskMemory  cmsis_os2.o
    0x08045bb4   0x00000016   Code   RO         4718    i.vListInitialise   list.o
    0x08045bca   0x00000006   Code   RO         4719    i.vListInitialiseItem  list.o
    0x08045bd0   0x00000030   Code   RO         4720    i.vListInsert       list.o
    0x08045c00   0x00000018   Code   RO         4721    i.vListInsertEnd    list.o
    0x08045c18   0x00000040   Code   RO         6271    i.vPortEnterCritical  port.o
    0x08045c58   0x00000028   Code   RO         6272    i.vPortExitCritical  port.o
    0x08045c80   0x00000064   Code   RO         6215    i.vPortFree         heap_4.o
    0x08045ce4   0x00000024   Code   RO         6273    i.vPortSetupTimerInterrupt  port.o
    0x08045d08   0x00000054   Code   RO         6274    i.vPortValidateInterruptPriority  port.o
    0x08045d5c   0x00000028   Code   RO         4768    i.vQueueAddToRegistry  queue.o
    0x08045d84   0x00000044   Code   RO         4772    i.vQueueWaitForMessageRestricted  queue.o
    0x08045dc8   0x0000004c   Code   RO         5179    i.vTaskDelay        tasks.o
    0x08045e14   0x00000010   Code   RO         5184    i.vTaskInternalSetTimeOutState  tasks.o
    0x08045e24   0x0000000c   Code   RO         5185    i.vTaskMissedYield  tasks.o
    0x08045e30   0x00000030   Code   RO         5187    i.vTaskPlaceOnEventList  tasks.o
    0x08045e60   0x00000038   Code   RO         5188    i.vTaskPlaceOnEventListRestricted  tasks.o
    0x08045e98   0x00000088   Code   RO         5196    i.vTaskStartScheduler  tasks.o
    0x08045f20   0x00000010   Code   RO         5198    i.vTaskSuspendAll   tasks.o
    0x08045f30   0x00000064   Code   RO         5199    i.vTaskSwitchContext  tasks.o
    0x08045f94   0x000000f4   Code   RO         6275    i.xPortStartScheduler  port.o
    0x08046088   0x0000002c   Code   RO         6276    i.xPortSysTickHandler  port.o
    0x080460b4   0x00000066   Code   RO         4778    i.xQueueGenericCreateStatic  queue.o
    0x0804611a   0x00000002   PAD
    0x0804611c   0x00000088   Code   RO         4779    i.xQueueGenericReset  queue.o
    0x080461a4   0x00000160   Code   RO         4780    i.xQueueGenericSend  queue.o
    0x08046304   0x000000be   Code   RO         4781    i.xQueueGenericSendFromISR  queue.o
    0x080463c2   0x00000002   PAD
    0x080463c4   0x00000138   Code   RO         4790    i.xQueueReceive     queue.o
    0x080464fc   0x00000074   Code   RO         5201    i.xTaskCheckForTimeOut  tasks.o
    0x08046570   0x0000005a   Code   RO         5202    i.xTaskCreate       tasks.o
    0x080465ca   0x00000056   Code   RO         5203    i.xTaskCreateStatic  tasks.o
    0x08046620   0x0000001c   Code   RO         5207    i.xTaskGetSchedulerState  tasks.o
    0x0804663c   0x0000000c   Code   RO         5208    i.xTaskGetTickCount  tasks.o
    0x08046648   0x000000c8   Code   RO         5210    i.xTaskIncrementTick  tasks.o
    0x08046710   0x00000080   Code   RO         5213    i.xTaskPriorityDisinherit  tasks.o
    0x08046790   0x00000070   Code   RO         5215    i.xTaskRemoveFromEventList  tasks.o
    0x08046800   0x000000c4   Code   RO         5216    i.xTaskResumeAll    tasks.o
    0x080468c4   0x00000060   Code   RO         5541    i.xTimerCreateTimerTask  timers.o
    0x08046924   0x00000068   Code   RO         5542    i.xTimerGenericCommand  timers.o
    0x0804698c   0x0000000a   Code   RO         6942    x$fpl$fpinit        fz_wm.l(fpinit.o)
    0x08046996   0x00000002   PAD
    0x08046998   0x00000060   Data   RO           28    .constdata          app_base.o
    0x080469f8   0x0000006c   Data   RO          402    .constdata          freertos.o
    0x08046a64   0x00000010   Data   RO         4553    .constdata          system_stm32f4xx.o
    0x08046a74   0x00000008   Data   RO         4554    .constdata          system_stm32f4xx.o
    0x08046a7c   0x00000028   Data   RO         6767    .constdata          c_w.l(_printf_hex_int.o)
    0x08046aa4   0x00000011   Data   RO         6802    .constdata          c_w.l(__printf_flags_ss_wp.o)
    0x08046ab5   0x00000003   PAD
    0x08046ab8   0x0000002c   Data   RO          403    .conststring        freertos.o
    0x08046ae4   0x00000020   Data   RO         6998    Region$$Table       anon$$obj.o


    Execution Region RW_IRAM1 (Base: 0x20000000, Size: 0x00006e20, Max: 0x0001c000, ABSOLUTE, COMPRESSED[0x000000d0])

    Base Addr    Size         Type   Attr      Idx    E Section Name        Object

    0x20000000   0x00000006   Data   RW           29    .data               app_base.o
    0x20000006   0x00000002   PAD
    0x20000008   0x00000014   Data   RW           30    .data               app_base.o
    0x2000001c   0x0000000c   Data   RW          404    .data               freertos.o
    0x20000028   0x0000001c   Data   RW          777    .data               usbd_desc.o
    0x20000044   0x00000032   Data   RW          778    .data               usbd_desc.o
    0x20000076   0x00000002   PAD
    0x20000078   0x00000014   Data   RW          861    .data               usbd_cdc_if.o
    0x2000008c   0x00000020   Data   RW         2859    .data               stm32f4xx_hal_flash.o
    0x200000ac   0x0000000c   Data   RW         3605    .data               stm32f4xx_hal.o
    0x200000b8   0x00000004   Data   RW         4555    .data               system_stm32f4xx.o
    0x200000bc   0x0000003c   Data   RW         5219    .data               tasks.o
    0x200000f8   0x00000014   Data   RW         5550    .data               timers.o
    0x2000010c   0x00000004   Data   RW         5775    .data               cmsis_os2.o
    0x20000110   0x00000020   Data   RW         6221    .data               heap_4.o
    0x20000130   0x0000000c   Data   RW         6277    .data               port.o
    0x2000013c   0x00000001   Data   RW         6516    .data               usbd_ctlreq.o
    0x2000013d   0x00000003   PAD
    0x20000140   0x00000053   Data   RW         6659    .data               usbd_cdc.o
    0x20000193   0x00000001   PAD
    0x20000194   0x00000038   Data   RW         6660    .data               usbd_cdc.o
    0x200001cc   0x0000000c   Zero   RW          449    .bss                iwdg.o
    0x200001d8   0x00000058   Zero   RW          481    .bss                spi.o
    0x20000230   0x00000048   Zero   RW          523    .bss                tim.o
    0x20000278   0x00000048   Zero   RW          565    .bss                usart.o
    0x200002c0   0x00000048   Zero   RW          701    .bss                stm32f4xx_hal_timebase_tim.o
    0x20000308   0x000002dc   Zero   RW          738    .bss                usb_device.o
    0x200005e4   0x00000200   Zero   RW          776    .bss                usbd_desc.o
    0x200007e4   0x00001000   Zero   RW          860    .bss                usbd_cdc_if.o
    0x200017e4   0x00000704   Zero   RW          952    .bss                usbd_conf.o
    0x20001ee8   0x00000040   Zero   RW         4794    .bss                queue.o
    0x20001f28   0x000004c4   Zero   RW         5218    .bss                tasks.o
    0x200023ec   0x00000118   Zero   RW         5549    .bss                timers.o
    0x20002504   0x000006b8   Zero   RW         5774    .bss                cmsis_os2.o
    0x20002bbc   0x00003c00   Zero   RW         6220    .bss                heap_4.o
    0x200067bc   0x00000060   Zero   RW         6872    .bss                c_w.l(libspace.o)
    0x2000681c   0x00000004   PAD
    0x20006820   0x00000200   Zero   RW            2    HEAP                startup_stm32f407xx.o
    0x20006a20   0x00000400   Zero   RW            1    STACK               startup_stm32f407xx.o


    Execution Region RW_IRAM2 (Base: 0x2001c000, Size: 0x00000000, Max: 0x00004000, ABSOLUTE)

    **** No section assigned to this execution region ****


==============================================================================

Image component sizes


      Code (inc. data)   RO Data    RW Data    ZI Data      Debug   Object Name

      1770        298         96         26          0     749328   app_base.o
       326         22          0          4       1720      65331   cmsis_os2.o
         0          0          0          0          0      19504   event_groups.o
       124         26        152         12          0       2520   freertos.o
       132         14          0          0          0        955   gpio.o
       472         24          0         32      15360       4935   heap_4.o
        44          8          0          0         12        747   iwdg.o
       138          0          0          0          0       3614   list.o
       268         28          0          0          0       2857   main.o
       786         82          0         12          0      11653   port.o
      1514         20          0          0         64      17580   queue.o
       176         22          0          0         88       1737   spi.o
        64         26        392          0       1536        856   startup_stm32f407xx.o
       116         18          0         12          0       8802   stm32f4xx_hal.o
       158         14          0          0          0      33094   stm32f4xx_hal_cortex.o
       532         72          0         32          0       7299   stm32f4xx_hal_flash.o
       356         24          0          0          0       4058   stm32f4xx_hal_flash_ex.o
       506         46          0          0          0       2228   stm32f4xx_hal_gpio.o
        94          0          0          0          0       1340   stm32f4xx_hal_iwdg.o
        56          4          0          0          0        890   stm32f4xx_hal_msp.o
      2576         12          0          0          0      13732   stm32f4xx_hal_pcd.o
        78          0          0          0          0       2449   stm32f4xx_hal_pcd_ex.o
      1420         88          0          0          0       6493   stm32f4xx_hal_rcc.o
       188          0          0          0          0       1239   stm32f4xx_hal_spi.o
       738         72          0          0          0       7061   stm32f4xx_hal_tim.o
         4          0          0          0          0       1665   stm32f4xx_hal_tim_ex.o
       152         20          0          0         72       1515   stm32f4xx_hal_timebase_tim.o
       720         10          0          0          0       4928   stm32f4xx_hal_uart.o
        36         12          0          0          0       3815   stm32f4xx_it.o
      2708        116          0          0          0      23628   stm32f4xx_ll_usb.o
         0          0          0          0          0        384   stream_buffer.o
        16          4         24          4          0       1163   system_stm32f4xx.o
      2084        168          0         60       1220      27208   tasks.o
        92         18          0          0         72       1608   tim.o
       972         80          0         20        280      32319   timers.o
       164         22          0          0         72       1758   usart.o
        84         18          0          0        732        836   usb_device.o
      1290         38          0        139          0      14617   usbd_cdc.o
       148         34          0         20       4096       4091   usbd_cdc_if.o
       642         24          0          0       1796      17156   usbd_conf.o
       934          0          0          0          0      15639   usbd_core.o
      1360         28          0          1          0      15476   usbd_ctlreq.o
       288        104          0         78        512       6305   usbd_desc.o
       138          0          0          0          0       4616   usbd_ioreq.o

    ----------------------------------------------------------------------
     24522       1616        696        460      27632    1149029   Object Totals
         0          0         32          0          0          0   (incl. Generated)
        58          0          0          8          0          0   (incl. Padding)

    ----------------------------------------------------------------------

      Code (inc. data)   RO Data    RW Data    ZI Data      Debug   Library Member Name

        44          6          0          0          0         84   __2sprintf.o
        90          0          0          0          0          0   __dczerorl2.o
         8          0          0          0          0         68   __main.o
       392          4         17          0          0         92   __printf_flags_ss_wp.o
        14          0          0          0          0         68   __printf_wp.o
         0          0          0          0          0          0   __rtentry.o
        12          0          0          0          0          0   __rtentry2.o
         6          0          0          0          0          0   __rtentry4.o
        52          8          0          0          0          0   __scatter.o
        28          0          0          0          0          0   __scatter_zi.o
        44          0          0          0          0        108   _printf_char.o
        48          6          0          0          0         96   _printf_char_common.o
       120         16          0          0          0         92   _printf_dec.o
        88          4         40          0          0         88   _printf_hex_int.o
       178          0          0          0          0         88   _printf_intcommon.o
        78          0          0          0          0        108   _printf_pad.o
         0          0          0          0          0          0   _printf_percent.o
         4          0          0          0          0          0   _printf_percent_end.o
         6          0          0          0          0          0   _printf_s.o
        82          0          0          0          0         80   _printf_str.o
         6          0          0          0          0          0   _printf_u.o
         6          0          0          0          0          0   _printf_x.o
        10          0          0          0          0         68   _sputc.o
        16          0          0          0          0         68   aeabi_memset.o
        18          0          0          0          0         80   exit.o
         6          0          0          0          0        152   heapauxi.o
         0          0          0          0          0          0   indicate_semi.o
         2          0          0          0          0          0   libinit.o
         6          0          0          0          0          0   libinit2.o
         2          0          0          0          0          0   libshutdown.o
         2          0          0          0          0          0   libshutdown2.o
         8          4          0          0         96         68   libspace.o
       238          0          0          0          0        100   lludivv7m.o
        68          0          0          0          0         68   rt_memclr.o
        78          0          0          0          0         80   rt_memclr_w.o
       138          0          0          0          0         68   rt_memcpy_v6.o
       100          0          0          0          0         80   rt_memcpy_w.o
         2          0          0          0          0          0   rtexit.o
        10          0          0          0          0          0   rtexit2.o
        12          4          0          0          0         68   sys_exit.o
        74          0          0          0          0         80   sys_stackheap_outer.o
         2          0          0          0          0         68   use_no_semi.o
        10          0          0          0          0        116   fpinit.o

    ----------------------------------------------------------------------
      2118         52         60          0        100       2136   Library Totals
        10          0          3          0          4          0   (incl. Padding)

    ----------------------------------------------------------------------

      Code (inc. data)   RO Data    RW Data    ZI Data      Debug   Library Name

      2098         52         57          0         96       2020   c_w.l
        10          0          0          0          0        116   fz_wm.l

    ----------------------------------------------------------------------
      2118         52         60          0        100       2136   Library Totals

    ----------------------------------------------------------------------

==============================================================================


      Code (inc. data)   RO Data    RW Data    ZI Data      Debug   

     26640       1668        756        460      27732    1121525   Grand Totals
     26640       1668        756        208      27732    1121525   ELF Image Totals (compressed)
     26640       1668        756        208          0          0   ROM Totals

==============================================================================

    Total RO  Size (Code + RO Data)                27396 (  26.75kB)
    Total RW  Size (RW Data + ZI Data)             28192 (  27.53kB)
    Total ROM Size (Code + RO Data + RW Data)      27604 (  26.96kB)

==============================================================================

